<?xml version="1.0"?>
<link_info>
   <banner>MSP430 Linker PC v4.1.9</banner>
   <copyright>Copyright (c) 2003-2014 Texas Instruments Incorporated</copyright>
   <link_time>0x612e2c69</link_time>
   <output_file>Lab6-5-2 WAV_Play_8b_8k.out</output_file>
   <entry_point>
      <name>_c_int00</name>
      <address>0x6dc2</address>
   </entry_point>
   <input_file_list>
      <input_file id="fl-2">
         <path>.\</path>
         <kind>object</kind>
         <file>AD.obj</file>
         <name>AD.obj</name>
      </input_file>
      <input_file id="fl-3">
         <path>.\</path>
         <kind>object</kind>
         <file>DAC7571.obj</file>
         <name>DAC7571.obj</name>
      </input_file>
      <input_file id="fl-4">
         <path>.\</path>
         <kind>object</kind>
         <file>IIC.obj</file>
         <name>IIC.obj</name>
      </input_file>
      <input_file id="fl-5">
         <path>.\</path>
         <kind>object</kind>
         <file>LEDboard.obj</file>
         <name>LEDboard.obj</name>
      </input_file>
      <input_file id="fl-6">
         <path>.\</path>
         <kind>object</kind>
         <file>Paper_Display.obj</file>
         <name>Paper_Display.obj</name>
      </input_file>
      <input_file id="fl-7">
         <path>.\</path>
         <kind>object</kind>
         <file>dr_TFT.obj</file>
         <name>dr_TFT.obj</name>
      </input_file>
      <input_file id="fl-8">
         <path>.\</path>
         <kind>object</kind>
         <file>main.obj</file>
         <name>main.obj</name>
      </input_file>
      <input_file id="fl-9">
         <path>.\</path>
         <kind>object</kind>
         <file>task.obj</file>
         <name>task.obj</name>
      </input_file>
      <input_file id="fl-a">
         <path>.\</path>
         <kind>object</kind>
         <file>ucs.obj</file>
         <name>ucs.obj</name>
      </input_file>
      <input_file id="fl-b">
         <path>.\dr_sdcard\</path>
         <kind>object</kind>
         <file>HAL_SDCard.obj</file>
         <name>HAL_SDCard.obj</name>
      </input_file>
      <input_file id="fl-c">
         <path>.\dr_sdcard\</path>
         <kind>object</kind>
         <file>ff.obj</file>
         <name>ff.obj</name>
      </input_file>
      <input_file id="fl-d">
         <path>.\dr_sdcard\</path>
         <kind>object</kind>
         <file>mmc.obj</file>
         <name>mmc.obj</name>
      </input_file>
      <input_file id="fl-3c">
         <path>C:\ti\ccs1040\ccs\tools\compiler\msp430_4.1.9\lib\</path>
         <kind>archive</kind>
         <file>rts430_eabi.lib</file>
         <name>asr16.obj</name>
      </input_file>
      <input_file id="fl-3d">
         <path>C:\ti\ccs1040\ccs\tools\compiler\msp430_4.1.9\lib\</path>
         <kind>archive</kind>
         <file>rts430_eabi.lib</file>
         <name>boot.obj</name>
      </input_file>
      <input_file id="fl-3e">
         <path>C:\ti\ccs1040\ccs\tools\compiler\msp430_4.1.9\lib\</path>
         <kind>archive</kind>
         <file>rts430_eabi.lib</file>
         <name>copy_decompress_none.obj</name>
      </input_file>
      <input_file id="fl-3f">
         <path>C:\ti\ccs1040\ccs\tools\compiler\msp430_4.1.9\lib\</path>
         <kind>archive</kind>
         <file>rts430_eabi.lib</file>
         <name>copy_decompress_rle.obj</name>
      </input_file>
      <input_file id="fl-40">
         <path>C:\ti\ccs1040\ccs\tools\compiler\msp430_4.1.9\lib\</path>
         <kind>archive</kind>
         <file>rts430_eabi.lib</file>
         <name>copy_zero_init.obj</name>
      </input_file>
      <input_file id="fl-41">
         <path>C:\ti\ccs1040\ccs\tools\compiler\msp430_4.1.9\lib\</path>
         <kind>archive</kind>
         <file>rts430_eabi.lib</file>
         <name>div16s.obj</name>
      </input_file>
      <input_file id="fl-42">
         <path>C:\ti\ccs1040\ccs\tools\compiler\msp430_4.1.9\lib\</path>
         <kind>archive</kind>
         <file>rts430_eabi.lib</file>
         <name>div16u.obj</name>
      </input_file>
      <input_file id="fl-43">
         <path>C:\ti\ccs1040\ccs\tools\compiler\msp430_4.1.9\lib\</path>
         <kind>archive</kind>
         <file>rts430_eabi.lib</file>
         <name>div32s.obj</name>
      </input_file>
      <input_file id="fl-44">
         <path>C:\ti\ccs1040\ccs\tools\compiler\msp430_4.1.9\lib\</path>
         <kind>archive</kind>
         <file>rts430_eabi.lib</file>
         <name>div32u.obj</name>
      </input_file>
      <input_file id="fl-45">
         <path>C:\ti\ccs1040\ccs\tools\compiler\msp430_4.1.9\lib\</path>
         <kind>archive</kind>
         <file>rts430_eabi.lib</file>
         <name>epilog.obj</name>
      </input_file>
      <input_file id="fl-46">
         <path>C:\ti\ccs1040\ccs\tools\compiler\msp430_4.1.9\lib\</path>
         <kind>archive</kind>
         <file>rts430_eabi.lib</file>
         <name>exit.obj</name>
      </input_file>
      <input_file id="fl-47">
         <path>C:\ti\ccs1040\ccs\tools\compiler\msp430_4.1.9\lib\</path>
         <kind>archive</kind>
         <file>rts430_eabi.lib</file>
         <name>fs_cmp.obj</name>
      </input_file>
      <input_file id="fl-48">
         <path>C:\ti\ccs1040\ccs\tools\compiler\msp430_4.1.9\lib\</path>
         <kind>archive</kind>
         <file>rts430_eabi.lib</file>
         <name>fs_utof.obj</name>
      </input_file>
      <input_file id="fl-49">
         <path>C:\ti\ccs1040\ccs\tools\compiler\msp430_4.1.9\lib\</path>
         <kind>archive</kind>
         <file>rts430_eabi.lib</file>
         <name>lsl16.obj</name>
      </input_file>
      <input_file id="fl-4a">
         <path>C:\ti\ccs1040\ccs\tools\compiler\msp430_4.1.9\lib\</path>
         <kind>archive</kind>
         <file>rts430_eabi.lib</file>
         <name>lsl32.obj</name>
      </input_file>
      <input_file id="fl-4b">
         <path>C:\ti\ccs1040\ccs\tools\compiler\msp430_4.1.9\lib\</path>
         <kind>archive</kind>
         <file>rts430_eabi.lib</file>
         <name>lsr16.obj</name>
      </input_file>
      <input_file id="fl-4c">
         <path>C:\ti\ccs1040\ccs\tools\compiler\msp430_4.1.9\lib\</path>
         <kind>archive</kind>
         <file>rts430_eabi.lib</file>
         <name>lsr32.obj</name>
      </input_file>
      <input_file id="fl-4d">
         <path>C:\ti\ccs1040\ccs\tools\compiler\msp430_4.1.9\lib\</path>
         <kind>archive</kind>
         <file>rts430_eabi.lib</file>
         <name>memcpy.obj</name>
      </input_file>
      <input_file id="fl-4e">
         <path>C:\ti\ccs1040\ccs\tools\compiler\msp430_4.1.9\lib\</path>
         <kind>archive</kind>
         <file>rts430_eabi.lib</file>
         <name>memset.obj</name>
      </input_file>
      <input_file id="fl-4f">
         <path>C:\ti\ccs1040\ccs\tools\compiler\msp430_4.1.9\lib\</path>
         <kind>archive</kind>
         <file>rts430_eabi.lib</file>
         <name>mult16_f5hw.obj</name>
      </input_file>
      <input_file id="fl-50">
         <path>C:\ti\ccs1040\ccs\tools\compiler\msp430_4.1.9\lib\</path>
         <kind>archive</kind>
         <file>rts430_eabi.lib</file>
         <name>mult32_f5hw.obj</name>
      </input_file>
      <input_file id="fl-51">
         <path>C:\ti\ccs1040\ccs\tools\compiler\msp430_4.1.9\lib\</path>
         <kind>archive</kind>
         <file>rts430_eabi.lib</file>
         <name>pre_init.obj</name>
      </input_file>
      <input_file id="fl-52">
         <path>C:\ti\ccs1040\ccs\tools\compiler\msp430_4.1.9\lib\</path>
         <kind>archive</kind>
         <file>rts430_eabi.lib</file>
         <name>strstr.obj</name>
      </input_file>
      <input_file id="fl-53">
         <path>C:\ti\ccs1040\ccs\tools\compiler\msp430_4.1.9\lib\</path>
         <kind>archive</kind>
         <file>rts430_eabi.lib</file>
         <name>_lock.obj</name>
      </input_file>
      <input_file id="fl-54">
         <path>C:\ti\ccs1040\ccs\tools\compiler\msp430_4.1.9\lib\</path>
         <kind>archive</kind>
         <file>rts430_eabi.lib</file>
         <name>args_main.obj</name>
      </input_file>
      <input_file id="fl-55">
         <path>C:\ti\ccs1040\ccs\tools\compiler\msp430_4.1.9\lib\</path>
         <kind>archive</kind>
         <file>rts430_eabi.lib</file>
         <name>autoinit.obj</name>
      </input_file>
   </input_file_list>
   <object_component_list>
      <object_component id="oc-8c">
         <name>.stack</name>
         <uninitialized>true</uninitialized>
         <run_address>0x4360</run_address>
         <size>0x2</size>
         <input_file_ref idref="fl-3d"/>
      </object_component>
      <object_component id="oc-42a">
         <name>.stack</name>
         <uninitialized>true</uninitialized>
         <run_address>0x4360</run_address>
         <size>0x0</size>
      </object_component>
      <object_component id="oc-1d3">
         <name>.text:chk_mounted</name>
         <load_address>0x4400</load_address>
         <run_address>0x4400</run_address>
         <size>0x4a4</size>
         <input_file_ref idref="fl-c"/>
      </object_component>
      <object_component id="oc-99">
         <name>.text:main</name>
         <load_address>0x48a4</load_address>
         <run_address>0x48a4</run_address>
         <size>0x23e</size>
         <input_file_ref idref="fl-8"/>
      </object_component>
      <object_component id="oc-85">
         <name>.text:TIMER0_A1_ISR</name>
         <load_address>0x4ae2</load_address>
         <run_address>0x4ae2</run_address>
         <size>0x21e</size>
         <input_file_ref idref="fl-8"/>
      </object_component>
      <object_component id="oc-151">
         <name>.text:f_open</name>
         <load_address>0x4d00</load_address>
         <run_address>0x4d00</run_address>
         <size>0x208</size>
         <input_file_ref idref="fl-c"/>
      </object_component>
      <object_component id="oc-15d">
         <name>.text:f_read</name>
         <load_address>0x4f08</load_address>
         <run_address>0x4f08</run_address>
         <size>0x1f4</size>
         <input_file_ref idref="fl-c"/>
      </object_component>
      <object_component id="oc-1fb">
         <name>.text:dir_next</name>
         <load_address>0x50fc</load_address>
         <run_address>0x50fc</run_address>
         <size>0x182</size>
         <input_file_ref idref="fl-c"/>
      </object_component>
      <object_component id="oc-2ef">
         <name>.text:put_fat</name>
         <load_address>0x527e</load_address>
         <run_address>0x527e</run_address>
         <size>0x17a</size>
         <input_file_ref idref="fl-c"/>
      </object_component>
      <object_component id="oc-2c8">
         <name>.text:create_name</name>
         <load_address>0x53f8</load_address>
         <run_address>0x53f8</run_address>
         <size>0x176</size>
         <input_file_ref idref="fl-c"/>
      </object_component>
      <object_component id="oc-2ae">
         <name>.text:disk_initialize</name>
         <load_address>0x556e</load_address>
         <run_address>0x556e</run_address>
         <size>0x14a</size>
         <input_file_ref idref="fl-d"/>
      </object_component>
      <object_component id="oc-22c">
         <name>.text:get_fat</name>
         <load_address>0x56b8</load_address>
         <run_address>0x56b8</run_address>
         <size>0x13c</size>
         <input_file_ref idref="fl-c"/>
      </object_component>
      <object_component id="oc-2e0">
         <name>.text:create_chain</name>
         <load_address>0x57f4</load_address>
         <run_address>0x57f4</run_address>
         <size>0x12c</size>
         <input_file_ref idref="fl-c"/>
      </object_component>
      <object_component id="oc-1df">
         <name>.text:dir_sdi</name>
         <load_address>0x5920</load_address>
         <run_address>0x5920</run_address>
         <size>0x10a</size>
         <input_file_ref idref="fl-c"/>
      </object_component>
      <object_component id="oc-379">
         <name>.text:disk_ioctl</name>
         <load_address>0x5a2a</load_address>
         <run_address>0x5a2a</run_address>
         <size>0xfa</size>
         <input_file_ref idref="fl-d"/>
      </object_component>
      <object_component id="oc-31d">
         <name>.text:sync</name>
         <load_address>0x5b24</load_address>
         <run_address>0x5b24</run_address>
         <size>0xe0</size>
         <input_file_ref idref="fl-c"/>
      </object_component>
      <object_component id="oc-1f5">
         <name>.text:get_fileinfo</name>
         <load_address>0x5c04</load_address>
         <run_address>0x5c04</run_address>
         <size>0xcc</size>
         <input_file_ref idref="fl-c"/>
      </object_component>
      <object_component id="oc-215">
         <name>.text:move_window</name>
         <load_address>0x5cd0</load_address>
         <run_address>0x5cd0</run_address>
         <size>0xcc</size>
         <input_file_ref idref="fl-c"/>
      </object_component>
      <object_component id="oc-2f6">
         <name>.text:disk_write</name>
         <load_address>0x5d9c</load_address>
         <run_address>0x5d9c</run_address>
         <size>0xc2</size>
         <input_file_ref idref="fl-d"/>
      </object_component>
      <object_component id="oc-157">
         <name>.text:Filter</name>
         <load_address>0x5e5e</load_address>
         <run_address>0x5e5e</run_address>
         <size>0xbc</size>
         <input_file_ref idref="fl-9"/>
      </object_component>
      <object_component id="oc-305">
         <name>.text:send_cmd</name>
         <load_address>0x5f1a</load_address>
         <run_address>0x5f1a</run_address>
         <size>0xb6</size>
         <input_file_ref idref="fl-d"/>
      </object_component>
      <object_component id="oc-1d9">
         <name>.text:follow_path</name>
         <load_address>0x5fd0</load_address>
         <run_address>0x5fd0</run_address>
         <size>0xa8</size>
         <input_file_ref idref="fl-c"/>
      </object_component>
      <object_component id="oc-20f">
         <name>.text:remove_chain</name>
         <load_address>0x6078</load_address>
         <run_address>0x6078</run_address>
         <size>0xa6</size>
         <input_file_ref idref="fl-c"/>
      </object_component>
      <object_component id="oc-134">
         <name>.text:f_opendir</name>
         <load_address>0x611e</load_address>
         <run_address>0x611e</run_address>
         <size>0xa4</size>
         <input_file_ref idref="fl-c"/>
      </object_component>
      <object_component id="oc-238">
         <name>.text:disk_read</name>
         <load_address>0x61c2</load_address>
         <run_address>0x61c2</run_address>
         <size>0x96</size>
         <input_file_ref idref="fl-d"/>
      </object_component>
      <object_component id="oc-265">
         <name>.text:f_sync</name>
         <load_address>0x6258</load_address>
         <run_address>0x6258</run_address>
         <size>0x96</size>
         <input_file_ref idref="fl-c"/>
      </object_component>
      <object_component id="oc-fb">
         <name>.text:IOInit</name>
         <load_address>0x62ee</load_address>
         <run_address>0x62ee</run_address>
         <size>0x8c</size>
         <input_file_ref idref="fl-9"/>
      </object_component>
      <object_component id="oc-2b4">
         <name>.text:check_fs</name>
         <load_address>0x637a</load_address>
         <run_address>0x637a</run_address>
         <size>0x8a</size>
         <input_file_ref idref="fl-c"/>
      </object_component>
      <object_component id="oc-203">
         <name>.text:dir_register</name>
         <load_address>0x6404</load_address>
         <run_address>0x6404</run_address>
         <size>0x84</size>
         <input_file_ref idref="fl-c"/>
      </object_component>
      <object_component id="oc-1b4">
         <name>.text:sd_reset</name>
         <load_address>0x6488</load_address>
         <run_address>0x6488</run_address>
         <size>0x76</size>
         <input_file_ref idref="fl-b"/>
      </object_component>
      <object_component id="oc-145">
         <name>.text:f_readdir</name>
         <load_address>0x64fe</load_address>
         <run_address>0x64fe</run_address>
         <size>0x6c</size>
         <input_file_ref idref="fl-c"/>
      </object_component>
      <object_component id="oc-c2">
         <name>.text:ScanKey</name>
         <load_address>0x656a</load_address>
         <run_address>0x656a</run_address>
         <size>0x66</size>
         <input_file_ref idref="fl-9"/>
      </object_component>
      <object_component id="oc-f0">
         <name>.text:initClock</name>
         <load_address>0x65d0</load_address>
         <run_address>0x65d0</run_address>
         <size>0x64</size>
         <input_file_ref idref="fl-8"/>
      </object_component>
      <object_component id="oc-1ef">
         <name>.text:dir_read</name>
         <load_address>0x6634</load_address>
         <run_address>0x6634</run_address>
         <size>0x60</size>
         <input_file_ref idref="fl-c"/>
      </object_component>
      <object_component id="oc-b6">
         <name>.text:__TI_decompress_rle_core</name>
         <load_address>0x6694</load_address>
         <run_address>0x6694</run_address>
         <size>0x5e</size>
         <input_file_ref idref="fl-3f"/>
      </object_component>
      <object_component id="oc-94">
         <name>.text:_auto_init</name>
         <load_address>0x66f2</load_address>
         <run_address>0x66f2</run_address>
         <size>0x5e</size>
         <input_file_ref idref="fl-55"/>
      </object_component>
      <object_component id="oc-2ce">
         <name>.text:dir_find</name>
         <load_address>0x6750</load_address>
         <run_address>0x6750</run_address>
         <size>0x5e</size>
         <input_file_ref idref="fl-c"/>
      </object_component>
      <object_component id="oc-28d">
         <name>.text:SD_SendCommand</name>
         <load_address>0x67ae</load_address>
         <run_address>0x67ae</run_address>
         <size>0x5c</size>
         <input_file_ref idref="fl-b"/>
      </object_component>
      <object_component id="oc-227">
         <name>.text:l_lsr_const</name>
         <load_address>0x680a</load_address>
         <run_address>0x680a</run_address>
         <size>0x5c</size>
         <input_file_ref idref="fl-4c"/>
      </object_component>
      <object_component id="oc-293">
         <name>.text:SD_SendCommand1</name>
         <load_address>0x6866</load_address>
         <run_address>0x6866</run_address>
         <size>0x5a</size>
         <input_file_ref idref="fl-b"/>
      </object_component>
      <object_component id="oc-355">
         <name>.text:xmit_datablock</name>
         <load_address>0x68c0</load_address>
         <run_address>0x68c0</run_address>
         <size>0x5a</size>
         <input_file_ref idref="fl-d"/>
      </object_component>
      <object_component id="oc-30b">
         <name>.text:rcvr_datablock</name>
         <load_address>0x691a</load_address>
         <run_address>0x691a</run_address>
         <size>0x58</size>
         <input_file_ref idref="fl-d"/>
      </object_component>
      <object_component id="oc-2bf">
         <name>.text</name>
         <load_address>0x6972</load_address>
         <run_address>0x6972</run_address>
         <size>0x58</size>
         <input_file_ref idref="fl-44"/>
      </object_component>
      <object_component id="oc-119">
         <name>.text:SDCard_init</name>
         <load_address>0x69ca</load_address>
         <run_address>0x69ca</run_address>
         <size>0x4c</size>
         <input_file_ref idref="fl-b"/>
      </object_component>
      <object_component id="oc-174">
         <name>.text</name>
         <load_address>0x6a16</load_address>
         <run_address>0x6a16</run_address>
         <size>0x4c</size>
         <input_file_ref idref="fl-4b"/>
      </object_component>
      <object_component id="oc-232">
         <name>.text:clust2sect</name>
         <load_address>0x6a62</load_address>
         <run_address>0x6a62</run_address>
         <size>0x3e</size>
         <input_file_ref idref="fl-c"/>
      </object_component>
      <object_component id="oc-21b">
         <name>.text:l_lsl_const</name>
         <load_address>0x6aa0</load_address>
         <run_address>0x6aa0</run_address>
         <size>0x3e</size>
         <input_file_ref idref="fl-4a"/>
      </object_component>
      <object_component id="oc-38d">
         <name>.text:wait_ready</name>
         <load_address>0x6ade</load_address>
         <run_address>0x6ade</run_address>
         <size>0x38</size>
         <input_file_ref idref="fl-d"/>
      </object_component>
      <object_component id="oc-16e">
         <name>.text:DACValue</name>
         <load_address>0x6b16</load_address>
         <run_address>0x6b16</run_address>
         <size>0x36</size>
         <input_file_ref idref="fl-3"/>
      </object_component>
      <object_component id="oc-13b">
         <name>.text:strstr</name>
         <load_address>0x6b4c</load_address>
         <run_address>0x6b4c</run_address>
         <size>0x36</size>
         <input_file_ref idref="fl-52"/>
      </object_component>
      <object_component id="oc-113">
         <name>.text:AD_Init</name>
         <load_address>0x6b82</load_address>
         <run_address>0x6b82</run_address>
         <size>0x34</size>
         <input_file_ref idref="fl-2"/>
      </object_component>
      <object_component id="oc-383">
         <name>.text:SDCard_readFrame</name>
         <load_address>0x6bb6</load_address>
         <run_address>0x6bb6</run_address>
         <size>0x32</size>
         <input_file_ref idref="fl-b"/>
      </object_component>
      <object_component id="oc-252">
         <name>.text:senddata</name>
         <load_address>0x6be8</load_address>
         <run_address>0x6be8</run_address>
         <size>0x32</size>
         <input_file_ref idref="fl-4"/>
      </object_component>
      <object_component id="oc-12e">
         <name>.text:f_mount</name>
         <load_address>0x6c1a</load_address>
         <run_address>0x6c1a</run_address>
         <size>0x2e</size>
         <input_file_ref idref="fl-c"/>
      </object_component>
      <object_component id="oc-3a8">
         <name>.text</name>
         <load_address>0x6c48</load_address>
         <run_address>0x6c48</run_address>
         <size>0x2c</size>
         <input_file_ref idref="fl-3c"/>
      </object_component>
      <object_component id="oc-221">
         <name>.text</name>
         <load_address>0x6c74</load_address>
         <run_address>0x6c74</run_address>
         <size>0x2c</size>
         <input_file_ref idref="fl-41"/>
      </object_component>
      <object_component id="oc-163">
         <name>.text</name>
         <load_address>0x6ca0</load_address>
         <run_address>0x6ca0</run_address>
         <size>0x2c</size>
         <input_file_ref idref="fl-49"/>
      </object_component>
      <object_component id="oc-1e9">
         <name>.text:validate</name>
         <load_address>0x6ccc</load_address>
         <run_address>0x6ccc</run_address>
         <size>0x2c</size>
         <input_file_ref idref="fl-c"/>
      </object_component>
      <object_component id="oc-39b">
         <name>.text:SDCard_sendFrame</name>
         <load_address>0x6cf8</load_address>
         <run_address>0x6cf8</run_address>
         <size>0x2a</size>
         <input_file_ref idref="fl-b"/>
      </object_component>
      <object_component id="oc-125">
         <name>.text:TimeGetInit</name>
         <load_address>0x6d22</load_address>
         <run_address>0x6d22</run_address>
         <size>0x26</size>
         <input_file_ref idref="fl-9"/>
      </object_component>
      <object_component id="oc-2a8">
         <name>.text:disk_status</name>
         <load_address>0x6d48</load_address>
         <run_address>0x6d48</run_address>
         <size>0x20</size>
         <input_file_ref idref="fl-d"/>
      </object_component>
      <object_component id="oc-2ba">
         <name>.text</name>
         <load_address>0x6d68</load_address>
         <run_address>0x6d68</run_address>
         <size>0x20</size>
         <input_file_ref idref="fl-50"/>
      </object_component>
      <object_component id="oc-7e">
         <name>.text:Timer_A</name>
         <load_address>0x6d88</load_address>
         <run_address>0x6d88</run_address>
         <size>0x1e</size>
         <input_file_ref idref="fl-8"/>
      </object_component>
      <object_component id="oc-287">
         <name>.text:SPI_WriteByte</name>
         <load_address>0x6da6</load_address>
         <run_address>0x6da6</run_address>
         <size>0x1c</size>
         <input_file_ref idref="fl-b"/>
      </object_component>
      <object_component id="oc-69">
         <name>.text:_c_int00_noexit</name>
         <load_address>0x6dc2</load_address>
         <run_address>0x6dc2</run_address>
         <size>0x1a</size>
         <input_file_ref idref="fl-3d"/>
      </object_component>
      <object_component id="oc-35e">
         <name>.text:select</name>
         <load_address>0x6ddc</load_address>
         <run_address>0x6ddc</run_address>
         <size>0x18</size>
         <input_file_ref idref="fl-d"/>
      </object_component>
      <object_component id="oc-168">
         <name>.text:delay1</name>
         <load_address>0x6df4</load_address>
         <run_address>0x6df4</run_address>
         <size>0x16</size>
         <input_file_ref idref="fl-9"/>
      </object_component>
      <object_component id="oc-d2">
         <name>.text</name>
         <load_address>0x6e0a</load_address>
         <run_address>0x6e0a</run_address>
         <size>0x16</size>
         <input_file_ref idref="fl-42"/>
      </object_component>
      <object_component id="oc-11f">
         <name>.text:TimeInit</name>
         <load_address>0x6e20</load_address>
         <run_address>0x6e20</run_address>
         <size>0x14</size>
         <input_file_ref idref="fl-9"/>
      </object_component>
      <object_component id="oc-344">
         <name>.text:chk_chr</name>
         <load_address>0x6e34</load_address>
         <run_address>0x6e34</run_address>
         <size>0x14</size>
         <input_file_ref idref="fl-c"/>
      </object_component>
      <object_component id="oc-74">
         <name>.text:decompress:ZI:__TI_zero_init</name>
         <load_address>0x6e48</load_address>
         <run_address>0x6e48</run_address>
         <size>0x14</size>
         <input_file_ref idref="fl-40"/>
      </object_component>
      <object_component id="oc-179">
         <name>.text:f_close</name>
         <load_address>0x6e5c</load_address>
         <run_address>0x6e5c</run_address>
         <size>0x14</size>
         <input_file_ref idref="fl-c"/>
      </object_component>
      <object_component id="oc-34b">
         <name>.text:mem_cmp</name>
         <load_address>0x6e70</load_address>
         <run_address>0x6e70</run_address>
         <size>0x14</size>
         <input_file_ref idref="fl-c"/>
      </object_component>
      <object_component id="oc-f6">
         <name>.text:memset</name>
         <load_address>0x6e84</load_address>
         <run_address>0x6e84</run_address>
         <size>0x14</size>
         <input_file_ref idref="fl-4e"/>
      </object_component>
      <object_component id="oc-140">
         <name>.text</name>
         <load_address>0x6e98</load_address>
         <run_address>0x6e98</run_address>
         <size>0x14</size>
         <input_file_ref idref="fl-4f"/>
      </object_component>
      <object_component id="oc-337">
         <name>.text:SDCard_fastMode</name>
         <load_address>0x6eac</load_address>
         <run_address>0x6eac</run_address>
         <size>0x12</size>
         <input_file_ref idref="fl-b"/>
      </object_component>
      <object_component id="oc-6f">
         <name>.text:decompress:none:__TI_decompress_none</name>
         <load_address>0x6ebe</load_address>
         <run_address>0x6ebe</run_address>
         <size>0x12</size>
         <input_file_ref idref="fl-3e"/>
      </object_component>
      <object_component id="oc-311">
         <name>.text:deselect</name>
         <load_address>0x6ed0</load_address>
         <run_address>0x6ed0</run_address>
         <size>0x12</size>
         <input_file_ref idref="fl-d"/>
      </object_component>
      <object_component id="oc-10d">
         <name>.text:igniteLED</name>
         <load_address>0x6ee2</load_address>
         <run_address>0x6ee2</run_address>
         <size>0x12</size>
         <input_file_ref idref="fl-9"/>
      </object_component>
      <object_component id="oc-a5">
         <name>.text:memcpy</name>
         <load_address>0x6ef4</load_address>
         <run_address>0x6ef4</run_address>
         <size>0x12</size>
         <input_file_ref idref="fl-4d"/>
      </object_component>
      <object_component id="oc-14b">
         <name>.text:resetLED</name>
         <load_address>0x6f06</load_address>
         <run_address>0x6f06</run_address>
         <size>0x12</size>
         <input_file_ref idref="fl-9"/>
      </object_component>
      <object_component id="oc-3ad">
         <name>.text:l_lsl</name>
         <load_address>0x6f18</load_address>
         <run_address>0x6f18</run_address>
         <size>0x10</size>
         <input_file_ref idref="fl-4a"/>
      </object_component>
      <object_component id="oc-23e">
         <name>.text:mem_cpy</name>
         <load_address>0x6f28</load_address>
         <run_address>0x6f28</run_address>
         <size>0x10</size>
         <input_file_ref idref="fl-c"/>
      </object_component>
      <object_component id="oc-2e6">
         <name>.text:mem_set</name>
         <load_address>0x6f38</load_address>
         <run_address>0x6f38</run_address>
         <size>0x10</size>
         <input_file_ref idref="fl-c"/>
      </object_component>
      <object_component id="oc-ea">
         <name>.text</name>
         <load_address>0x6f48</load_address>
         <run_address>0x6f48</run_address>
         <size>0x10</size>
         <input_file_ref idref="fl-45"/>
      </object_component>
      <object_component id="oc-24c">
         <name>.text:start</name>
         <load_address>0x6f58</load_address>
         <run_address>0x6f58</run_address>
         <size>0xe</size>
         <input_file_ref idref="fl-4"/>
      </object_component>
      <object_component id="oc-209">
         <name>.text:get_fattime</name>
         <load_address>0x6f66</load_address>
         <run_address>0x6f66</run_address>
         <size>0xa</size>
         <input_file_ref idref="fl-d"/>
      </object_component>
      <object_component id="oc-258">
         <name>.text:waitack</name>
         <load_address>0x6f70</load_address>
         <run_address>0x6f70</run_address>
         <size>0xa</size>
         <input_file_ref idref="fl-4"/>
      </object_component>
      <object_component id="oc-101">
         <name>.text:HC_SR04Init</name>
         <load_address>0x6f7a</load_address>
         <run_address>0x6f7a</run_address>
         <size>0x8</size>
         <input_file_ref idref="fl-9"/>
      </object_component>
      <object_component id="oc-32b">
         <name>.text:SDCard_setCSHigh</name>
         <load_address>0x6f82</load_address>
         <run_address>0x6f82</run_address>
         <size>0x6</size>
         <input_file_ref idref="fl-b"/>
      </object_component>
      <object_component id="oc-394">
         <name>.text:SDCard_setCSLow</name>
         <load_address>0x6f88</load_address>
         <run_address>0x6f88</run_address>
         <size>0x6</size>
         <input_file_ref idref="fl-b"/>
      </object_component>
      <object_component id="oc-79">
         <name>.text:decompress:rle24:__TI_decompress_rle24</name>
         <load_address>0x6f8e</load_address>
         <run_address>0x6f8e</run_address>
         <size>0x6</size>
         <input_file_ref idref="fl-3f"/>
      </object_component>
      <object_component id="oc-107">
         <name>.text:initLED</name>
         <load_address>0x6f94</load_address>
         <run_address>0x6f94</run_address>
         <size>0x6</size>
         <input_file_ref idref="fl-9"/>
      </object_component>
      <object_component id="oc-331">
         <name>.text:rcvr_mmc</name>
         <load_address>0x6f9a</load_address>
         <run_address>0x6f9a</run_address>
         <size>0x6</size>
         <input_file_ref idref="fl-d"/>
      </object_component>
      <object_component id="oc-364">
         <name>.text:xmit_mmc</name>
         <load_address>0x6fa0</load_address>
         <run_address>0x6fa0</run_address>
         <size>0x6</size>
         <input_file_ref idref="fl-d"/>
      </object_component>
      <object_component id="oc-8f">
         <name>.text:_system_pre_init</name>
         <load_address>0x6fa6</load_address>
         <run_address>0x6fa6</run_address>
         <size>0x4</size>
         <input_file_ref idref="fl-51"/>
      </object_component>
      <object_component id="oc-9f">
         <name>.text:abort</name>
         <load_address>0x6faa</load_address>
         <run_address>0x6faa</run_address>
         <size>0x4</size>
         <input_file_ref idref="fl-46"/>
      </object_component>
      <object_component id="oc-429">
         <name>.cinit..data.load</name>
         <load_address>0x6fc4</load_address>
         <run_address>0x6fc4</run_address>
         <size>0x14</size>
      </object_component>
      <object_component id="oc-426">
         <name>__TI_handler_table</name>
         <load_address>0x6fd8</load_address>
         <run_address>0x6fd8</run_address>
         <size>0x6</size>
      </object_component>
      <object_component id="oc-428">
         <name>.cinit..bss.load</name>
         <load_address>0x6fde</load_address>
         <run_address>0x6fde</run_address>
         <size>0x4</size>
      </object_component>
      <object_component id="oc-427">
         <name>__TI_cinit_table</name>
         <load_address>0x6fe2</load_address>
         <run_address>0x6fe2</run_address>
         <size>0x8</size>
      </object_component>
      <object_component id="oc-343">
         <name>.const:.string</name>
         <load_address>0x6fae</load_address>
         <run_address>0x6fae</run_address>
         <size>0x10</size>
         <input_file_ref idref="fl-c"/>
      </object_component>
      <object_component id="oc-13a">
         <name>.const:.string</name>
         <load_address>0x6fbe</load_address>
         <run_address>0x6fbe</run_address>
         <size>0x6</size>
         <input_file_ref idref="fl-8"/>
      </object_component>
      <object_component id="oc-86">
         <name>.int52</name>
         <load_address>0xffe8</load_address>
         <run_address>0xffe8</run_address>
         <size>0x2</size>
         <input_file_ref idref="fl-8"/>
      </object_component>
      <object_component id="oc-7f">
         <name>.int53</name>
         <load_address>0xffea</load_address>
         <run_address>0xffea</run_address>
         <size>0x2</size>
         <input_file_ref idref="fl-8"/>
      </object_component>
      <object_component id="oc-6a">
         <name>.reset</name>
         <load_address>0xfffe</load_address>
         <run_address>0xfffe</run_address>
         <size>0x2</size>
         <input_file_ref idref="fl-3d"/>
      </object_component>
      <object_component id="oc-cc">
         <name>.bss</name>
         <uninitialized>true</uninitialized>
         <run_address>0x2f7e</run_address>
         <size>0x6c</size>
         <input_file_ref idref="fl-9"/>
      </object_component>
      <object_component id="oc-12b">
         <name>.bss</name>
         <uninitialized>true</uninitialized>
         <run_address>0x2400</run_address>
         <size>0xb7e</size>
         <input_file_ref idref="fl-8"/>
      </object_component>
      <object_component id="oc-1c4">
         <name>.bss:FatFs</name>
         <uninitialized>true</uninitialized>
         <run_address>0x2fea</run_address>
         <size>0x2</size>
         <input_file_ref idref="fl-c"/>
      </object_component>
      <object_component id="oc-2c4">
         <name>.bss</name>
         <uninitialized>true</uninitialized>
         <run_address>0x2fec</run_address>
         <size>0x2</size>
         <input_file_ref idref="fl-c"/>
      </object_component>
      <object_component id="oc-302">
         <name>.bss</name>
         <uninitialized>true</uninitialized>
         <run_address>0x2fee</run_address>
         <size>0x1</size>
         <input_file_ref idref="fl-d"/>
      </object_component>
      <object_component id="oc-c9">
         <name>.data</name>
         <load_address>0x2ff0</load_address>
         <run_address>0x2ff0</run_address>
         <size>0xc</size>
         <input_file_ref idref="fl-9"/>
      </object_component>
      <object_component id="oc-cf">
         <name>.data</name>
         <load_address>0x2ffc</load_address>
         <run_address>0x2ffc</run_address>
         <size>0x6</size>
         <input_file_ref idref="fl-8"/>
      </object_component>
      <object_component id="oc-327">
         <name>.data</name>
         <load_address>0x3002</load_address>
         <run_address>0x3002</run_address>
         <size>0x2</size>
         <input_file_ref idref="fl-d"/>
      </object_component>
      <object_component id="oc-6b">
         <name>.debug_info</name>
         <load_address>0x0</load_address>
         <run_address>0x0</run_address>
         <size>0x129</size>
         <input_file_ref idref="fl-3d"/>
      </object_component>
      <object_component id="oc-70">
         <name>.debug_info</name>
         <load_address>0x129</load_address>
         <run_address>0x129</run_address>
         <size>0x159</size>
         <input_file_ref idref="fl-3e"/>
      </object_component>
      <object_component id="oc-75">
         <name>.debug_info</name>
         <load_address>0x282</load_address>
         <run_address>0x282</run_address>
         <size>0x193</size>
         <input_file_ref idref="fl-40"/>
      </object_component>
      <object_component id="oc-7a">
         <name>.debug_info</name>
         <load_address>0x415</load_address>
         <run_address>0x415</run_address>
         <size>0x16a</size>
         <input_file_ref idref="fl-3f"/>
      </object_component>
      <object_component id="oc-80">
         <name>.debug_info</name>
         <load_address>0x57f</load_address>
         <run_address>0x57f</run_address>
         <size>0x10c</size>
         <input_file_ref idref="fl-8"/>
      </object_component>
      <object_component id="oc-87">
         <name>.debug_info</name>
         <load_address>0x68b</load_address>
         <run_address>0x68b</run_address>
         <size>0x3e6</size>
         <input_file_ref idref="fl-8"/>
      </object_component>
      <object_component id="oc-8d">
         <name>.debug_info</name>
         <load_address>0xa71</load_address>
         <run_address>0xa71</run_address>
         <size>0xaa</size>
         <input_file_ref idref="fl-3d"/>
      </object_component>
      <object_component id="oc-90">
         <name>.debug_info</name>
         <load_address>0xb1b</load_address>
         <run_address>0xb1b</run_address>
         <size>0x101</size>
         <input_file_ref idref="fl-51"/>
      </object_component>
      <object_component id="oc-95">
         <name>.debug_info</name>
         <load_address>0xc1c</load_address>
         <run_address>0xc1c</run_address>
         <size>0x1aa</size>
         <input_file_ref idref="fl-55"/>
      </object_component>
      <object_component id="oc-9a">
         <name>.debug_info</name>
         <load_address>0xdc6</load_address>
         <run_address>0xdc6</run_address>
         <size>0x71c</size>
         <input_file_ref idref="fl-8"/>
      </object_component>
      <object_component id="oc-a0">
         <name>.debug_info</name>
         <load_address>0x14e2</load_address>
         <run_address>0x14e2</run_address>
         <size>0x121</size>
         <input_file_ref idref="fl-46"/>
      </object_component>
      <object_component id="oc-a6">
         <name>.debug_info</name>
         <load_address>0x1603</load_address>
         <run_address>0x1603</run_address>
         <size>0x160</size>
         <input_file_ref idref="fl-4d"/>
      </object_component>
      <object_component id="oc-ab">
         <name>.debug_info</name>
         <load_address>0x1763</load_address>
         <run_address>0x1763</run_address>
         <size>0x46</size>
         <input_file_ref idref="fl-3e"/>
      </object_component>
      <object_component id="oc-b1">
         <name>.debug_info</name>
         <load_address>0x17a9</load_address>
         <run_address>0x17a9</run_address>
         <size>0x46</size>
         <input_file_ref idref="fl-40"/>
      </object_component>
      <object_component id="oc-b7">
         <name>.debug_info</name>
         <load_address>0x17ef</load_address>
         <run_address>0x17ef</run_address>
         <size>0x312</size>
         <input_file_ref idref="fl-3f"/>
      </object_component>
      <object_component id="oc-bc">
         <name>.debug_info</name>
         <load_address>0x1b01</load_address>
         <run_address>0x1b01</run_address>
         <size>0x124</size>
         <input_file_ref idref="fl-3f"/>
      </object_component>
      <object_component id="oc-bd">
         <name>.debug_info</name>
         <load_address>0x1c25</load_address>
         <run_address>0x1c25</run_address>
         <size>0x39</size>
         <input_file_ref idref="fl-3f"/>
      </object_component>
      <object_component id="oc-c3">
         <name>.debug_info</name>
         <load_address>0x1c5e</load_address>
         <run_address>0x1c5e</run_address>
         <size>0x12e</size>
         <input_file_ref idref="fl-9"/>
      </object_component>
      <object_component id="oc-ca">
         <name>.debug_info</name>
         <load_address>0x1d8c</load_address>
         <run_address>0x1d8c</run_address>
         <size>0x192</size>
         <input_file_ref idref="fl-9"/>
      </object_component>
      <object_component id="oc-cd">
         <name>.debug_info</name>
         <load_address>0x1f1e</load_address>
         <run_address>0x1f1e</run_address>
         <size>0x163</size>
         <input_file_ref idref="fl-9"/>
      </object_component>
      <object_component id="oc-d0">
         <name>.debug_info</name>
         <load_address>0x2081</load_address>
         <run_address>0x2081</run_address>
         <size>0xd2</size>
         <input_file_ref idref="fl-8"/>
      </object_component>
      <object_component id="oc-d3">
         <name>.debug_info</name>
         <load_address>0x2153</load_address>
         <run_address>0x2153</run_address>
         <size>0xd5</size>
         <input_file_ref idref="fl-42"/>
      </object_component>
      <object_component id="oc-d8">
         <name>.debug_info</name>
         <load_address>0x2228</load_address>
         <run_address>0x2228</run_address>
         <size>0x90</size>
         <input_file_ref idref="fl-8"/>
      </object_component>
      <object_component id="oc-df">
         <name>.debug_info</name>
         <load_address>0x22b8</load_address>
         <run_address>0x22b8</run_address>
         <size>0x89</size>
         <input_file_ref idref="fl-3d"/>
      </object_component>
      <object_component id="oc-e5">
         <name>.debug_info</name>
         <load_address>0x2341</load_address>
         <run_address>0x2341</run_address>
         <size>0x84</size>
         <input_file_ref idref="fl-3f"/>
      </object_component>
      <object_component id="oc-eb">
         <name>.debug_info</name>
         <load_address>0x23c5</load_address>
         <run_address>0x23c5</run_address>
         <size>0xe2</size>
         <input_file_ref idref="fl-45"/>
      </object_component>
      <object_component id="oc-f1">
         <name>.debug_info</name>
         <load_address>0x24a7</load_address>
         <run_address>0x24a7</run_address>
         <size>0x1cc</size>
         <input_file_ref idref="fl-8"/>
      </object_component>
      <object_component id="oc-f7">
         <name>.debug_info</name>
         <load_address>0x2673</load_address>
         <run_address>0x2673</run_address>
         <size>0x1b5</size>
         <input_file_ref idref="fl-4e"/>
      </object_component>
      <object_component id="oc-fc">
         <name>.debug_info</name>
         <load_address>0x2828</load_address>
         <run_address>0x2828</run_address>
         <size>0xf8</size>
         <input_file_ref idref="fl-9"/>
      </object_component>
      <object_component id="oc-102">
         <name>.debug_info</name>
         <load_address>0x2920</load_address>
         <run_address>0x2920</run_address>
         <size>0x102</size>
         <input_file_ref idref="fl-9"/>
      </object_component>
      <object_component id="oc-108">
         <name>.debug_info</name>
         <load_address>0x2a22</load_address>
         <run_address>0x2a22</run_address>
         <size>0xfa</size>
         <input_file_ref idref="fl-9"/>
      </object_component>
      <object_component id="oc-10e">
         <name>.debug_info</name>
         <load_address>0x2b1c</load_address>
         <run_address>0x2b1c</run_address>
         <size>0xfe</size>
         <input_file_ref idref="fl-9"/>
      </object_component>
      <object_component id="oc-114">
         <name>.debug_info</name>
         <load_address>0x2c1a</load_address>
         <run_address>0x2c1a</run_address>
         <size>0xf4</size>
         <input_file_ref idref="fl-2"/>
      </object_component>
      <object_component id="oc-11a">
         <name>.debug_info</name>
         <load_address>0x2d0e</load_address>
         <run_address>0x2d0e</run_address>
         <size>0x141</size>
         <input_file_ref idref="fl-b"/>
      </object_component>
      <object_component id="oc-120">
         <name>.debug_info</name>
         <load_address>0x2e4f</load_address>
         <run_address>0x2e4f</run_address>
         <size>0xfc</size>
         <input_file_ref idref="fl-9"/>
      </object_component>
      <object_component id="oc-126">
         <name>.debug_info</name>
         <load_address>0x2f4b</load_address>
         <run_address>0x2f4b</run_address>
         <size>0x102</size>
         <input_file_ref idref="fl-9"/>
      </object_component>
      <object_component id="oc-12c">
         <name>.debug_info</name>
         <load_address>0x304d</load_address>
         <run_address>0x304d</run_address>
         <size>0x171</size>
         <input_file_ref idref="fl-8"/>
      </object_component>
      <object_component id="oc-12f">
         <name>.debug_info</name>
         <load_address>0x31be</load_address>
         <run_address>0x31be</run_address>
         <size>0x168</size>
         <input_file_ref idref="fl-c"/>
      </object_component>
      <object_component id="oc-135">
         <name>.debug_info</name>
         <load_address>0x3326</load_address>
         <run_address>0x3326</run_address>
         <size>0x1b3</size>
         <input_file_ref idref="fl-c"/>
      </object_component>
      <object_component id="oc-13c">
         <name>.debug_info</name>
         <load_address>0x34d9</load_address>
         <run_address>0x34d9</run_address>
         <size>0x1d9</size>
         <input_file_ref idref="fl-52"/>
      </object_component>
      <object_component id="oc-141">
         <name>.debug_info</name>
         <load_address>0x36b2</load_address>
         <run_address>0x36b2</run_address>
         <size>0xd9</size>
         <input_file_ref idref="fl-4f"/>
      </object_component>
      <object_component id="oc-146">
         <name>.debug_info</name>
         <load_address>0x378b</load_address>
         <run_address>0x378b</run_address>
         <size>0x1ca</size>
         <input_file_ref idref="fl-c"/>
      </object_component>
      <object_component id="oc-14c">
         <name>.debug_info</name>
         <load_address>0x3955</load_address>
         <run_address>0x3955</run_address>
         <size>0xfc</size>
         <input_file_ref idref="fl-9"/>
      </object_component>
      <object_component id="oc-152">
         <name>.debug_info</name>
         <load_address>0x3a51</load_address>
         <run_address>0x3a51</run_address>
         <size>0x259</size>
         <input_file_ref idref="fl-c"/>
      </object_component>
      <object_component id="oc-158">
         <name>.debug_info</name>
         <load_address>0x3caa</load_address>
         <run_address>0x3caa</run_address>
         <size>0x307</size>
         <input_file_ref idref="fl-9"/>
      </object_component>
      <object_component id="oc-15e">
         <name>.debug_info</name>
         <load_address>0x3fb1</load_address>
         <run_address>0x3fb1</run_address>
         <size>0x2e7</size>
         <input_file_ref idref="fl-c"/>
      </object_component>
      <object_component id="oc-164">
         <name>.debug_info</name>
         <load_address>0x4298</load_address>
         <run_address>0x4298</run_address>
         <size>0xd4</size>
         <input_file_ref idref="fl-49"/>
      </object_component>
      <object_component id="oc-169">
         <name>.debug_info</name>
         <load_address>0x436c</load_address>
         <run_address>0x436c</run_address>
         <size>0x1de</size>
         <input_file_ref idref="fl-9"/>
      </object_component>
      <object_component id="oc-16f">
         <name>.debug_info</name>
         <load_address>0x454a</load_address>
         <run_address>0x454a</run_address>
         <size>0x1ac</size>
         <input_file_ref idref="fl-3"/>
      </object_component>
      <object_component id="oc-175">
         <name>.debug_info</name>
         <load_address>0x46f6</load_address>
         <run_address>0x46f6</run_address>
         <size>0xd4</size>
         <input_file_ref idref="fl-4b"/>
      </object_component>
      <object_component id="oc-17a">
         <name>.debug_info</name>
         <load_address>0x47ca</load_address>
         <run_address>0x47ca</run_address>
         <size>0x157</size>
         <input_file_ref idref="fl-c"/>
      </object_component>
      <object_component id="oc-180">
         <name>.debug_info</name>
         <load_address>0x4921</load_address>
         <run_address>0x4921</run_address>
         <size>0x493</size>
         <input_file_ref idref="fl-8"/>
      </object_component>
      <object_component id="oc-185">
         <name>.debug_info</name>
         <load_address>0x4db4</load_address>
         <run_address>0x4db4</run_address>
         <size>0x85b</size>
         <input_file_ref idref="fl-8"/>
      </object_component>
      <object_component id="oc-188">
         <name>.debug_info</name>
         <load_address>0x560f</load_address>
         <run_address>0x560f</run_address>
         <size>0x112</size>
         <input_file_ref idref="fl-4d"/>
      </object_component>
      <object_component id="oc-189">
         <name>.debug_info</name>
         <load_address>0x5721</load_address>
         <run_address>0x5721</run_address>
         <size>0x2c</size>
         <input_file_ref idref="fl-3f"/>
      </object_component>
      <object_component id="oc-18e">
         <name>.debug_info</name>
         <load_address>0x574d</load_address>
         <run_address>0x574d</run_address>
         <size>0x46</size>
         <input_file_ref idref="fl-3e"/>
      </object_component>
      <object_component id="oc-193">
         <name>.debug_info</name>
         <load_address>0x5793</load_address>
         <run_address>0x5793</run_address>
         <size>0x15a</size>
         <input_file_ref idref="fl-3e"/>
      </object_component>
      <object_component id="oc-194">
         <name>.debug_info</name>
         <load_address>0x58ed</load_address>
         <run_address>0x58ed</run_address>
         <size>0x11a</size>
         <input_file_ref idref="fl-40"/>
      </object_component>
      <object_component id="oc-19d">
         <name>.debug_info</name>
         <load_address>0x5a07</load_address>
         <run_address>0x5a07</run_address>
         <size>0x93</size>
         <input_file_ref idref="fl-9"/>
      </object_component>
      <object_component id="oc-1a2">
         <name>.debug_info</name>
         <load_address>0x5a9a</load_address>
         <run_address>0x5a9a</run_address>
         <size>0x469</size>
         <input_file_ref idref="fl-9"/>
      </object_component>
      <object_component id="oc-1a9">
         <name>.debug_info</name>
         <load_address>0x5f03</load_address>
         <run_address>0x5f03</run_address>
         <size>0x107</size>
         <input_file_ref idref="fl-4e"/>
      </object_component>
      <object_component id="oc-1aa">
         <name>.debug_info</name>
         <load_address>0x600a</load_address>
         <run_address>0x600a</run_address>
         <size>0x90</size>
         <input_file_ref idref="fl-4d"/>
      </object_component>
      <object_component id="oc-1b5">
         <name>.debug_info</name>
         <load_address>0x609a</load_address>
         <run_address>0x609a</run_address>
         <size>0x328</size>
         <input_file_ref idref="fl-b"/>
      </object_component>
      <object_component id="oc-1bf">
         <name>.debug_info</name>
         <load_address>0x63c2</load_address>
         <run_address>0x63c2</run_address>
         <size>0xbb</size>
         <input_file_ref idref="fl-8"/>
      </object_component>
      <object_component id="oc-1c5">
         <name>.debug_info</name>
         <load_address>0x647d</load_address>
         <run_address>0x647d</run_address>
         <size>0xdc</size>
         <input_file_ref idref="fl-c"/>
      </object_component>
      <object_component id="oc-1c8">
         <name>.debug_info</name>
         <load_address>0x6559</load_address>
         <run_address>0x6559</run_address>
         <size>0x493</size>
         <input_file_ref idref="fl-c"/>
      </object_component>
      <object_component id="oc-1cd">
         <name>.debug_info</name>
         <load_address>0x69ec</load_address>
         <run_address>0x69ec</run_address>
         <size>0xbb</size>
         <input_file_ref idref="fl-c"/>
      </object_component>
      <object_component id="oc-1d2">
         <name>.debug_info</name>
         <load_address>0x6aa7</load_address>
         <run_address>0x6aa7</run_address>
         <size>0x31a</size>
         <input_file_ref idref="fl-c"/>
      </object_component>
      <object_component id="oc-1d4">
         <name>.debug_info</name>
         <load_address>0x6dc1</load_address>
         <run_address>0x6dc1</run_address>
         <size>0x3e7</size>
         <input_file_ref idref="fl-c"/>
      </object_component>
      <object_component id="oc-1da">
         <name>.debug_info</name>
         <load_address>0x71a8</load_address>
         <run_address>0x71a8</run_address>
         <size>0x1bf</size>
         <input_file_ref idref="fl-c"/>
      </object_component>
      <object_component id="oc-1e0">
         <name>.debug_info</name>
         <load_address>0x7367</load_address>
         <run_address>0x7367</run_address>
         <size>0x1ed</size>
         <input_file_ref idref="fl-c"/>
      </object_component>
      <object_component id="oc-1e7">
         <name>.debug_info</name>
         <load_address>0x7554</load_address>
         <run_address>0x7554</run_address>
         <size>0x112</size>
         <input_file_ref idref="fl-52"/>
      </object_component>
      <object_component id="oc-1ea">
         <name>.debug_info</name>
         <load_address>0x7666</load_address>
         <run_address>0x7666</run_address>
         <size>0x168</size>
         <input_file_ref idref="fl-c"/>
      </object_component>
      <object_component id="oc-1f0">
         <name>.debug_info</name>
         <load_address>0x77ce</load_address>
         <run_address>0x77ce</run_address>
         <size>0x186</size>
         <input_file_ref idref="fl-c"/>
      </object_component>
      <object_component id="oc-1f6">
         <name>.debug_info</name>
         <load_address>0x7954</load_address>
         <run_address>0x7954</run_address>
         <size>0x1a4</size>
         <input_file_ref idref="fl-c"/>
      </object_component>
      <object_component id="oc-1fc">
         <name>.debug_info</name>
         <load_address>0x7af8</load_address>
         <run_address>0x7af8</run_address>
         <size>0x232</size>
         <input_file_ref idref="fl-c"/>
      </object_component>
      <object_component id="oc-204">
         <name>.debug_info</name>
         <load_address>0x7d2a</load_address>
         <run_address>0x7d2a</run_address>
         <size>0x1ca</size>
         <input_file_ref idref="fl-c"/>
      </object_component>
      <object_component id="oc-20a">
         <name>.debug_info</name>
         <load_address>0x7ef4</load_address>
         <run_address>0x7ef4</run_address>
         <size>0x138</size>
         <input_file_ref idref="fl-d"/>
      </object_component>
      <object_component id="oc-210">
         <name>.debug_info</name>
         <load_address>0x802c</load_address>
         <run_address>0x802c</run_address>
         <size>0x1a0</size>
         <input_file_ref idref="fl-c"/>
      </object_component>
      <object_component id="oc-216">
         <name>.debug_info</name>
         <load_address>0x81cc</load_address>
         <run_address>0x81cc</run_address>
         <size>0x1be</size>
         <input_file_ref idref="fl-c"/>
      </object_component>
      <object_component id="oc-21c">
         <name>.debug_info</name>
         <load_address>0x838a</load_address>
         <run_address>0x838a</run_address>
         <size>0xda</size>
         <input_file_ref idref="fl-4a"/>
      </object_component>
      <object_component id="oc-222">
         <name>.debug_info</name>
         <load_address>0x8464</load_address>
         <run_address>0x8464</run_address>
         <size>0xe9</size>
         <input_file_ref idref="fl-41"/>
      </object_component>
      <object_component id="oc-228">
         <name>.debug_info</name>
         <load_address>0x854d</load_address>
         <run_address>0x854d</run_address>
         <size>0xda</size>
         <input_file_ref idref="fl-4c"/>
      </object_component>
      <object_component id="oc-22d">
         <name>.debug_info</name>
         <load_address>0x8627</load_address>
         <run_address>0x8627</run_address>
         <size>0x23d</size>
         <input_file_ref idref="fl-c"/>
      </object_component>
      <object_component id="oc-233">
         <name>.debug_info</name>
         <load_address>0x8864</load_address>
         <run_address>0x8864</run_address>
         <size>0x177</size>
         <input_file_ref idref="fl-c"/>
      </object_component>
      <object_component id="oc-239">
         <name>.debug_info</name>
         <load_address>0x89db</load_address>
         <run_address>0x89db</run_address>
         <size>0x243</size>
         <input_file_ref idref="fl-d"/>
      </object_component>
      <object_component id="oc-23f">
         <name>.debug_info</name>
         <load_address>0x8c1e</load_address>
         <run_address>0x8c1e</run_address>
         <size>0x16e</size>
         <input_file_ref idref="fl-c"/>
      </object_component>
      <object_component id="oc-247">
         <name>.debug_info</name>
         <load_address>0x8d8c</load_address>
         <run_address>0x8d8c</run_address>
         <size>0xbb</size>
         <input_file_ref idref="fl-9"/>
      </object_component>
      <object_component id="oc-24d">
         <name>.debug_info</name>
         <load_address>0x8e47</load_address>
         <run_address>0x8e47</run_address>
         <size>0xfb</size>
         <input_file_ref idref="fl-4"/>
      </object_component>
      <object_component id="oc-253">
         <name>.debug_info</name>
         <load_address>0x8f42</load_address>
         <run_address>0x8f42</run_address>
         <size>0x12e</size>
         <input_file_ref idref="fl-4"/>
      </object_component>
      <object_component id="oc-259">
         <name>.debug_info</name>
         <load_address>0x9070</load_address>
         <run_address>0x9070</run_address>
         <size>0xff</size>
         <input_file_ref idref="fl-4"/>
      </object_component>
      <object_component id="oc-25f">
         <name>.debug_info</name>
         <load_address>0x916f</load_address>
         <run_address>0x916f</run_address>
         <size>0x84</size>
         <input_file_ref idref="fl-3"/>
      </object_component>
      <object_component id="oc-266">
         <name>.debug_info</name>
         <load_address>0x91f3</load_address>
         <run_address>0x91f3</run_address>
         <size>0x1a4</size>
         <input_file_ref idref="fl-c"/>
      </object_component>
      <object_component id="oc-26e">
         <name>.debug_info</name>
         <load_address>0x9397</load_address>
         <run_address>0x9397</run_address>
         <size>0x18b</size>
         <input_file_ref idref="fl-8"/>
      </object_component>
      <object_component id="oc-273">
         <name>.debug_info</name>
         <load_address>0x9522</load_address>
         <run_address>0x9522</run_address>
         <size>0x86</size>
         <input_file_ref idref="fl-8"/>
      </object_component>
      <object_component id="oc-278">
         <name>.debug_info</name>
         <load_address>0x95a8</load_address>
         <run_address>0x95a8</run_address>
         <size>0x2c</size>
         <input_file_ref idref="fl-8"/>
      </object_component>
      <object_component id="oc-288">
         <name>.debug_info</name>
         <load_address>0x95d4</load_address>
         <run_address>0x95d4</run_address>
         <size>0x234</size>
         <input_file_ref idref="fl-b"/>
      </object_component>
      <object_component id="oc-28e">
         <name>.debug_info</name>
         <load_address>0x9808</load_address>
         <run_address>0x9808</run_address>
         <size>0x2ae</size>
         <input_file_ref idref="fl-b"/>
      </object_component>
      <object_component id="oc-294">
         <name>.debug_info</name>
         <load_address>0x9ab6</load_address>
         <run_address>0x9ab6</run_address>
         <size>0x2b0</size>
         <input_file_ref idref="fl-b"/>
      </object_component>
      <object_component id="oc-29a">
         <name>.debug_info</name>
         <load_address>0x9d66</load_address>
         <run_address>0x9d66</run_address>
         <size>0x89</size>
         <input_file_ref idref="fl-2"/>
      </object_component>
      <object_component id="oc-2a3">
         <name>.debug_info</name>
         <load_address>0x9def</load_address>
         <run_address>0x9def</run_address>
         <size>0x70</size>
         <input_file_ref idref="fl-c"/>
      </object_component>
      <object_component id="oc-2a9">
         <name>.debug_info</name>
         <load_address>0x9e5f</load_address>
         <run_address>0x9e5f</run_address>
         <size>0x155</size>
         <input_file_ref idref="fl-d"/>
      </object_component>
      <object_component id="oc-2af">
         <name>.debug_info</name>
         <load_address>0x9fb4</load_address>
         <run_address>0x9fb4</run_address>
         <size>0x28a</size>
         <input_file_ref idref="fl-d"/>
      </object_component>
      <object_component id="oc-2b5">
         <name>.debug_info</name>
         <load_address>0xa23e</load_address>
         <run_address>0xa23e</run_address>
         <size>0x16e</size>
         <input_file_ref idref="fl-c"/>
      </object_component>
      <object_component id="oc-2bb">
         <name>.debug_info</name>
         <load_address>0xa3ac</load_address>
         <run_address>0xa3ac</run_address>
         <size>0xd9</size>
         <input_file_ref idref="fl-50"/>
      </object_component>
      <object_component id="oc-2c0">
         <name>.debug_info</name>
         <load_address>0xa485</load_address>
         <run_address>0xa485</run_address>
         <size>0xd7</size>
         <input_file_ref idref="fl-44"/>
      </object_component>
      <object_component id="oc-2c5">
         <name>.debug_info</name>
         <load_address>0xa55c</load_address>
         <run_address>0xa55c</run_address>
         <size>0xda</size>
         <input_file_ref idref="fl-c"/>
      </object_component>
      <object_component id="oc-2c9">
         <name>.debug_info</name>
         <load_address>0xa636</load_address>
         <run_address>0xa636</run_address>
         <size>0x1e0</size>
         <input_file_ref idref="fl-c"/>
      </object_component>
      <object_component id="oc-2cf">
         <name>.debug_info</name>
         <load_address>0xa816</load_address>
         <run_address>0xa816</run_address>
         <size>0x197</size>
         <input_file_ref idref="fl-c"/>
      </object_component>
      <object_component id="oc-2d8">
         <name>.debug_info</name>
         <load_address>0xa9ad</load_address>
         <run_address>0xa9ad</run_address>
         <size>0x8b</size>
         <input_file_ref idref="fl-52"/>
      </object_component>
      <object_component id="oc-2e1">
         <name>.debug_info</name>
         <load_address>0xaa38</load_address>
         <run_address>0xaa38</run_address>
         <size>0x1dd</size>
         <input_file_ref idref="fl-c"/>
      </object_component>
      <object_component id="oc-2e7">
         <name>.debug_info</name>
         <load_address>0xac15</load_address>
         <run_address>0xac15</run_address>
         <size>0x172</size>
         <input_file_ref idref="fl-c"/>
      </object_component>
      <object_component id="oc-2f0">
         <name>.debug_info</name>
         <load_address>0xad87</load_address>
         <run_address>0xad87</run_address>
         <size>0x27c</size>
         <input_file_ref idref="fl-c"/>
      </object_component>
      <object_component id="oc-2f7">
         <name>.debug_info</name>
         <load_address>0xb003</load_address>
         <run_address>0xb003</run_address>
         <size>0x25a</size>
         <input_file_ref idref="fl-d"/>
      </object_component>
      <object_component id="oc-303">
         <name>.debug_info</name>
         <load_address>0xb25d</load_address>
         <run_address>0xb25d</run_address>
         <size>0xe2</size>
         <input_file_ref idref="fl-d"/>
      </object_component>
      <object_component id="oc-306">
         <name>.debug_info</name>
         <load_address>0xb33f</load_address>
         <run_address>0xb33f</run_address>
         <size>0x1de</size>
         <input_file_ref idref="fl-d"/>
      </object_component>
      <object_component id="oc-30c">
         <name>.debug_info</name>
         <load_address>0xb51d</load_address>
         <run_address>0xb51d</run_address>
         <size>0x1b6</size>
         <input_file_ref idref="fl-d"/>
      </object_component>
      <object_component id="oc-312">
         <name>.debug_info</name>
         <load_address>0xb6d3</load_address>
         <run_address>0xb6d3</run_address>
         <size>0x150</size>
         <input_file_ref idref="fl-d"/>
      </object_component>
      <object_component id="oc-318">
         <name>.debug_info</name>
         <load_address>0xb823</load_address>
         <run_address>0xb823</run_address>
         <size>0x29b</size>
         <input_file_ref idref="fl-d"/>
      </object_component>
      <object_component id="oc-31e">
         <name>.debug_info</name>
         <load_address>0xbabe</load_address>
         <run_address>0xbabe</run_address>
         <size>0x185</size>
         <input_file_ref idref="fl-c"/>
      </object_component>
      <object_component id="oc-328">
         <name>.debug_info</name>
         <load_address>0xbc43</load_address>
         <run_address>0xbc43</run_address>
         <size>0x102</size>
         <input_file_ref idref="fl-d"/>
      </object_component>
      <object_component id="oc-32c">
         <name>.debug_info</name>
         <load_address>0xbd45</load_address>
         <run_address>0xbd45</run_address>
         <size>0x13c</size>
         <input_file_ref idref="fl-b"/>
      </object_component>
      <object_component id="oc-332">
         <name>.debug_info</name>
         <load_address>0xbe81</load_address>
         <run_address>0xbe81</run_address>
         <size>0x153</size>
         <input_file_ref idref="fl-d"/>
      </object_component>
      <object_component id="oc-338">
         <name>.debug_info</name>
         <load_address>0xbfd4</load_address>
         <run_address>0xbfd4</run_address>
         <size>0x13a</size>
         <input_file_ref idref="fl-b"/>
      </object_component>
      <object_component id="oc-345">
         <name>.debug_info</name>
         <load_address>0xc10e</load_address>
         <run_address>0xc10e</run_address>
         <size>0x15c</size>
         <input_file_ref idref="fl-c"/>
      </object_component>
      <object_component id="oc-34c">
         <name>.debug_info</name>
         <load_address>0xc26a</load_address>
         <run_address>0xc26a</run_address>
         <size>0x18c</size>
         <input_file_ref idref="fl-c"/>
      </object_component>
      <object_component id="oc-356">
         <name>.debug_info</name>
         <load_address>0xc3f6</load_address>
         <run_address>0xc3f6</run_address>
         <size>0x1cf</size>
         <input_file_ref idref="fl-d"/>
      </object_component>
      <object_component id="oc-35f">
         <name>.debug_info</name>
         <load_address>0xc5c5</load_address>
         <run_address>0xc5c5</run_address>
         <size>0x154</size>
         <input_file_ref idref="fl-d"/>
      </object_component>
      <object_component id="oc-365">
         <name>.debug_info</name>
         <load_address>0xc719</load_address>
         <run_address>0xc719</run_address>
         <size>0x153</size>
         <input_file_ref idref="fl-d"/>
      </object_component>
      <object_component id="oc-36f">
         <name>.debug_info</name>
         <load_address>0xc86c</load_address>
         <run_address>0xc86c</run_address>
         <size>0xbb</size>
         <input_file_ref idref="fl-7"/>
      </object_component>
      <object_component id="oc-374">
         <name>.debug_info</name>
         <load_address>0xc927</load_address>
         <run_address>0xc927</run_address>
         <size>0x26b</size>
         <input_file_ref idref="fl-7"/>
      </object_component>
      <object_component id="oc-37a">
         <name>.debug_info</name>
         <load_address>0xcb92</load_address>
         <run_address>0xcb92</run_address>
         <size>0x28c</size>
         <input_file_ref idref="fl-d"/>
      </object_component>
      <object_component id="oc-384">
         <name>.debug_info</name>
         <load_address>0xce1e</load_address>
         <run_address>0xce1e</run_address>
         <size>0x2fa</size>
         <input_file_ref idref="fl-b"/>
      </object_component>
      <object_component id="oc-38e">
         <name>.debug_info</name>
         <load_address>0xd118</load_address>
         <run_address>0xd118</run_address>
         <size>0x150</size>
         <input_file_ref idref="fl-d"/>
      </object_component>
      <object_component id="oc-395">
         <name>.debug_info</name>
         <load_address>0xd268</load_address>
         <run_address>0xd268</run_address>
         <size>0x13a</size>
         <input_file_ref idref="fl-b"/>
      </object_component>
      <object_component id="oc-39c">
         <name>.debug_info</name>
         <load_address>0xd3a2</load_address>
         <run_address>0xd3a2</run_address>
         <size>0x2f1</size>
         <input_file_ref idref="fl-b"/>
      </object_component>
      <object_component id="oc-3a2">
         <name>.debug_info</name>
         <load_address>0xd693</load_address>
         <run_address>0xd693</run_address>
         <size>0x282</size>
         <input_file_ref idref="fl-7"/>
      </object_component>
      <object_component id="oc-3a7">
         <name>.debug_info</name>
         <load_address>0xd915</load_address>
         <run_address>0xd915</run_address>
         <size>0x32a</size>
         <input_file_ref idref="fl-7"/>
      </object_component>
      <object_component id="oc-3a9">
         <name>.debug_info</name>
         <load_address>0xdc3f</load_address>
         <run_address>0xdc3f</run_address>
         <size>0xd4</size>
         <input_file_ref idref="fl-3c"/>
      </object_component>
      <object_component id="oc-3ae">
         <name>.debug_info</name>
         <load_address>0xdd13</load_address>
         <run_address>0xdd13</run_address>
         <size>0xd4</size>
         <input_file_ref idref="fl-4a"/>
      </object_component>
      <object_component id="oc-3b4">
         <name>.debug_info</name>
         <load_address>0xdde7</load_address>
         <run_address>0xdde7</run_address>
         <size>0x33d</size>
         <input_file_ref idref="fl-b"/>
      </object_component>
      <object_component id="oc-42c">
         <name>.debug_info</name>
         <load_address>0xe124</load_address>
         <run_address>0xe124</run_address>
         <size>0xa8</size>
      </object_component>
      <object_component id="oc-6c">
         <name>.debug_aranges</name>
         <load_address>0x0</load_address>
         <run_address>0x0</run_address>
         <size>0x20</size>
         <input_file_ref idref="fl-3d"/>
      </object_component>
      <object_component id="oc-71">
         <name>.debug_aranges</name>
         <load_address>0x20</load_address>
         <run_address>0x20</run_address>
         <size>0x20</size>
         <input_file_ref idref="fl-3e"/>
      </object_component>
      <object_component id="oc-76">
         <name>.debug_aranges</name>
         <load_address>0x40</load_address>
         <run_address>0x40</run_address>
         <size>0x20</size>
         <input_file_ref idref="fl-40"/>
      </object_component>
      <object_component id="oc-7b">
         <name>.debug_aranges</name>
         <load_address>0x60</load_address>
         <run_address>0x60</run_address>
         <size>0x20</size>
         <input_file_ref idref="fl-3f"/>
      </object_component>
      <object_component id="oc-81">
         <name>.debug_aranges</name>
         <load_address>0x80</load_address>
         <run_address>0x80</run_address>
         <size>0x20</size>
         <input_file_ref idref="fl-8"/>
      </object_component>
      <object_component id="oc-88">
         <name>.debug_aranges</name>
         <load_address>0xa0</load_address>
         <run_address>0xa0</run_address>
         <size>0x20</size>
         <input_file_ref idref="fl-8"/>
      </object_component>
      <object_component id="oc-91">
         <name>.debug_aranges</name>
         <load_address>0xc0</load_address>
         <run_address>0xc0</run_address>
         <size>0x20</size>
         <input_file_ref idref="fl-51"/>
      </object_component>
      <object_component id="oc-96">
         <name>.debug_aranges</name>
         <load_address>0xe0</load_address>
         <run_address>0xe0</run_address>
         <size>0x20</size>
         <input_file_ref idref="fl-55"/>
      </object_component>
      <object_component id="oc-9b">
         <name>.debug_aranges</name>
         <load_address>0x100</load_address>
         <run_address>0x100</run_address>
         <size>0x20</size>
         <input_file_ref idref="fl-8"/>
      </object_component>
      <object_component id="oc-a1">
         <name>.debug_aranges</name>
         <load_address>0x120</load_address>
         <run_address>0x120</run_address>
         <size>0x20</size>
         <input_file_ref idref="fl-46"/>
      </object_component>
      <object_component id="oc-a7">
         <name>.debug_aranges</name>
         <load_address>0x140</load_address>
         <run_address>0x140</run_address>
         <size>0x20</size>
         <input_file_ref idref="fl-4d"/>
      </object_component>
      <object_component id="oc-b8">
         <name>.debug_aranges</name>
         <load_address>0x160</load_address>
         <run_address>0x160</run_address>
         <size>0x20</size>
         <input_file_ref idref="fl-3f"/>
      </object_component>
      <object_component id="oc-c4">
         <name>.debug_aranges</name>
         <load_address>0x180</load_address>
         <run_address>0x180</run_address>
         <size>0x20</size>
         <input_file_ref idref="fl-9"/>
      </object_component>
      <object_component id="oc-d4">
         <name>.debug_aranges</name>
         <load_address>0x1a0</load_address>
         <run_address>0x1a0</run_address>
         <size>0x20</size>
         <input_file_ref idref="fl-42"/>
      </object_component>
      <object_component id="oc-ec">
         <name>.debug_aranges</name>
         <load_address>0x1c0</load_address>
         <run_address>0x1c0</run_address>
         <size>0x20</size>
         <input_file_ref idref="fl-45"/>
      </object_component>
      <object_component id="oc-f2">
         <name>.debug_aranges</name>
         <load_address>0x1e0</load_address>
         <run_address>0x1e0</run_address>
         <size>0x20</size>
         <input_file_ref idref="fl-8"/>
      </object_component>
      <object_component id="oc-f8">
         <name>.debug_aranges</name>
         <load_address>0x200</load_address>
         <run_address>0x200</run_address>
         <size>0x20</size>
         <input_file_ref idref="fl-4e"/>
      </object_component>
      <object_component id="oc-fd">
         <name>.debug_aranges</name>
         <load_address>0x220</load_address>
         <run_address>0x220</run_address>
         <size>0x20</size>
         <input_file_ref idref="fl-9"/>
      </object_component>
      <object_component id="oc-103">
         <name>.debug_aranges</name>
         <load_address>0x240</load_address>
         <run_address>0x240</run_address>
         <size>0x20</size>
         <input_file_ref idref="fl-9"/>
      </object_component>
      <object_component id="oc-109">
         <name>.debug_aranges</name>
         <load_address>0x260</load_address>
         <run_address>0x260</run_address>
         <size>0x20</size>
         <input_file_ref idref="fl-9"/>
      </object_component>
      <object_component id="oc-10f">
         <name>.debug_aranges</name>
         <load_address>0x280</load_address>
         <run_address>0x280</run_address>
         <size>0x20</size>
         <input_file_ref idref="fl-9"/>
      </object_component>
      <object_component id="oc-115">
         <name>.debug_aranges</name>
         <load_address>0x2a0</load_address>
         <run_address>0x2a0</run_address>
         <size>0x20</size>
         <input_file_ref idref="fl-2"/>
      </object_component>
      <object_component id="oc-11b">
         <name>.debug_aranges</name>
         <load_address>0x2c0</load_address>
         <run_address>0x2c0</run_address>
         <size>0x20</size>
         <input_file_ref idref="fl-b"/>
      </object_component>
      <object_component id="oc-121">
         <name>.debug_aranges</name>
         <load_address>0x2e0</load_address>
         <run_address>0x2e0</run_address>
         <size>0x20</size>
         <input_file_ref idref="fl-9"/>
      </object_component>
      <object_component id="oc-127">
         <name>.debug_aranges</name>
         <load_address>0x300</load_address>
         <run_address>0x300</run_address>
         <size>0x20</size>
         <input_file_ref idref="fl-9"/>
      </object_component>
      <object_component id="oc-130">
         <name>.debug_aranges</name>
         <load_address>0x320</load_address>
         <run_address>0x320</run_address>
         <size>0x20</size>
         <input_file_ref idref="fl-c"/>
      </object_component>
      <object_component id="oc-136">
         <name>.debug_aranges</name>
         <load_address>0x340</load_address>
         <run_address>0x340</run_address>
         <size>0x20</size>
         <input_file_ref idref="fl-c"/>
      </object_component>
      <object_component id="oc-13d">
         <name>.debug_aranges</name>
         <load_address>0x360</load_address>
         <run_address>0x360</run_address>
[...]
         <value>0x6a62</value>
         <object_component_ref idref="oc-232"/>
      </symbol>
      <symbol id="sm-7d9">
         <name>put_fat</name>
         <value>0x527e</value>
         <object_component_ref idref="oc-2ef"/>
      </symbol>
      <symbol id="sm-7da">
         <name>f_opendir</name>
         <value>0x611e</value>
         <object_component_ref idref="oc-134"/>
      </symbol>
      <symbol id="sm-7db">
         <name>f_close</name>
         <value>0x6e5c</value>
         <object_component_ref idref="oc-179"/>
      </symbol>
      <symbol id="sm-7dc">
         <name>f_open</name>
         <value>0x4d00</value>
         <object_component_ref idref="oc-151"/>
      </symbol>
      <symbol id="sm-7dd">
         <name>f_mount</name>
         <value>0x6c1a</value>
         <object_component_ref idref="oc-12e"/>
      </symbol>
      <symbol id="sm-7de">
         <name>f_readdir</name>
         <value>0x64fe</value>
         <object_component_ref idref="oc-145"/>
      </symbol>
      <symbol id="sm-7df">
         <name>get_fat</name>
         <value>0x56b8</value>
         <object_component_ref idref="oc-22c"/>
      </symbol>
      <symbol id="sm-8a0">
         <name>get_fattime</name>
         <value>0x6f66</value>
         <object_component_ref idref="oc-209"/>
      </symbol>
      <symbol id="sm-8a1">
         <name>disk_status</name>
         <value>0x6d48</value>
         <object_component_ref idref="oc-2a8"/>
      </symbol>
      <symbol id="sm-8a2">
         <name>INS</name>
         <value>0x3002</value>
         <object_component_ref idref="oc-327"/>
      </symbol>
      <symbol id="sm-8a3">
         <name>disk_read</name>
         <value>0x61c2</value>
         <object_component_ref idref="oc-238"/>
      </symbol>
      <symbol id="sm-8a4">
         <name>disk_initialize</name>
         <value>0x556e</value>
         <object_component_ref idref="oc-2ae"/>
      </symbol>
      <symbol id="sm-8a5">
         <name>disk_ioctl</name>
         <value>0x5a2a</value>
         <object_component_ref idref="oc-379"/>
      </symbol>
      <symbol id="sm-8a6">
         <name>disk_write</name>
         <value>0x5d9c</value>
         <object_component_ref idref="oc-2f6"/>
      </symbol>
      <symbol id="sm-8ae">
         <name>__mspabi_srai</name>
         <value>0x6c48</value>
         <object_component_ref idref="oc-3a8"/>
      </symbol>
      <symbol id="sm-8af">
         <name>__mspabi_srai_8</name>
         <value>0x6c62</value>
         <object_component_ref idref="oc-3a8"/>
      </symbol>
      <symbol id="sm-8b0">
         <name>__mspabi_srai_9</name>
         <value>0x6c60</value>
         <object_component_ref idref="oc-3a8"/>
      </symbol>
      <symbol id="sm-8b1">
         <name>__mspabi_srai_6</name>
         <value>0x6c66</value>
         <object_component_ref idref="oc-3a8"/>
      </symbol>
      <symbol id="sm-8b2">
         <name>__mspabi_srai_7</name>
         <value>0x6c64</value>
         <object_component_ref idref="oc-3a8"/>
      </symbol>
      <symbol id="sm-8b3">
         <name>__mspabi_srai_4</name>
         <value>0x6c6a</value>
         <object_component_ref idref="oc-3a8"/>
      </symbol>
      <symbol id="sm-8b4">
         <name>__mspabi_srai_5</name>
         <value>0x6c68</value>
         <object_component_ref idref="oc-3a8"/>
      </symbol>
      <symbol id="sm-8b5">
         <name>__mspabi_srai_2</name>
         <value>0x6c6e</value>
         <object_component_ref idref="oc-3a8"/>
      </symbol>
      <symbol id="sm-8b6">
         <name>__mspabi_srai_3</name>
         <value>0x6c6c</value>
         <object_component_ref idref="oc-3a8"/>
      </symbol>
      <symbol id="sm-8b7">
         <name>__mspabi_srai_1</name>
         <value>0x6c70</value>
         <object_component_ref idref="oc-3a8"/>
      </symbol>
      <symbol id="sm-8b8">
         <name>__mspabi_srai_15</name>
         <value>0x6c54</value>
         <object_component_ref idref="oc-3a8"/>
      </symbol>
      <symbol id="sm-8b9">
         <name>__mspabi_srai_14</name>
         <value>0x6c56</value>
         <object_component_ref idref="oc-3a8"/>
      </symbol>
      <symbol id="sm-8ba">
         <name>__mspabi_srai_13</name>
         <value>0x6c58</value>
         <object_component_ref idref="oc-3a8"/>
      </symbol>
      <symbol id="sm-8bb">
         <name>__mspabi_srai_12</name>
         <value>0x6c5a</value>
         <object_component_ref idref="oc-3a8"/>
      </symbol>
      <symbol id="sm-8bc">
         <name>__mspabi_srai_11</name>
         <value>0x6c5c</value>
         <object_component_ref idref="oc-3a8"/>
      </symbol>
      <symbol id="sm-8bd">
         <name>__mspabi_srai_10</name>
         <value>0x6c5e</value>
         <object_component_ref idref="oc-3a8"/>
      </symbol>
      <symbol id="sm-8d1">
         <name>_c_int00_noexit</name>
         <value>0x6dc2</value>
         <object_component_ref idref="oc-69"/>
      </symbol>
      <symbol id="sm-8d2">
         <name>_c_int00</name>
         <value>0x6dc2</value>
         <object_component_ref idref="oc-69"/>
      </symbol>
      <symbol id="sm-8d3">
         <name>_stack</name>
         <value>0x4360</value>
         <object_component_ref idref="oc-8c"/>
      </symbol>
      <symbol id="sm-8d4">
         <name>_reset_vector</name>
         <value>0xfffe</value>
         <object_component_ref idref="oc-6a"/>
      </symbol>
      <symbol id="sm-8e9">
         <name>__TI_decompress_none</name>
         <value>0x6ebe</value>
         <object_component_ref idref="oc-6f"/>
      </symbol>
      <symbol id="sm-913">
         <name>__TI_decompress_rle24</name>
         <value>0x6f8e</value>
         <object_component_ref idref="oc-79"/>
      </symbol>
      <symbol id="sm-925">
         <name>__TI_zero_init</name>
         <value>0x6e48</value>
         <object_component_ref idref="oc-74"/>
      </symbol>
      <symbol id="sm-931">
         <name>__mspabi_remi</name>
         <value>0x6c74</value>
         <object_component_ref idref="oc-221"/>
      </symbol>
      <symbol id="sm-932">
         <name>__mspabi_divi</name>
         <value>0x6c74</value>
         <object_component_ref idref="oc-221"/>
      </symbol>
      <symbol id="sm-93c">
         <name>__mspabi_remu</name>
         <value>0x6e0a</value>
         <object_component_ref idref="oc-d2"/>
      </symbol>
      <symbol id="sm-93d">
         <name>__mspabi_divu</name>
         <value>0x6e0a</value>
         <object_component_ref idref="oc-d2"/>
      </symbol>
      <symbol id="sm-94c">
         <name>__mspabi_remul</name>
         <value>0x6972</value>
         <object_component_ref idref="oc-2bf"/>
      </symbol>
      <symbol id="sm-94d">
         <name>__mspabi_divul</name>
         <value>0x6972</value>
         <object_component_ref idref="oc-2bf"/>
      </symbol>
      <symbol id="sm-955">
         <name>__mspabi_func_epilog_2</name>
         <value>0x6f52</value>
         <object_component_ref idref="oc-ea"/>
      </symbol>
      <symbol id="sm-956">
         <name>__mspabi_func_epilog_3</name>
         <value>0x6f50</value>
         <object_component_ref idref="oc-ea"/>
      </symbol>
      <symbol id="sm-957">
         <name>__mspabi_func_epilog_1</name>
         <value>0x6f54</value>
         <object_component_ref idref="oc-ea"/>
      </symbol>
      <symbol id="sm-958">
         <name>__mspabi_func_epilog_6</name>
         <value>0x6f4a</value>
         <object_component_ref idref="oc-ea"/>
      </symbol>
      <symbol id="sm-959">
         <name>__mspabi_func_epilog_7</name>
         <value>0x6f48</value>
         <object_component_ref idref="oc-ea"/>
      </symbol>
      <symbol id="sm-95a">
         <name>__mspabi_func_epilog_4</name>
         <value>0x6f4e</value>
         <object_component_ref idref="oc-ea"/>
      </symbol>
      <symbol id="sm-95b">
         <name>__mspabi_func_epilog_5</name>
         <value>0x6f4c</value>
         <object_component_ref idref="oc-ea"/>
      </symbol>
      <symbol id="sm-964">
         <name>C$$EXIT</name>
         <value>0x6faa</value>
         <object_component_ref idref="oc-9f"/>
      </symbol>
      <symbol id="sm-965">
         <name>abort</name>
         <value>0x6faa</value>
         <object_component_ref idref="oc-9f"/>
      </symbol>
      <symbol id="sm-96f">
         <name>__mspabi_slli</name>
         <value>0x6ca0</value>
         <object_component_ref idref="oc-163"/>
      </symbol>
      <symbol id="sm-970">
         <name>__mspabi_slli_9</name>
         <value>0x6cb8</value>
         <object_component_ref idref="oc-163"/>
      </symbol>
      <symbol id="sm-971">
         <name>__mspabi_slli_8</name>
         <value>0x6cba</value>
         <object_component_ref idref="oc-163"/>
      </symbol>
      <symbol id="sm-972">
         <name>__mspabi_slli_7</name>
         <value>0x6cbc</value>
         <object_component_ref idref="oc-163"/>
      </symbol>
      <symbol id="sm-973">
         <name>__mspabi_slli_6</name>
         <value>0x6cbe</value>
         <object_component_ref idref="oc-163"/>
      </symbol>
      <symbol id="sm-974">
         <name>__mspabi_slli_5</name>
         <value>0x6cc0</value>
         <object_component_ref idref="oc-163"/>
      </symbol>
      <symbol id="sm-975">
         <name>__mspabi_slli_4</name>
         <value>0x6cc2</value>
         <object_component_ref idref="oc-163"/>
      </symbol>
      <symbol id="sm-976">
         <name>__mspabi_slli_3</name>
         <value>0x6cc4</value>
         <object_component_ref idref="oc-163"/>
      </symbol>
      <symbol id="sm-977">
         <name>__mspabi_slli_2</name>
         <value>0x6cc6</value>
         <object_component_ref idref="oc-163"/>
      </symbol>
      <symbol id="sm-978">
         <name>__mspabi_slli_1</name>
         <value>0x6cc8</value>
         <object_component_ref idref="oc-163"/>
      </symbol>
      <symbol id="sm-979">
         <name>__mspabi_slli_15</name>
         <value>0x6cac</value>
         <object_component_ref idref="oc-163"/>
      </symbol>
      <symbol id="sm-97a">
         <name>__mspabi_slli_14</name>
         <value>0x6cae</value>
         <object_component_ref idref="oc-163"/>
      </symbol>
      <symbol id="sm-97b">
         <name>__mspabi_slli_13</name>
         <value>0x6cb0</value>
         <object_component_ref idref="oc-163"/>
      </symbol>
      <symbol id="sm-97c">
         <name>__mspabi_slli_12</name>
         <value>0x6cb2</value>
         <object_component_ref idref="oc-163"/>
      </symbol>
      <symbol id="sm-97d">
         <name>__mspabi_slli_11</name>
         <value>0x6cb4</value>
         <object_component_ref idref="oc-163"/>
      </symbol>
      <symbol id="sm-97e">
         <name>__mspabi_slli_10</name>
         <value>0x6cb6</value>
         <object_component_ref idref="oc-163"/>
      </symbol>
      <symbol id="sm-98e">
         <name>__mspabi_slll_9</name>
         <value>0x6ab8</value>
         <object_component_ref idref="oc-21b"/>
      </symbol>
      <symbol id="sm-98f">
         <name>__mspabi_slll_8</name>
         <value>0x6abc</value>
         <object_component_ref idref="oc-21b"/>
      </symbol>
      <symbol id="sm-990">
         <name>__mspabi_slll_7</name>
         <value>0x6ac0</value>
         <object_component_ref idref="oc-21b"/>
      </symbol>
      <symbol id="sm-991">
         <name>__mspabi_slll_6</name>
         <value>0x6ac4</value>
         <object_component_ref idref="oc-21b"/>
      </symbol>
      <symbol id="sm-992">
         <name>__mspabi_slll_5</name>
         <value>0x6ac8</value>
         <object_component_ref idref="oc-21b"/>
      </symbol>
      <symbol id="sm-993">
         <name>__mspabi_slll_4</name>
         <value>0x6acc</value>
         <object_component_ref idref="oc-21b"/>
      </symbol>
      <symbol id="sm-994">
         <name>__mspabi_slll_3</name>
         <value>0x6ad0</value>
         <object_component_ref idref="oc-21b"/>
      </symbol>
      <symbol id="sm-995">
         <name>__mspabi_slll_2</name>
         <value>0x6ad4</value>
         <object_component_ref idref="oc-21b"/>
      </symbol>
      <symbol id="sm-996">
         <name>__mspabi_slll_1</name>
         <value>0x6ad8</value>
         <object_component_ref idref="oc-21b"/>
      </symbol>
      <symbol id="sm-997">
         <name>__mspabi_slll</name>
         <value>0x6f18</value>
         <object_component_ref idref="oc-3ad"/>
      </symbol>
      <symbol id="sm-998">
         <name>__mspabi_slll_15</name>
         <value>0x6aa0</value>
         <object_component_ref idref="oc-21b"/>
      </symbol>
      <symbol id="sm-999">
         <name>__mspabi_slll_14</name>
         <value>0x6aa4</value>
         <object_component_ref idref="oc-21b"/>
      </symbol>
      <symbol id="sm-99a">
         <name>__mspabi_slll_13</name>
         <value>0x6aa8</value>
         <object_component_ref idref="oc-21b"/>
      </symbol>
      <symbol id="sm-99b">
         <name>__mspabi_slll_12</name>
         <value>0x6aac</value>
         <object_component_ref idref="oc-21b"/>
      </symbol>
      <symbol id="sm-99c">
         <name>__mspabi_slll_11</name>
         <value>0x6ab0</value>
         <object_component_ref idref="oc-21b"/>
      </symbol>
      <symbol id="sm-99d">
         <name>__mspabi_slll_10</name>
         <value>0x6ab4</value>
         <object_component_ref idref="oc-21b"/>
      </symbol>
      <symbol id="sm-9a5">
         <name>__mspabi_srli_8</name>
         <value>0x6a40</value>
         <object_component_ref idref="oc-174"/>
      </symbol>
      <symbol id="sm-9a6">
         <name>__mspabi_srli_9</name>
         <value>0x6a3c</value>
         <object_component_ref idref="oc-174"/>
      </symbol>
      <symbol id="sm-9a7">
         <name>__mspabi_srli_6</name>
         <value>0x6a48</value>
         <object_component_ref idref="oc-174"/>
      </symbol>
      <symbol id="sm-9a8">
         <name>__mspabi_srli_7</name>
         <value>0x6a44</value>
         <object_component_ref idref="oc-174"/>
      </symbol>
      <symbol id="sm-9a9">
         <name>__mspabi_srli_4</name>
         <value>0x6a50</value>
         <object_component_ref idref="oc-174"/>
      </symbol>
      <symbol id="sm-9aa">
         <name>__mspabi_srli_5</name>
         <value>0x6a4c</value>
         <object_component_ref idref="oc-174"/>
      </symbol>
      <symbol id="sm-9ab">
         <name>__mspabi_srli_2</name>
         <value>0x6a58</value>
         <object_component_ref idref="oc-174"/>
      </symbol>
      <symbol id="sm-9ac">
         <name>__mspabi_srli_3</name>
         <value>0x6a54</value>
         <object_component_ref idref="oc-174"/>
      </symbol>
      <symbol id="sm-9ad">
         <name>__mspabi_srli_1</name>
         <value>0x6a5c</value>
         <object_component_ref idref="oc-174"/>
      </symbol>
      <symbol id="sm-9ae">
         <name>__mspabi_srli</name>
         <value>0x6a16</value>
         <object_component_ref idref="oc-174"/>
      </symbol>
      <symbol id="sm-9af">
         <name>__mspabi_srli_15</name>
         <value>0x6a24</value>
         <object_component_ref idref="oc-174"/>
      </symbol>
      <symbol id="sm-9b0">
         <name>__mspabi_srli_14</name>
         <value>0x6a28</value>
         <object_component_ref idref="oc-174"/>
      </symbol>
      <symbol id="sm-9b1">
         <name>__mspabi_srli_13</name>
         <value>0x6a2c</value>
         <object_component_ref idref="oc-174"/>
      </symbol>
      <symbol id="sm-9b2">
         <name>__mspabi_srli_12</name>
         <value>0x6a30</value>
         <object_component_ref idref="oc-174"/>
      </symbol>
      <symbol id="sm-9b3">
         <name>__mspabi_srli_11</name>
         <value>0x6a34</value>
         <object_component_ref idref="oc-174"/>
      </symbol>
      <symbol id="sm-9b4">
         <name>__mspabi_srli_10</name>
         <value>0x6a38</value>
         <object_component_ref idref="oc-174"/>
      </symbol>
      <symbol id="sm-9bc">
         <name>__mspabi_srll_8</name>
         <value>0x6834</value>
         <object_component_ref idref="oc-227"/>
      </symbol>
      <symbol id="sm-9bd">
         <name>__mspabi_srll_9</name>
         <value>0x682e</value>
         <object_component_ref idref="oc-227"/>
      </symbol>
      <symbol id="sm-9be">
         <name>__mspabi_srll_6</name>
         <value>0x6840</value>
         <object_component_ref idref="oc-227"/>
      </symbol>
      <symbol id="sm-9bf">
         <name>__mspabi_srll_7</name>
         <value>0x683a</value>
         <object_component_ref idref="oc-227"/>
      </symbol>
      <symbol id="sm-9c0">
         <name>__mspabi_srll_4</name>
         <value>0x684c</value>
         <object_component_ref idref="oc-227"/>
      </symbol>
      <symbol id="sm-9c1">
         <name>__mspabi_srll_5</name>
         <value>0x6846</value>
         <object_component_ref idref="oc-227"/>
      </symbol>
      <symbol id="sm-9c2">
         <name>__mspabi_srll_2</name>
         <value>0x6858</value>
         <object_component_ref idref="oc-227"/>
      </symbol>
      <symbol id="sm-9c3">
         <name>__mspabi_srll_3</name>
         <value>0x6852</value>
         <object_component_ref idref="oc-227"/>
      </symbol>
      <symbol id="sm-9c4">
         <name>__mspabi_srll_1</name>
         <value>0x685e</value>
         <object_component_ref idref="oc-227"/>
      </symbol>
      <symbol id="sm-9c5">
         <name>__mspabi_srll_15</name>
         <value>0x680a</value>
         <object_component_ref idref="oc-227"/>
      </symbol>
      <symbol id="sm-9c6">
         <name>__mspabi_srll_14</name>
         <value>0x6810</value>
         <object_component_ref idref="oc-227"/>
      </symbol>
      <symbol id="sm-9c7">
         <name>__mspabi_srll_13</name>
         <value>0x6816</value>
         <object_component_ref idref="oc-227"/>
      </symbol>
      <symbol id="sm-9c8">
         <name>__mspabi_srll_12</name>
         <value>0x681c</value>
         <object_component_ref idref="oc-227"/>
      </symbol>
      <symbol id="sm-9c9">
         <name>__mspabi_srll_11</name>
         <value>0x6822</value>
         <object_component_ref idref="oc-227"/>
      </symbol>
      <symbol id="sm-9ca">
         <name>__mspabi_srll_10</name>
         <value>0x6828</value>
         <object_component_ref idref="oc-227"/>
      </symbol>
      <symbol id="sm-9dc">
         <name>memcpy</name>
         <value>0x6ef4</value>
         <object_component_ref idref="oc-a5"/>
      </symbol>
      <symbol id="sm-9e9">
         <name>memset</name>
         <value>0x6e84</value>
         <object_component_ref idref="oc-f6"/>
      </symbol>
      <symbol id="sm-9f1">
         <name>__mspabi_mpyi_f5hw</name>
         <value>0x6e98</value>
         <object_component_ref idref="oc-140"/>
      </symbol>
      <symbol id="sm-9f9">
         <name>__mspabi_mpyl_f5hw</name>
         <value>0x6d68</value>
         <object_component_ref idref="oc-2ba"/>
      </symbol>
      <symbol id="sm-a01">
         <name>_system_pre_init</name>
         <value>0x6fa6</value>
         <object_component_ref idref="oc-8f"/>
      </symbol>
      <symbol id="sm-a18">
         <name>strstr</name>
         <value>0x6b4c</value>
         <object_component_ref idref="oc-13b"/>
      </symbol>
      <symbol id="sm-a27">
         <name>_auto_init</name>
         <value>0x66f2</value>
         <object_component_ref idref="oc-94"/>
      </symbol>
      <symbol id="sm-a28">
         <name>__TI_exit</name>
         <value>0x1</value>
      </symbol>
      <symbol id="sm-a29">
         <name>__TI_args_main</name>
         <value>0x1</value>
      </symbol>
      <symbol id="sm-a2a">
         <name>__TI_INITARRAY_Base</name>
         <value>0x0</value>
      </symbol>
      <symbol id="sm-a2b">
         <name>__TI_INITARRAY_Limit</name>
         <value>0x0</value>
      </symbol>
   </symbol_table>
</link_info>
