<?xml version="1.0" encoding="ISO-8859-1" ?>
<link_info>
   <banner>MSP430 Linker PC v21.6.0.LTS</banner>
   <copyright>Copyright (c) 2003-2018 Texas Instruments Incorporated</copyright>
   <link_time>0x6131c8f7</link_time>
   <link_errors>0x0</link_errors>
   <output_file>wavnew.out</output_file>
   <entry_point>
      <name>_c_int00_noargs</name>
      <address>0x4626</address>
   </entry_point>
   <input_file_list>
      <input_file id="fl-2">
         <path>.\</path>
         <kind>object</kind>
         <file>AD.obj</file>
         <name>AD.obj</name>
      </input_file>
      <input_file id="fl-3">
         <path>.\</path>
         <kind>object</kind>
         <file>DAC7571.obj</file>
         <name>DAC7571.obj</name>
      </input_file>
      <input_file id="fl-4">
         <path>.\</path>
         <kind>object</kind>
         <file>IIC.obj</file>
         <name>IIC.obj</name>
      </input_file>
      <input_file id="fl-5">
         <path>.\</path>
         <kind>object</kind>
         <file>Paper_Display.obj</file>
         <name>Paper_Display.obj</name>
      </input_file>
      <input_file id="fl-6">
         <path>.\</path>
         <kind>object</kind>
         <file>dr_TFT.obj</file>
         <name>dr_TFT.obj</name>
      </input_file>
      <input_file id="fl-7">
         <path>.\</path>
         <kind>object</kind>
         <file>main.obj</file>
         <name>main.obj</name>
      </input_file>
      <input_file id="fl-8">
         <path>.\</path>
         <kind>object</kind>
         <file>task.obj</file>
         <name>task.obj</name>
      </input_file>
      <input_file id="fl-9">
         <path>.\</path>
         <kind>object</kind>
         <file>ucs.obj</file>
         <name>ucs.obj</name>
      </input_file>
      <input_file id="fl-a">
         <path>.\dr_sdcard\</path>
         <kind>object</kind>
         <file>HAL_SDCard.obj</file>
         <name>HAL_SDCard.obj</name>
      </input_file>
      <input_file id="fl-b">
         <path>.\dr_sdcard\</path>
         <kind>object</kind>
         <file>ff.obj</file>
         <name>ff.obj</name>
      </input_file>
      <input_file id="fl-c">
         <path>.\dr_sdcard\</path>
         <kind>object</kind>
         <file>mmc.obj</file>
         <name>mmc.obj</name>
      </input_file>
      <input_file id="fl-13">
         <kind>object</kind>
         <file>&lt;internal&gt;</file>
         <name>&lt;internal&gt;</name>
      </input_file>
      <input_file id="fl-2e">
         <path>C:\ti\ccs1040\ccs\tools\compiler\ti-cgt-msp430_21.6.0.LTS\lib\</path>
         <kind>archive</kind>
         <file>rts430x_lc_rd_eabi.lib</file>
         <name>asr16.asm.obj</name>
      </input_file>
      <input_file id="fl-2f">
         <path>C:\ti\ccs1040\ccs\tools\compiler\ti-cgt-msp430_21.6.0.LTS\lib\</path>
         <kind>archive</kind>
         <file>rts430x_lc_rd_eabi.lib</file>
         <name>div16s.asm.obj</name>
      </input_file>
      <input_file id="fl-30">
         <path>C:\ti\ccs1040\ccs\tools\compiler\ti-cgt-msp430_21.6.0.LTS\lib\</path>
         <kind>archive</kind>
         <file>rts430x_lc_rd_eabi.lib</file>
         <name>div16u.asm.obj</name>
      </input_file>
      <input_file id="fl-31">
         <path>C:\ti\ccs1040\ccs\tools\compiler\ti-cgt-msp430_21.6.0.LTS\lib\</path>
         <kind>archive</kind>
         <file>rts430x_lc_rd_eabi.lib</file>
         <name>div32s.asm.obj</name>
      </input_file>
      <input_file id="fl-32">
         <path>C:\ti\ccs1040\ccs\tools\compiler\ti-cgt-msp430_21.6.0.LTS\lib\</path>
         <kind>archive</kind>
         <file>rts430x_lc_rd_eabi.lib</file>
         <name>div32u.asm.obj</name>
      </input_file>
      <input_file id="fl-33">
         <path>C:\ti\ccs1040\ccs\tools\compiler\ti-cgt-msp430_21.6.0.LTS\lib\</path>
         <kind>archive</kind>
         <file>rts430x_lc_rd_eabi.lib</file>
         <name>fs_cmp.asm.obj</name>
      </input_file>
      <input_file id="fl-34">
         <path>C:\ti\ccs1040\ccs\tools\compiler\ti-cgt-msp430_21.6.0.LTS\lib\</path>
         <kind>archive</kind>
         <file>rts430x_lc_rd_eabi.lib</file>
         <name>fs_utof.asm.obj</name>
      </input_file>
      <input_file id="fl-35">
         <path>C:\ti\ccs1040\ccs\tools\compiler\ti-cgt-msp430_21.6.0.LTS\lib\</path>
         <kind>archive</kind>
         <file>rts430x_lc_rd_eabi.lib</file>
         <name>int41.asm.obj</name>
      </input_file>
      <input_file id="fl-36">
         <path>C:\ti\ccs1040\ccs\tools\compiler\ti-cgt-msp430_21.6.0.LTS\lib\</path>
         <kind>archive</kind>
         <file>rts430x_lc_rd_eabi.lib</file>
         <name>int42.asm.obj</name>
      </input_file>
      <input_file id="fl-37">
         <path>C:\ti\ccs1040\ccs\tools\compiler\ti-cgt-msp430_21.6.0.LTS\lib\</path>
         <kind>archive</kind>
         <file>rts430x_lc_rd_eabi.lib</file>
         <name>int43.asm.obj</name>
      </input_file>
      <input_file id="fl-38">
         <path>C:\ti\ccs1040\ccs\tools\compiler\ti-cgt-msp430_21.6.0.LTS\lib\</path>
         <kind>archive</kind>
         <file>rts430x_lc_rd_eabi.lib</file>
         <name>int44.asm.obj</name>
      </input_file>
      <input_file id="fl-39">
         <path>C:\ti\ccs1040\ccs\tools\compiler\ti-cgt-msp430_21.6.0.LTS\lib\</path>
         <kind>archive</kind>
         <file>rts430x_lc_rd_eabi.lib</file>
         <name>int45.asm.obj</name>
      </input_file>
      <input_file id="fl-3a">
         <path>C:\ti\ccs1040\ccs\tools\compiler\ti-cgt-msp430_21.6.0.LTS\lib\</path>
         <kind>archive</kind>
         <file>rts430x_lc_rd_eabi.lib</file>
         <name>int46.asm.obj</name>
      </input_file>
      <input_file id="fl-3b">
         <path>C:\ti\ccs1040\ccs\tools\compiler\ti-cgt-msp430_21.6.0.LTS\lib\</path>
         <kind>archive</kind>
         <file>rts430x_lc_rd_eabi.lib</file>
         <name>int47.asm.obj</name>
      </input_file>
      <input_file id="fl-3c">
         <path>C:\ti\ccs1040\ccs\tools\compiler\ti-cgt-msp430_21.6.0.LTS\lib\</path>
         <kind>archive</kind>
         <file>rts430x_lc_rd_eabi.lib</file>
         <name>int48.asm.obj</name>
      </input_file>
      <input_file id="fl-3d">
         <path>C:\ti\ccs1040\ccs\tools\compiler\ti-cgt-msp430_21.6.0.LTS\lib\</path>
         <kind>archive</kind>
         <file>rts430x_lc_rd_eabi.lib</file>
         <name>int49.asm.obj</name>
      </input_file>
      <input_file id="fl-3e">
         <path>C:\ti\ccs1040\ccs\tools\compiler\ti-cgt-msp430_21.6.0.LTS\lib\</path>
         <kind>archive</kind>
         <file>rts430x_lc_rd_eabi.lib</file>
         <name>int50.asm.obj</name>
      </input_file>
      <input_file id="fl-3f">
         <path>C:\ti\ccs1040\ccs\tools\compiler\ti-cgt-msp430_21.6.0.LTS\lib\</path>
         <kind>archive</kind>
         <file>rts430x_lc_rd_eabi.lib</file>
         <name>int51.asm.obj</name>
      </input_file>
      <input_file id="fl-40">
         <path>C:\ti\ccs1040\ccs\tools\compiler\ti-cgt-msp430_21.6.0.LTS\lib\</path>
         <kind>archive</kind>
         <file>rts430x_lc_rd_eabi.lib</file>
         <name>int54.asm.obj</name>
      </input_file>
      <input_file id="fl-41">
         <path>C:\ti\ccs1040\ccs\tools\compiler\ti-cgt-msp430_21.6.0.LTS\lib\</path>
         <kind>archive</kind>
         <file>rts430x_lc_rd_eabi.lib</file>
         <name>int55.asm.obj</name>
      </input_file>
      <input_file id="fl-42">
         <path>C:\ti\ccs1040\ccs\tools\compiler\ti-cgt-msp430_21.6.0.LTS\lib\</path>
         <kind>archive</kind>
         <file>rts430x_lc_rd_eabi.lib</file>
         <name>int56.asm.obj</name>
      </input_file>
      <input_file id="fl-43">
         <path>C:\ti\ccs1040\ccs\tools\compiler\ti-cgt-msp430_21.6.0.LTS\lib\</path>
         <kind>archive</kind>
         <file>rts430x_lc_rd_eabi.lib</file>
         <name>int57.asm.obj</name>
      </input_file>
      <input_file id="fl-44">
         <path>C:\ti\ccs1040\ccs\tools\compiler\ti-cgt-msp430_21.6.0.LTS\lib\</path>
         <kind>archive</kind>
         <file>rts430x_lc_rd_eabi.lib</file>
         <name>int58.asm.obj</name>
      </input_file>
      <input_file id="fl-45">
         <path>C:\ti\ccs1040\ccs\tools\compiler\ti-cgt-msp430_21.6.0.LTS\lib\</path>
         <kind>archive</kind>
         <file>rts430x_lc_rd_eabi.lib</file>
         <name>int59.asm.obj</name>
      </input_file>
      <input_file id="fl-46">
         <path>C:\ti\ccs1040\ccs\tools\compiler\ti-cgt-msp430_21.6.0.LTS\lib\</path>
         <kind>archive</kind>
         <file>rts430x_lc_rd_eabi.lib</file>
         <name>int60.asm.obj</name>
      </input_file>
      <input_file id="fl-47">
         <path>C:\ti\ccs1040\ccs\tools\compiler\ti-cgt-msp430_21.6.0.LTS\lib\</path>
         <kind>archive</kind>
         <file>rts430x_lc_rd_eabi.lib</file>
         <name>int61.asm.obj</name>
      </input_file>
      <input_file id="fl-48">
         <path>C:\ti\ccs1040\ccs\tools\compiler\ti-cgt-msp430_21.6.0.LTS\lib\</path>
         <kind>archive</kind>
         <file>rts430x_lc_rd_eabi.lib</file>
         <name>int62.asm.obj</name>
      </input_file>
      <input_file id="fl-49">
         <path>C:\ti\ccs1040\ccs\tools\compiler\ti-cgt-msp430_21.6.0.LTS\lib\</path>
         <kind>archive</kind>
         <file>rts430x_lc_rd_eabi.lib</file>
         <name>isr_trap.asm.obj</name>
      </input_file>
      <input_file id="fl-4a">
         <path>C:\ti\ccs1040\ccs\tools\compiler\ti-cgt-msp430_21.6.0.LTS\lib\</path>
         <kind>archive</kind>
         <file>rts430x_lc_rd_eabi.lib</file>
         <name>lsl16.asm.obj</name>
      </input_file>
      <input_file id="fl-4b">
         <path>C:\ti\ccs1040\ccs\tools\compiler\ti-cgt-msp430_21.6.0.LTS\lib\</path>
         <kind>archive</kind>
         <file>rts430x_lc_rd_eabi.lib</file>
         <name>lsl32.asm.obj</name>
      </input_file>
      <input_file id="fl-4c">
         <path>C:\ti\ccs1040\ccs\tools\compiler\ti-cgt-msp430_21.6.0.LTS\lib\</path>
         <kind>archive</kind>
         <file>rts430x_lc_rd_eabi.lib</file>
         <name>lsr32.asm.obj</name>
      </input_file>
      <input_file id="fl-4d">
         <path>C:\ti\ccs1040\ccs\tools\compiler\ti-cgt-msp430_21.6.0.LTS\lib\</path>
         <kind>archive</kind>
         <file>rts430x_lc_rd_eabi.lib</file>
         <name>mult16.asm.obj</name>
      </input_file>
      <input_file id="fl-4e">
         <path>C:\ti\ccs1040\ccs\tools\compiler\ti-cgt-msp430_21.6.0.LTS\lib\</path>
         <kind>archive</kind>
         <file>rts430x_lc_rd_eabi.lib</file>
         <name>mult16_f5hw.asm.obj</name>
      </input_file>
      <input_file id="fl-4f">
         <path>C:\ti\ccs1040\ccs\tools\compiler\ti-cgt-msp430_21.6.0.LTS\lib\</path>
         <kind>archive</kind>
         <file>rts430x_lc_rd_eabi.lib</file>
         <name>mult1632_f5hw.asm.obj</name>
      </input_file>
      <input_file id="fl-50">
         <path>C:\ti\ccs1040\ccs\tools\compiler\ti-cgt-msp430_21.6.0.LTS\lib\</path>
         <kind>archive</kind>
         <file>rts430x_lc_rd_eabi.lib</file>
         <name>mult32.asm.obj</name>
      </input_file>
      <input_file id="fl-51">
         <path>C:\ti\ccs1040\ccs\tools\compiler\ti-cgt-msp430_21.6.0.LTS\lib\</path>
         <kind>archive</kind>
         <file>rts430x_lc_rd_eabi.lib</file>
         <name>mult32_f5hw.asm.obj</name>
      </input_file>
      <input_file id="fl-52">
         <path>C:\ti\ccs1040\ccs\tools\compiler\ti-cgt-msp430_21.6.0.LTS\lib\</path>
         <kind>archive</kind>
         <file>rts430x_lc_rd_eabi.lib</file>
         <name>mult3264_f5hw.asm.obj</name>
      </input_file>
      <input_file id="fl-53">
         <path>C:\ti\ccs1040\ccs\tools\compiler\ti-cgt-msp430_21.6.0.LTS\lib\</path>
         <kind>archive</kind>
         <file>rts430x_lc_rd_eabi.lib</file>
         <name>mult64_f5hw.asm.obj</name>
      </input_file>
      <input_file id="fl-54">
         <path>C:\ti\ccs1040\ccs\tools\compiler\ti-cgt-msp430_21.6.0.LTS\lib\</path>
         <kind>archive</kind>
         <file>rts430x_lc_rd_eabi.lib</file>
         <name>boot.c.obj</name>
      </input_file>
      <input_file id="fl-55">
         <path>C:\ti\ccs1040\ccs\tools\compiler\ti-cgt-msp430_21.6.0.LTS\lib\</path>
         <kind>archive</kind>
         <file>rts430x_lc_rd_eabi.lib</file>
         <name>autoinit.c.obj</name>
      </input_file>
      <input_file id="fl-56">
         <path>C:\ti\ccs1040\ccs\tools\compiler\ti-cgt-msp430_21.6.0.LTS\lib\</path>
         <kind>archive</kind>
         <file>rts430x_lc_rd_eabi.lib</file>
         <name>copy_zero_init.c.obj</name>
      </input_file>
      <input_file id="fl-57">
         <path>C:\ti\ccs1040\ccs\tools\compiler\ti-cgt-msp430_21.6.0.LTS\lib\</path>
         <kind>archive</kind>
         <file>rts430x_lc_rd_eabi.lib</file>
         <name>cpy_tbl.c.obj</name>
      </input_file>
      <input_file id="fl-58">
         <path>C:\ti\ccs1040\ccs\tools\compiler\ti-cgt-msp430_21.6.0.LTS\lib\</path>
         <kind>archive</kind>
         <file>rts430x_lc_rd_eabi.lib</file>
         <name>mpu_init.c.obj</name>
      </input_file>
      <input_file id="fl-59">
         <path>C:\ti\ccs1040\ccs\tools\compiler\ti-cgt-msp430_21.6.0.LTS\lib\</path>
         <kind>archive</kind>
         <file>rts430x_lc_rd_eabi.lib</file>
         <name>pre_init.c.obj</name>
      </input_file>
      <input_file id="fl-5a">
         <path>C:\ti\ccs1040\ccs\tools\compiler\ti-cgt-msp430_21.6.0.LTS\lib\</path>
         <kind>archive</kind>
         <file>rts430x_lc_rd_eabi.lib</file>
         <name>startup.c.obj</name>
      </input_file>
      <input_file id="fl-5b">
         <path>C:\ti\ccs1040\ccs\tools\compiler\ti-cgt-msp430_21.6.0.LTS\lib\</path>
         <kind>archive</kind>
         <file>rts430x_lc_rd_eabi.lib</file>
         <name>copy_decompress_none.c.obj</name>
      </input_file>
      <input_file id="fl-5c">
         <path>C:\ti\ccs1040\ccs\tools\compiler\ti-cgt-msp430_21.6.0.LTS\lib\</path>
         <kind>archive</kind>
         <file>rts430x_lc_rd_eabi.lib</file>
         <name>copy_decompress_lzss.c.obj</name>
      </input_file>
      <input_file id="fl-5d">
         <path>C:\ti\ccs1040\ccs\tools\compiler\ti-cgt-msp430_21.6.0.LTS\lib\</path>
         <kind>archive</kind>
         <file>rts430x_lc_rd_eabi.lib</file>
         <name>exit.c.obj</name>
      </input_file>
      <input_file id="fl-5e">
         <path>C:\ti\ccs1040\ccs\tools\compiler\ti-cgt-msp430_21.6.0.LTS\lib\</path>
         <kind>archive</kind>
         <file>rts430x_lc_rd_eabi.lib</file>
         <name>_lock.c.obj</name>
      </input_file>
      <input_file id="fl-5f">
         <path>C:\ti\ccs1040\ccs\tools\compiler\ti-cgt-msp430_21.6.0.LTS\lib\</path>
         <kind>archive</kind>
         <file>rts430x_lc_rd_eabi.lib</file>
         <name>args_main.c.obj</name>
      </input_file>
      <input_file id="fl-60">
         <path>C:\ti\ccs1040\ccs\tools\compiler\ti-cgt-msp430_21.6.0.LTS\lib\</path>
         <kind>archive</kind>
         <file>rts430x_lc_rd_eabi.lib</file>
         <name>memcpy.c.obj</name>
      </input_file>
      <input_file id="fl-61">
         <path>C:\ti\ccs1040\ccs\tools\compiler\ti-cgt-msp430_21.6.0.LTS\lib\</path>
         <kind>archive</kind>
         <file>rts430x_lc_rd_eabi.lib</file>
         <name>memset.c.obj</name>
      </input_file>
      <input_file id="fl-62">
         <path>C:\ti\ccs1040\ccs\tools\compiler\ti-cgt-msp430_21.6.0.LTS\lib\</path>
         <kind>archive</kind>
         <file>rts430x_lc_rd_eabi.lib</file>
         <name>strstr.c.obj</name>
      </input_file>
      <input_file id="fl-63">
         <path>C:\ti\ccs1040\ccs\tools\compiler\ti-cgt-msp430_21.6.0.LTS\lib\</path>
         <kind>archive</kind>
         <file>rts430x_lc_rd_eabi.lib</file>
         <name>exit_gvars.c.obj</name>
      </input_file>
   </input_file_list>
   <object_component_list>
      <object_component id="oc-5f2">
         <name>.bss:FatFs</name>
         <uninitialized>true</uninitialized>
         <run_address>0x2eb6</run_address>
         <size>0x4</size>
         <input_file_ref idref="fl-b"/>
      </object_component>
      <object_component id="oc-70f">
         <name>.bss</name>
         <uninitialized>true</uninitialized>
         <run_address>0x2ebe</run_address>
         <size>0x2</size>
         <input_file_ref idref="fl-b"/>
      </object_component>
      <object_component id="oc-748">
         <name>.bss</name>
         <uninitialized>true</uninitialized>
         <run_address>0x2ec6</run_address>
         <size>0x1</size>
         <input_file_ref idref="fl-c"/>
      </object_component>
      <object_component id="oc-53f">
         <name>.common:br</name>
         <uninitialized>true</uninitialized>
         <run_address>0x2ec4</run_address>
         <size>0x2</size>
      </object_component>
      <object_component id="oc-53e">
         <name>.common:buffer</name>
         <uninitialized>true</uninitialized>
         <run_address>0x2400</run_address>
         <size>0x800</size>
      </object_component>
      <object_component id="oc-512">
         <name>.common:fatfs</name>
         <uninitialized>true</uninitialized>
         <run_address>0x2c00</run_address>
         <size>0x22e</size>
      </object_component>
      <object_component id="oc-531">
         <name>.common:fil</name>
         <uninitialized>true</uninitialized>
         <run_address>0x2e7e</run_address>
         <size>0x24</size>
      </object_component>
      <object_component id="oc-493">
         <name>.common:KeyFlag</name>
         <uninitialized>true</uninitialized>
         <run_address>0x2eba</run_address>
         <size>0x4</size>
      </object_component>
      <object_component id="oc-408">
         <name>.common:LastCCR2</name>
         <uninitialized>true</uninitialized>
         <run_address>0x2ec0</run_address>
         <size>0x2</size>
      </object_component>
      <object_component id="oc-412">
         <name>.common:LastCCR4</name>
         <uninitialized>true</uninitialized>
         <run_address>0x2ec2</run_address>
         <size>0x2</size>
      </object_component>
      <object_component id="oc-40b">
         <name>.common:dat1</name>
         <uninitialized>true</uninitialized>
         <run_address>0x2e2e</run_address>
         <size>0x28</size>
      </object_component>
      <object_component id="oc-413">
         <name>.common:dat2</name>
         <uninitialized>true</uninitialized>
         <run_address>0x2e56</run_address>
         <size>0x28</size>
      </object_component>
      <object_component id="oc-4a0">
         <name>.common:modeSel</name>
         <uninitialized>true</uninitialized>
         <run_address>0x2ea2</run_address>
         <size>0x14</size>
      </object_component>
      <object_component id="oc-405">
         <name>.data</name>
         <load_address>0x2ec8</load_address>
         <run_address>0x2ec8</run_address>
         <size>0xc</size>
         <input_file_ref idref="fl-8"/>
      </object_component>
      <object_component id="oc-798">
         <name>.data</name>
         <load_address>0x2ed4</load_address>
         <run_address>0x2ed4</run_address>
         <size>0x2</size>
         <input_file_ref idref="fl-c"/>
      </object_component>
      <object_component id="oc-38a">
         <name>.stack</name>
         <uninitialized>true</uninitialized>
         <run_address>0x4360</run_address>
         <size>0x4</size>
         <input_file_ref idref="fl-54"/>
      </object_component>
      <object_component id="oc-894">
         <name>.stack</name>
         <uninitialized>true</uninitialized>
         <run_address>0x4360</run_address>
         <size>0x0</size>
      </object_component>
      <object_component id="oc-5f7">
         <name>.text:chk_mounted</name>
         <load_address>0xa462</load_address>
         <run_address>0xa462</run_address>
         <size>0x4ae</size>
         <input_file_ref idref="fl-b"/>
      </object_component>
      <object_component id="oc-43e">
         <name>.text:main</name>
         <load_address>0xa910</load_address>
         <run_address>0xa910</run_address>
         <size>0x2ae</size>
         <input_file_ref idref="fl-7"/>
      </object_component>
      <object_component id="oc-532">
         <name>.text:f_open</name>
         <load_address>0xabbe</load_address>
         <run_address>0xabbe</run_address>
         <size>0x214</size>
         <input_file_ref idref="fl-b"/>
      </object_component>
      <object_component id="oc-540">
         <name>.text:f_read</name>
         <load_address>0xadd2</load_address>
         <run_address>0xadd2</run_address>
         <size>0x1f0</size>
         <input_file_ref idref="fl-b"/>
      </object_component>
      <object_component id="oc-61f">
         <name>.text:dir_next</name>
         <load_address>0xafc2</load_address>
         <run_address>0xafc2</run_address>
         <size>0x17c</size>
         <input_file_ref idref="fl-b"/>
      </object_component>
      <object_component id="oc-713">
         <name>.text:create_name</name>
         <load_address>0xb13e</load_address>
         <run_address>0xb13e</run_address>
         <size>0x17a</size>
         <input_file_ref idref="fl-b"/>
      </object_component>
      <object_component id="oc-735">
         <name>.text:put_fat</name>
         <load_address>0xb2b8</load_address>
         <run_address>0xb2b8</run_address>
         <size>0x160</size>
         <input_file_ref idref="fl-b"/>
      </object_component>
      <object_component id="oc-6f9">
         <name>.text:disk_initialize</name>
         <load_address>0xb418</load_address>
         <run_address>0xb418</run_address>
         <size>0x14a</size>
         <input_file_ref idref="fl-c"/>
      </object_component>
      <object_component id="oc-64f">
         <name>.text:get_fat</name>
         <load_address>0xb562</load_address>
         <run_address>0xb562</run_address>
         <size>0x136</size>
         <input_file_ref idref="fl-b"/>
      </object_component>
      <object_component id="oc-726">
         <name>.text:create_chain</name>
         <load_address>0xb698</load_address>
         <run_address>0xb698</run_address>
         <size>0x120</size>
         <input_file_ref idref="fl-b"/>
      </object_component>
      <object_component id="oc-603">
         <name>.text:dir_sdi</name>
         <load_address>0xb7b8</load_address>
         <run_address>0xb7b8</run_address>
         <size>0xfe</size>
         <input_file_ref idref="fl-b"/>
      </object_component>
      <object_component id="oc-4d6">
         <name>.text:DIS_IMG</name>
         <load_address>0xb8b6</load_address>
         <run_address>0xb8b6</run_address>
         <size>0xf6</size>
         <input_file_ref idref="fl-5"/>
      </object_component>
      <object_component id="oc-7e0">
         <name>.text:disk_ioctl</name>
         <load_address>0xb9ac</load_address>
         <run_address>0xb9ac</run_address>
         <size>0xf4</size>
         <input_file_ref idref="fl-c"/>
      </object_component>
      <object_component id="oc-538">
         <name>.text:Filter</name>
         <load_address>0xbaa0</load_address>
         <run_address>0xbaa0</run_address>
         <size>0xe4</size>
         <input_file_ref idref="fl-8"/>
      </object_component>
      <object_component id="oc-429">
         <name>.text:signalRes</name>
         <load_address>0xbb84</load_address>
         <run_address>0xbb84</run_address>
         <size>0xe0</size>
         <input_file_ref idref="fl-8"/>
      </object_component>
      <object_component id="oc-4b4">
         <name>.text:runLED0</name>
         <load_address>0xbc64</load_address>
         <run_address>0xbc64</run_address>
         <size>0xde</size>
         <input_file_ref idref="fl-8"/>
      </object_component>
      <object_component id="oc-4ae">
         <name>.text:runLED1</name>
         <load_address>0xbd42</load_address>
         <run_address>0xbd42</run_address>
         <size>0xde</size>
         <input_file_ref idref="fl-8"/>
      </object_component>
      <object_component id="oc-763">
         <name>.text:sync</name>
         <load_address>0xbe20</load_address>
         <run_address>0xbe20</run_address>
         <size>0xdc</size>
         <input_file_ref idref="fl-b"/>
      </object_component>
      <object_component id="oc-4ba">
         <name>.text:runLED2</name>
         <load_address>0xbefc</load_address>
         <run_address>0xbefc</run_address>
         <size>0xda</size>
         <input_file_ref idref="fl-8"/>
      </object_component>
      <object_component id="oc-619">
         <name>.text:get_fileinfo</name>
         <load_address>0xbfd6</load_address>
         <run_address>0xbfd6</run_address>
         <size>0xd8</size>
         <input_file_ref idref="fl-b"/>
      </object_component>
      <object_component id="oc-4d0">
         <name>.text:INIT_SSD1673</name>
         <load_address>0xc0ae</load_address>
         <run_address>0xc0ae</run_address>
         <size>0xd2</size>
         <input_file_ref idref="fl-5"/>
      </object_component>
      <object_component id="oc-423">
         <name>.text:signalJudge</name>
         <load_address>0xc180</load_address>
         <run_address>0xc180</run_address>
         <size>0xd2</size>
         <input_file_ref idref="fl-8"/>
      </object_component>
      <object_component id="oc-638">
         <name>.text:move_window</name>
         <load_address>0xc252</load_address>
         <run_address>0xc252</run_address>
         <size>0xbe</size>
         <input_file_ref idref="fl-b"/>
      </object_component>
      <object_component id="oc-73c">
         <name>.text:disk_write</name>
         <load_address>0xc310</load_address>
         <run_address>0xc310</run_address>
         <size>0xbc</size>
         <input_file_ref idref="fl-c"/>
      </object_component>
      <object_component id="oc-5fd">
         <name>.text:follow_path</name>
         <load_address>0xc3cc</load_address>
         <run_address>0xc3cc</run_address>
         <size>0xb4</size>
         <input_file_ref idref="fl-b"/>
      </object_component>
      <object_component id="oc-74b">
         <name>.text:send_cmd</name>
         <load_address>0xc480</load_address>
         <run_address>0xc480</run_address>
         <size>0xb4</size>
         <input_file_ref idref="fl-c"/>
      </object_component>
      <object_component id="oc-519">
         <name>.text:f_opendir</name>
         <load_address>0xc534</load_address>
         <run_address>0xc534</run_address>
         <size>0xa6</size>
         <input_file_ref idref="fl-b"/>
      </object_component>
      <object_component id="oc-4e2">
         <name>.text:IOInit</name>
         <load_address>0xc5da</load_address>
         <run_address>0xc5da</run_address>
         <size>0x9c</size>
         <input_file_ref idref="fl-8"/>
      </object_component>
      <object_component id="oc-632">
         <name>.text:remove_chain</name>
         <load_address>0xc676</load_address>
         <run_address>0xc676</run_address>
         <size>0x9c</size>
         <input_file_ref idref="fl-b"/>
      </object_component>
      <object_component id="oc-65b">
         <name>.text:disk_read</name>
         <load_address>0xc712</load_address>
         <run_address>0xc712</run_address>
         <size>0x94</size>
         <input_file_ref idref="fl-c"/>
      </object_component>
      <object_component id="oc-67b">
         <name>.text:f_sync</name>
         <load_address>0xc7a6</load_address>
         <run_address>0xc7a6</run_address>
         <size>0x94</size>
         <input_file_ref idref="fl-b"/>
      </object_component>
      <object_component id="oc-6ff">
         <name>.text:check_fs</name>
         <load_address>0xc83a</load_address>
         <run_address>0xc83a</run_address>
         <size>0x90</size>
         <input_file_ref idref="fl-b"/>
      </object_component>
      <object_component id="oc-626">
         <name>.text:dir_register</name>
         <load_address>0xc8ca</load_address>
         <run_address>0xc8ca</run_address>
         <size>0x84</size>
         <input_file_ref idref="fl-b"/>
      </object_component>
      <object_component id="oc-6a">
         <name>.text:decompress:lzss:__TI_decompress_lzss</name>
         <load_address>0xc94e</load_address>
         <run_address>0xc94e</run_address>
         <size>0x76</size>
         <input_file_ref idref="fl-5c"/>
      </object_component>
      <object_component id="oc-5e9">
         <name>.text:sd_reset</name>
         <load_address>0xc9c4</load_address>
         <run_address>0xc9c4</run_address>
         <size>0x74</size>
         <input_file_ref idref="fl-a"/>
      </object_component>
      <object_component id="oc-52b">
         <name>.text:f_readdir</name>
         <load_address>0xca38</load_address>
         <run_address>0xca38</run_address>
         <size>0x64</size>
         <input_file_ref idref="fl-b"/>
      </object_component>
      <object_component id="oc-4c4">
         <name>.text:initClock</name>
         <load_address>0xca9c</load_address>
         <run_address>0xca9c</run_address>
         <size>0x64</size>
         <input_file_ref idref="fl-7"/>
      </object_component>
      <object_component id="oc-613">
         <name>.text:dir_read</name>
         <load_address>0xcb00</load_address>
         <run_address>0xcb00</run_address>
         <size>0x5e</size>
         <input_file_ref idref="fl-b"/>
      </object_component>
      <object_component id="oc-719">
         <name>.text:dir_find</name>
         <load_address>0xcb5e</load_address>
         <run_address>0xcb5e</run_address>
         <size>0x5a</size>
         <input_file_ref idref="fl-b"/>
      </object_component>
      <object_component id="oc-70a">
         <name>.text</name>
         <load_address>0xcbb8</load_address>
         <run_address>0xcbb8</run_address>
         <size>0x58</size>
         <input_file_ref idref="fl-32"/>
      </object_component>
      <object_component id="oc-7c6">
         <name>.text:xmit_datablock</name>
         <load_address>0xcc10</load_address>
         <run_address>0xcc10</run_address>
         <size>0x58</size>
         <input_file_ref idref="fl-c"/>
      </object_component>
      <object_component id="oc-577">
         <name>.text:__TI_auto_init_nobinit_nopinit_hold_wdt:__TI_auto_init_nobinit_nopinit_hold_wdt</name>
         <load_address>0xcc68</load_address>
         <run_address>0xcc68</run_address>
         <size>0x54</size>
         <input_file_ref idref="fl-55"/>
      </object_component>
      <object_component id="oc-751">
         <name>.text:rcvr_datablock</name>
         <load_address>0xccbc</load_address>
         <run_address>0xccbc</run_address>
         <size>0x54</size>
         <input_file_ref idref="fl-c"/>
      </object_component>
      <object_component id="oc-6dd">
         <name>.text:SD_SendCommand</name>
         <load_address>0xcd10</load_address>
         <run_address>0xcd10</run_address>
         <size>0x50</size>
         <input_file_ref idref="fl-a"/>
      </object_component>
      <object_component id="oc-6e3">
         <name>.text:SD_SendCommand1</name>
         <load_address>0xcd60</load_address>
         <run_address>0xcd60</run_address>
         <size>0x4e</size>
         <input_file_ref idref="fl-a"/>
      </object_component>
      <object_component id="oc-417">
         <name>.text:ScanKey</name>
         <load_address>0xcdae</load_address>
         <run_address>0xcdae</run_address>
         <size>0x4e</size>
         <input_file_ref idref="fl-8"/>
      </object_component>
      <object_component id="oc-500">
         <name>.text:SDCard_init</name>
         <load_address>0xcdfc</load_address>
         <run_address>0xcdfc</run_address>
         <size>0x4c</size>
         <input_file_ref idref="fl-a"/>
      </object_component>
      <object_component id="oc-49b">
         <name>.text</name>
         <load_address>0xce48</load_address>
         <run_address>0xce48</run_address>
         <size>0x4a</size>
         <input_file_ref idref="fl-33"/>
      </object_component>
      <object_component id="oc-5b0">
         <name>.text:SPI4W_WRITECOM</name>
         <load_address>0xce92</load_address>
         <run_address>0xce92</run_address>
         <size>0x44</size>
         <input_file_ref idref="fl-5"/>
      </object_component>
      <object_component id="oc-5b6">
         <name>.text:SPI4W_WRITEDATA</name>
         <load_address>0xced6</load_address>
         <run_address>0xced6</run_address>
         <size>0x44</size>
         <input_file_ref idref="fl-5"/>
      </object_component>
      <object_component id="oc-655">
         <name>.text:clust2sect</name>
         <load_address>0xcf1a</load_address>
         <run_address>0xcf1a</run_address>
         <size>0x3e</size>
         <input_file_ref idref="fl-b"/>
      </object_component>
      <object_component id="oc-63e">
         <name>.text:l_lsl_const</name>
         <load_address>0xcf58</load_address>
         <run_address>0xcf58</run_address>
         <size>0x3e</size>
         <input_file_ref idref="fl-4b"/>
      </object_component>
      <object_component id="oc-64a">
         <name>.text:l_lsr_const</name>
         <load_address>0xcf96</load_address>
         <run_address>0xcf96</run_address>
         <size>0x3e</size>
         <input_file_ref idref="fl-4c"/>
      </object_component>
      <object_component id="oc-520">
         <name>.text:strstr</name>
         <load_address>0xcfd4</load_address>
         <run_address>0xcfd4</run_address>
         <size>0x3c</size>
         <input_file_ref idref="fl-62"/>
      </object_component>
      <object_component id="oc-7f6">
         <name>.text:SDCard_readFrame</name>
         <load_address>0xd010</load_address>
         <run_address>0xd010</run_address>
         <size>0x38</size>
         <input_file_ref idref="fl-a"/>
      </object_component>
      <object_component id="oc-800">
         <name>.text:wait_ready</name>
         <load_address>0xd048</load_address>
         <run_address>0xd048</run_address>
         <size>0x38</size>
         <input_file_ref idref="fl-c"/>
      </object_component>
      <object_component id="oc-4fa">
         <name>.text:AD_Init</name>
         <load_address>0xd080</load_address>
         <run_address>0xd080</run_address>
         <size>0x34</size>
         <input_file_ref idref="fl-2"/>
      </object_component>
      <object_component id="oc-546">
         <name>.text:DACValue</name>
         <load_address>0xd0b4</load_address>
         <run_address>0xd0b4</run_address>
         <size>0x34</size>
         <input_file_ref idref="fl-3"/>
      </object_component>
      <object_component id="oc-513">
         <name>.text:f_mount</name>
         <load_address>0xd0e8</load_address>
         <run_address>0xd0e8</run_address>
         <size>0x32</size>
         <input_file_ref idref="fl-b"/>
      </object_component>
      <object_component id="oc-66e">
         <name>.text:senddata</name>
         <load_address>0xd11a</load_address>
         <run_address>0xd11a</run_address>
         <size>0x32</size>
         <input_file_ref idref="fl-4"/>
      </object_component>
      <object_component id="oc-80e">
         <name>.text:SDCard_sendFrame</name>
         <load_address>0xd14c</load_address>
         <run_address>0xd14c</run_address>
         <size>0x2e</size>
         <input_file_ref idref="fl-a"/>
      </object_component>
      <object_component id="oc-644">
         <name>.text</name>
         <load_address>0xd17a</load_address>
         <run_address>0xd17a</run_address>
         <size>0x2c</size>
         <input_file_ref idref="fl-2f"/>
      </object_component>
      <object_component id="oc-60d">
         <name>.text:validate</name>
         <load_address>0xd1a6</load_address>
         <run_address>0xd1a6</run_address>
         <size>0x2c</size>
         <input_file_ref idref="fl-b"/>
      </object_component>
      <object_component id="oc-4a1">
         <name>.text:resetBuf</name>
         <load_address>0xd1d2</load_address>
         <run_address>0xd1d2</run_address>
         <size>0x2a</size>
         <input_file_ref idref="fl-8"/>
      </object_component>
      <object_component id="oc-5bc">
         <name>.text:WRITE_LUT</name>
         <load_address>0xd1fc</load_address>
         <run_address>0xd1fc</run_address>
         <size>0x26</size>
         <input_file_ref idref="fl-5"/>
      </object_component>
      <object_component id="oc-3bd">
         <name>.text:decompress:ZI:__TI_zero_init</name>
         <load_address>0xd222</load_address>
         <run_address>0xd222</run_address>
         <size>0x24</size>
         <input_file_ref idref="fl-56"/>
      </object_component>
      <object_component id="oc-496">
         <name>.text</name>
         <load_address>0xd246</load_address>
         <run_address>0xd246</run_address>
         <size>0x24</size>
         <input_file_ref idref="fl-34"/>
      </object_component>
      <object_component id="oc-705">
         <name>.text</name>
         <load_address>0xd26a</load_address>
         <run_address>0xd26a</run_address>
         <size>0x24</size>
         <input_file_ref idref="fl-51"/>
      </object_component>
      <object_component id="oc-50c">
         <name>.text:TimeGetInit</name>
         <load_address>0xd28e</load_address>
         <run_address>0xd28e</run_address>
         <size>0x22</size>
         <input_file_ref idref="fl-8"/>
      </object_component>
      <object_component id="oc-4f4">
         <name>.text:igniteLED</name>
         <load_address>0xd2b0</load_address>
         <run_address>0xd2b0</run_address>
         <size>0x22</size>
         <input_file_ref idref="fl-8"/>
      </object_component>
      <object_component id="oc-4ee">
         <name>.text:initLED</name>
         <load_address>0xd2d2</load_address>
         <run_address>0xd2d2</run_address>
         <size>0x22</size>
         <input_file_ref idref="fl-8"/>
      </object_component>
      <object_component id="oc-4a8">
         <name>.text:resetLED</name>
         <load_address>0xd2f4</load_address>
         <run_address>0xd2f4</run_address>
         <size>0x22</size>
         <input_file_ref idref="fl-8"/>
      </object_component>
      <object_component id="oc-6f3">
         <name>.text:disk_status</name>
         <load_address>0xd316</load_address>
         <run_address>0xd316</run_address>
         <size>0x20</size>
         <input_file_ref idref="fl-c"/>
      </object_component>
      <object_component id="oc-5c3">
         <name>.text:DELAY_S</name>
         <load_address>0xd336</load_address>
         <run_address>0xd336</run_address>
         <size>0x1c</size>
         <input_file_ref idref="fl-5"/>
      </object_component>
      <object_component id="oc-5db">
         <name>.text:DELAY_mS</name>
         <load_address>0xd352</load_address>
         <run_address>0xd352</run_address>
         <size>0x1c</size>
         <input_file_ref idref="fl-5"/>
      </object_component>
      <object_component id="oc-6d7">
         <name>.text:SPI_WriteByte</name>
         <load_address>0xd36e</load_address>
         <run_address>0xd36e</run_address>
         <size>0x1c</size>
         <input_file_ref idref="fl-a"/>
      </object_component>
      <object_component id="oc-41d">
         <name>.text:HC_SR04Start</name>
         <load_address>0xd38a</load_address>
         <run_address>0xd38a</run_address>
         <size>0x1a</size>
         <input_file_ref idref="fl-8"/>
      </object_component>
      <object_component id="oc-5a4">
         <name>.text:MyRESET</name>
         <load_address>0xd3a4</load_address>
         <run_address>0xd3a4</run_address>
         <size>0x1a</size>
         <input_file_ref idref="fl-5"/>
      </object_component>
      <object_component id="oc-6ba">
         <name>.text:DELAY_M</name>
         <load_address>0xd3be</load_address>
         <run_address>0xd3be</run_address>
         <size>0x18</size>
         <input_file_ref idref="fl-5"/>
      </object_component>
      <object_component id="oc-4ca">
         <name>.text:PaperIO_Int</name>
         <load_address>0xd3d6</load_address>
         <run_address>0xd3d6</run_address>
         <size>0x18</size>
         <input_file_ref idref="fl-5"/>
      </object_component>
      <object_component id="oc-526">
         <name>.text</name>
         <load_address>0xd3ee</load_address>
         <run_address>0xd3ee</run_address>
         <size>0x18</size>
         <input_file_ref idref="fl-4e"/>
      </object_component>
      <object_component id="oc-7cf">
         <name>.text:select</name>
         <load_address>0xd406</load_address>
         <run_address>0xd406</run_address>
         <size>0x18</size>
         <input_file_ref idref="fl-c"/>
      </object_component>
      <object_component id="oc-7b5">
         <name>.text:chk_chr</name>
         <load_address>0xd41e</load_address>
         <run_address>0xd41e</run_address>
         <size>0x16</size>
         <input_file_ref idref="fl-b"/>
      </object_component>
      <object_component id="oc-48d">
         <name>.text:delay1</name>
         <load_address>0xd434</load_address>
         <run_address>0xd434</run_address>
         <size>0x16</size>
         <input_file_ref idref="fl-8"/>
      </object_component>
      <object_component id="oc-54c">
         <name>.text:f_close</name>
         <load_address>0xd44a</load_address>
         <run_address>0xd44a</run_address>
         <size>0x16</size>
         <input_file_ref idref="fl-b"/>
      </object_component>
      <object_component id="oc-4dc">
         <name>.text:memset</name>
         <load_address>0xd460</load_address>
         <run_address>0xd460</run_address>
         <size>0x16</size>
         <input_file_ref idref="fl-61"/>
      </object_component>
      <object_component id="oc-40d">
         <name>.text</name>
         <load_address>0xd476</load_address>
         <run_address>0xd476</run_address>
         <size>0x16</size>
         <input_file_ref idref="fl-30"/>
      </object_component>
      <object_component id="oc-506">
         <name>.text:TimeInit</name>
         <load_address>0xd48c</load_address>
         <run_address>0xd48c</run_address>
         <size>0x14</size>
         <input_file_ref idref="fl-8"/>
      </object_component>
      <object_component id="oc-7bc">
         <name>.text:mem_cmp</name>
         <load_address>0xd4a0</load_address>
         <run_address>0xd4a0</run_address>
         <size>0x14</size>
         <input_file_ref idref="fl-b"/>
      </object_component>
      <object_component id="oc-399">
         <name>.text:memcpy</name>
         <load_address>0xd4b4</load_address>
         <run_address>0xd4b4</run_address>
         <size>0x14</size>
         <input_file_ref idref="fl-60"/>
      </object_component>
      <object_component id="oc-7a8">
         <name>.text:SDCard_fastMode</name>
         <load_address>0xd4c8</load_address>
         <run_address>0xd4c8</run_address>
         <size>0x12</size>
         <input_file_ref idref="fl-a"/>
      </object_component>
      <object_component id="oc-70">
         <name>.text:decompress:none:__TI_decompress_none</name>
         <load_address>0xd4da</load_address>
         <run_address>0xd4da</run_address>
         <size>0x12</size>
         <input_file_ref idref="fl-5b"/>
      </object_component>
      <object_component id="oc-757">
         <name>.text:deselect</name>
         <load_address>0xd4ec</load_address>
         <run_address>0xd4ec</run_address>
         <size>0x12</size>
         <input_file_ref idref="fl-c"/>
      </object_component>
      <object_component id="oc-661">
         <name>.text:mem_cpy</name>
         <load_address>0xd4fe</load_address>
         <run_address>0xd4fe</run_address>
         <size>0x12</size>
         <input_file_ref idref="fl-b"/>
      </object_component>
      <object_component id="oc-72c">
         <name>.text:mem_set</name>
         <load_address>0xd510</load_address>
         <run_address>0xd510</run_address>
         <size>0x12</size>
         <input_file_ref idref="fl-b"/>
      </object_component>
      <object_component id="oc-815">
         <name>.text:l_lsl</name>
         <load_address>0xd522</load_address>
         <run_address>0xd522</run_address>
         <size>0x10</size>
         <input_file_ref idref="fl-4b"/>
      </object_component>
      <object_component id="oc-5aa">
         <name>.text:READBUSY</name>
         <load_address>0xd532</load_address>
         <run_address>0xd532</run_address>
         <size>0xe</size>
         <input_file_ref idref="fl-5"/>
      </object_component>
      <object_component id="oc-668">
         <name>.text:start</name>
         <load_address>0xd540</load_address>
         <run_address>0xd540</run_address>
         <size>0xe</size>
         <input_file_ref idref="fl-4"/>
      </object_component>
      <object_component id="oc-62c">
         <name>.text:get_fattime</name>
         <load_address>0xd54e</load_address>
         <run_address>0xd54e</run_address>
         <size>0xa</size>
         <input_file_ref idref="fl-c"/>
      </object_component>
      <object_component id="oc-674">
         <name>.text:waitack</name>
         <load_address>0xd558</load_address>
         <run_address>0xd558</run_address>
         <size>0xa</size>
         <input_file_ref idref="fl-4"/>
      </object_component>
      <object_component id="oc-4e8">
         <name>.text:HC_SR04Init</name>
         <load_address>0xd562</load_address>
         <run_address>0xd562</run_address>
         <size>0x8</size>
         <input_file_ref idref="fl-8"/>
      </object_component>
      <object_component id="oc-79c">
         <name>.text:SDCard_setCSHigh</name>
         <load_address>0xd56a</load_address>
         <run_address>0xd56a</run_address>
         <size>0x6</size>
         <input_file_ref idref="fl-a"/>
      </object_component>
      <object_component id="oc-807">
         <name>.text:SDCard_setCSLow</name>
         <load_address>0xd570</load_address>
         <run_address>0xd570</run_address>
         <size>0x6</size>
         <input_file_ref idref="fl-a"/>
      </object_component>
      <object_component id="oc-553">
         <name>.text:abort</name>
         <load_address>0xd576</load_address>
         <run_address>0xd576</run_address>
         <size>0x6</size>
         <input_file_ref idref="fl-5d"/>
      </object_component>
      <object_component id="oc-7a2">
         <name>.text:rcvr_mmc</name>
         <load_address>0xd57c</load_address>
         <run_address>0xd57c</run_address>
         <size>0x6</size>
         <input_file_ref idref="fl-c"/>
      </object_component>
      <object_component id="oc-7d5">
         <name>.text:xmit_mmc</name>
         <load_address>0xd582</load_address>
         <run_address>0xd582</run_address>
         <size>0x6</size>
         <input_file_ref idref="fl-c"/>
      </object_component>
      <object_component id="oc-438">
         <name>.text:_system_pre_init</name>
         <load_address>0xd588</load_address>
         <run_address>0xd588</run_address>
         <size>0x4</size>
         <input_file_ref idref="fl-59"/>
      </object_component>
      <object_component id="oc-694">
         <name>.text:_system_post_cinit</name>
         <load_address>0xd58c</load_address>
         <run_address>0xd58c</run_address>
         <size>0x2</size>
         <input_file_ref idref="fl-5a"/>
      </object_component>
      <object_component id="oc-3ab">
         <name>.text:_isr:TIMER0_A1_ISR</name>
         <load_address>0x4400</load_address>
         <run_address>0x4400</run_address>
         <size>0x226</size>
         <input_file_ref idref="fl-7"/>
      </object_component>
      <object_component id="oc-3c9">
         <name>.text:_isr:_c_int00_noargs</name>
         <load_address>0x4626</load_address>
         <run_address>0x4626</run_address>
         <size>0x1c</size>
         <input_file_ref idref="fl-54"/>
      </object_component>
      <object_component id="oc-3b1">
         <name>.text:_isr:Timer_A</name>
         <load_address>0x4642</load_address>
         <run_address>0x4642</run_address>
         <size>0x1a</size>
         <input_file_ref idref="fl-7"/>
      </object_component>
      <object_component id="oc-3a6">
         <name>.text:_isr:__TI_ISR_TRAP</name>
         <load_address>0x465c</load_address>
         <run_address>0x465c</run_address>
         <size>0x8</size>
         <input_file_ref idref="fl-49"/>
      </object_component>
      <object_component id="oc-890">
         <name>__TI_handler_table</name>
         <load_address>0xd58e</load_address>
         <run_address>0xd58e</run_address>
         <size>0xc</size>
      </object_component>
      <object_component id="oc-893">
         <name>.cinit..data.load</name>
         <load_address>0xd59a</load_address>
         <run_address>0xd59a</run_address>
         <size>0xb</size>
      </object_component>
      <object_component id="oc-892">
         <name>.cinit..bss.load</name>
         <load_address>0xd5a6</load_address>
         <run_address>0xd5a6</run_address>
         <size>0x6</size>
      </object_component>
      <object_component id="oc-891">
         <name>__TI_cinit_table</name>
         <load_address>0xd5ac</load_address>
         <run_address>0xd5ac</run_address>
         <size>0x10</size>
      </object_component>
      <object_component id="oc-5d8">
         <name>.const:.string:gImage_dora</name>
         <load_address>0x4664</load_address>
         <run_address>0x4664</run_address>
         <size>0xfa6</size>
         <input_file_ref idref="fl-5"/>
      </object_component>
      <object_component id="oc-5d5">
         <name>.const:.string:gImage_1a</name>
         <load_address>0x560a</load_address>
         <run_address>0x560a</run_address>
         <size>0xfa0</size>
         <input_file_ref idref="fl-5"/>
      </object_component>
      <object_component id="oc-5d2">
         <name>.const:.string:gImage_2a</name>
         <load_address>0x65aa</load_address>
         <run_address>0x65aa</run_address>
         <size>0xfa0</size>
         <input_file_ref idref="fl-5"/>
      </object_component>
      <object_component id="oc-5cf">
         <name>.const:.string:gImage_3a</name>
         <load_address>0x754a</load_address>
         <run_address>0x754a</run_address>
         <size>0xfa0</size>
         <input_file_ref idref="fl-5"/>
      </object_component>
      <object_component id="oc-5cc">
         <name>.const:.string:gImage_end</name>
         <load_address>0x84ea</load_address>
         <run_address>0x84ea</run_address>
         <size>0xfa0</size>
         <input_file_ref idref="fl-5"/>
      </object_component>
      <object_component id="oc-5c9">
         <name>.const:.string:gImage_logo</name>
         <load_address>0x948a</load_address>
         <run_address>0x948a</run_address>
         <size>0xfa0</size>
         <input_file_ref idref="fl-5"/>
      </object_component>
      <object_component id="oc-6c3">
         <name>.const:.string:init_data</name>
         <load_address>0xa42a</load_address>
         <run_address>0xa42a</run_address>
         <size>0x1d</size>
         <input_file_ref idref="fl-5"/>
      </object_component>
      <object_component id="oc-7b4">
         <name>.const:.string</name>
         <load_address>0xa448</load_address>
         <run_address>0xa448</run_address>
         <size>0x10</size>
         <input_file_ref idref="fl-b"/>
      </object_component>
      <object_component id="oc-51f">
         <name>.const:.string</name>
         <load_address>0xa458</load_address>
         <run_address>0xa458</run_address>
         <size>0x6</size>
         <input_file_ref idref="fl-7"/>
      </object_component>
      <object_component id="oc-40c">
         <name>.const</name>
         <load_address>0xa45e</load_address>
         <run_address>0xa45e</run_address>
         <size>0x4</size>
         <input_file_ref idref="fl-7"/>
      </object_component>
      <object_component id="oc-76">
         <name>.int41</name>
         <load_address>0xffd2</load_address>
         <run_address>0xffd2</run_address>
         <size>0x2</size>
         <input_file_ref idref="fl-35"/>
      </object_component>
      <object_component id="oc-77">
         <name>.int42</name>
         <load_address>0xffd4</load_address>
         <run_address>0xffd4</run_address>
         <size>0x2</size>
         <input_file_ref idref="fl-36"/>
      </object_component>
      <object_component id="oc-78">
         <name>.int43</name>
         <load_address>0xffd6</load_address>
         <run_address>0xffd6</run_address>
         <size>0x2</size>
         <input_file_ref idref="fl-37"/>
      </object_component>
      <object_component id="oc-79">
         <name>.int44</name>
         <load_address>0xffd8</load_address>
         <run_address>0xffd8</run_address>
         <size>0x2</size>
         <input_file_ref idref="fl-38"/>
      </object_component>
      <object_component id="oc-7a">
         <name>.int45</name>
         <load_address>0xffda</load_address>
         <run_address>0xffda</run_address>
         <size>0x2</size>
         <input_file_ref idref="fl-39"/>
      </object_component>
      <object_component id="oc-7b">
         <name>.int46</name>
         <load_address>0xffdc</load_address>
         <run_address>0xffdc</run_address>
         <size>0x2</size>
         <input_file_ref idref="fl-3a"/>
      </object_component>
      <object_component id="oc-7c">
         <name>.int47</name>
         <load_address>0xffde</load_address>
         <run_address>0xffde</run_address>
         <size>0x2</size>
         <input_file_ref idref="fl-3b"/>
      </object_component>
      <object_component id="oc-7d">
         <name>.int48</name>
         <load_address>0xffe0</load_address>
         <run_address>0xffe0</run_address>
         <size>0x2</size>
         <input_file_ref idref="fl-3c"/>
      </object_component>
      <object_component id="oc-7e">
         <name>.int49</name>
         <load_address>0xffe2</load_address>
         <run_address>0xffe2</run_address>
         <size>0x2</size>
         <input_file_ref idref="fl-3d"/>
      </object_component>
      <object_component id="oc-7f">
         <name>.int50</name>
         <load_address>0xffe4</load_address>
         <run_address>0xffe4</run_address>
         <size>0x2</size>
         <input_file_ref idref="fl-3e"/>
      </object_component>
      <object_component id="oc-80">
         <name>.int51</name>
         <load_address>0xffe6</load_address>
         <run_address>0xffe6</run_address>
         <size>0x2</size>
         <input_file_ref idref="fl-3f"/>
      </object_component>
      <object_component id="oc-81">
         <name>.int52</name>
         <load_address>0xffe8</load_address>
         <run_address>0xffe8</run_address>
         <size>0x2</size>
         <input_file_ref idref="fl-7"/>
      </object_component>
      <object_component id="oc-82">
         <name>.int53</name>
         <load_address>0xffea</load_address>
         <run_address>0xffea</run_address>
         <size>0x2</size>
         <input_file_ref idref="fl-7"/>
      </object_component>
      <object_component id="oc-83">
         <name>.int54</name>
         <load_address>0xffec</load_address>
         <run_address>0xffec</run_address>
         <size>0x2</size>
         <input_file_ref idref="fl-40"/>
      </object_component>
      <object_component id="oc-84">
         <name>.int55</name>
         <load_address>0xffee</load_address>
         <run_address>0xffee</run_address>
         <size>0x2</size>
         <input_file_ref idref="fl-41"/>
      </object_component>
      <object_component id="oc-85">
         <name>.int56</name>
         <load_address>0xfff0</load_address>
         <run_address>0xfff0</run_address>
         <size>0x2</size>
         <input_file_ref idref="fl-42"/>
      </object_component>
      <object_component id="oc-86">
         <name>.int57</name>
         <load_address>0xfff2</load_address>
         <run_address>0xfff2</run_address>
         <size>0x2</size>
         <input_file_ref idref="fl-43"/>
      </object_component>
      <object_component id="oc-87">
         <name>.int58</name>
         <load_address>0xfff4</load_address>
         <run_address>0xfff4</run_address>
         <size>0x2</size>
         <input_file_ref idref="fl-44"/>
      </object_component>
      <object_component id="oc-88">
         <name>.int59</name>
         <load_address>0xfff6</load_address>
         <run_address>0xfff6</run_address>
         <size>0x2</size>
         <input_file_ref idref="fl-45"/>
      </object_component>
      <object_component id="oc-89">
         <name>.int60</name>
         <load_address>0xfff8</load_address>
         <run_address>0xfff8</run_address>
         <size>0x2</size>
         <input_file_ref idref="fl-46"/>
      </object_component>
      <object_component id="oc-8a">
         <name>.int61</name>
         <load_address>0xfffa</load_address>
         <run_address>0xfffa</run_address>
         <size>0x2</size>
         <input_file_ref idref="fl-47"/>
      </object_component>
      <object_component id="oc-8b">
         <name>.int62</name>
         <load_address>0xfffc</load_address>
         <run_address>0xfffc</run_address>
         <size>0x2</size>
         <input_file_ref idref="fl-48"/>
      </object_component>
      <object_component id="oc-38d">
         <name>.reset</name>
         <load_address>0xfffe</load_address>
         <run_address>0xfffe</run_address>
         <size>0x2</size>
         <input_file_ref idref="fl-54"/>
      </object_component>
      <object_component id="oc-4fb">
         <name>.debug_info</name>
         <load_address>0x0</load_address>
         <run_address>0x0</run_address>
         <size>0xeb</size>
         <input_file_ref idref="fl-2"/>
      </object_component>
      <object_component id="oc-394">
         <name>.debug_info</name>
         <load_address>0xeb</load_address>
         <run_address>0xeb</run_address>
         <size>0x84</size>
         <input_file_ref idref="fl-2"/>
      </object_component>
      <object_component id="oc-547">
         <name>.debug_info</name>
         <load_address>0x16f</load_address>
         <run_address>0x16f</run_address>
         <size>0x19b</size>
         <input_file_ref idref="fl-3"/>
      </object_component>
      <object_component id="oc-675">
         <name>.debug_info</name>
         <load_address>0x30a</load_address>
         <run_address>0x30a</run_address>
         <size>0xee</size>
         <input_file_ref idref="fl-4"/>
      </object_component>
      <object_component id="oc-66a">
         <name>.debug_info</name>
         <load_address>0x3f8</load_address>
         <run_address>0x3f8</run_address>
         <size>0xea</size>
         <input_file_ref idref="fl-4"/>
      </object_component>
      <object_component id="oc-670">
         <name>.debug_info</name>
         <load_address>0x4e2</load_address>
         <run_address>0x4e2</run_address>
         <size>0x11d</size>
         <input_file_ref idref="fl-4"/>
      </object_component>
      <object_component id="oc-598">
         <name>.debug_info</name>
         <load_address>0x5ff</load_address>
         <run_address>0x5ff</run_address>
         <size>0x2a3</size>
         <input_file_ref idref="fl-5"/>
      </object_component>
      <object_component id="oc-5ca">
         <name>.debug_info</name>
         <load_address>0x8a2</load_address>
         <run_address>0x8a2</run_address>
         <size>0xd9</size>
         <input_file_ref idref="fl-5"/>
      </object_component>
      <object_component id="oc-5d9">
         <name>.debug_info</name>
         <load_address>0x97b</load_address>
         <run_address>0x97b</run_address>
         <size>0xd9</size>
         <input_file_ref idref="fl-5"/>
      </object_component>
      <object_component id="oc-5d6">
         <name>.debug_info</name>
         <load_address>0xa54</load_address>
         <run_address>0xa54</run_address>
         <size>0xd5</size>
         <input_file_ref idref="fl-5"/>
      </object_component>
      <object_component id="oc-5d3">
         <name>.debug_info</name>
         <load_address>0xb29</load_address>
         <run_address>0xb29</run_address>
         <size>0xd5</size>
         <input_file_ref idref="fl-5"/>
      </object_component>
      <object_component id="oc-5d0">
         <name>.debug_info</name>
         <load_address>0xbfe</load_address>
         <run_address>0xbfe</run_address>
         <size>0xd5</size>
         <input_file_ref idref="fl-5"/>
      </object_component>
      <object_component id="oc-5cd">
         <name>.debug_info</name>
         <load_address>0xcd3</load_address>
         <run_address>0xcd3</run_address>
         <size>0xd7</size>
         <input_file_ref idref="fl-5"/>
      </object_component>
      <object_component id="oc-6c4">
         <name>.debug_info</name>
         <load_address>0xdaa</load_address>
         <run_address>0xdaa</run_address>
         <size>0xd4</size>
         <input_file_ref idref="fl-5"/>
      </object_component>
      <object_component id="oc-5b1">
         <name>.debug_info</name>
         <load_address>0xe7e</load_address>
         <run_address>0xe7e</run_address>
         <size>0x15b</size>
         <input_file_ref idref="fl-5"/>
      </object_component>
      <object_component id="oc-5b7">
         <name>.debug_info</name>
         <load_address>0xfd9</load_address>
         <run_address>0xfd9</run_address>
         <size>0x160</size>
         <input_file_ref idref="fl-5"/>
      </object_component>
      <object_component id="oc-5bd">
         <name>.debug_info</name>
         <load_address>0x1139</load_address>
         <run_address>0x1139</run_address>
         <size>0x146</size>
         <input_file_ref idref="fl-5"/>
      </object_component>
      <object_component id="oc-5c4">
         <name>.debug_info</name>
         <load_address>0x127f</load_address>
         <run_address>0x127f</run_address>
         <size>0x14d</size>
         <input_file_ref idref="fl-5"/>
      </object_component>
      <object_component id="oc-6bb">
         <name>.debug_info</name>
         <load_address>0x13cc</load_address>
         <run_address>0x13cc</run_address>
         <size>0x15b</size>
         <input_file_ref idref="fl-5"/>
      </object_component>
      <object_component id="oc-5ab">
         <name>.debug_info</name>
         <load_address>0x1527</load_address>
         <run_address>0x1527</run_address>
         <size>0x11c</size>
         <input_file_ref idref="fl-5"/>
      </object_component>
      <object_component id="oc-4cb">
         <name>.debug_info</name>
         <load_address>0x1643</load_address>
         <run_address>0x1643</run_address>
         <size>0x117</size>
         <input_file_ref idref="fl-5"/>
      </object_component>
      <object_component id="oc-5dc">
         <name>.debug_info</name>
         <load_address>0x175a</load_address>
         <run_address>0x175a</run_address>
         <size>0x14f</size>
         <input_file_ref idref="fl-5"/>
      </object_component>
      <object_component id="oc-5a5">
         <name>.debug_info</name>
         <load_address>0x18a9</load_address>
         <run_address>0x18a9</run_address>
         <size>0x12a</size>
         <input_file_ref idref="fl-5"/>
      </object_component>
      <object_component id="oc-4d7">
         <name>.debug_info</name>
         <load_address>0x19d3</load_address>
         <run_address>0x19d3</run_address>
         <size>0x2e6</size>
         <input_file_ref idref="fl-5"/>
      </object_component>
      <object_component id="oc-4d1">
         <name>.debug_info</name>
         <load_address>0x1cb9</load_address>
         <run_address>0x1cb9</run_address>
         <size>0x36c</size>
         <input_file_ref idref="fl-5"/>
      </object_component>
      <object_component id="oc-3fd">
         <name>.debug_info</name>
         <load_address>0x2025</load_address>
         <run_address>0x2025</run_address>
         <size>0x2c</size>
         <input_file_ref idref="fl-5"/>
      </object_component>
      <object_component id="oc-483">
         <name>.debug_info</name>
         <load_address>0x2051</load_address>
         <run_address>0x2051</run_address>
         <size>0x35</size>
         <input_file_ref idref="fl-5"/>
      </object_component>
      <object_component id="oc-597">
         <name>.debug_info</name>
         <load_address>0x2086</load_address>
         <run_address>0x2086</run_address>
         <size>0x328</size>
         <input_file_ref idref="fl-6"/>
      </object_component>
      <object_component id="oc-47e">
         <name>.debug_info</name>
         <load_address>0x23ae</load_address>
         <run_address>0x23ae</run_address>
         <size>0x26b</size>
         <input_file_ref idref="fl-6"/>
      </object_component>
      <object_component id="oc-592">
         <name>.debug_info</name>
         <load_address>0x2619</load_address>
         <run_address>0x2619</run_address>
         <size>0x282</size>
         <input_file_ref idref="fl-6"/>
      </object_component>
      <object_component id="oc-479">
         <name>.debug_info</name>
         <load_address>0x289b</load_address>
         <run_address>0x289b</run_address>
         <size>0xbb</size>
         <input_file_ref idref="fl-6"/>
      </object_component>
      <object_component id="oc-415">
         <name>.debug_info</name>
         <load_address>0x2956</load_address>
         <run_address>0x2956</run_address>
         <size>0x9c9</size>
         <input_file_ref idref="fl-7"/>
      </object_component>
      <object_component id="oc-4c5">
         <name>.debug_info</name>
         <load_address>0x331f</load_address>
         <run_address>0x331f</run_address>
         <size>0xf5</size>
         <input_file_ref idref="fl-7"/>
      </object_component>
      <object_component id="oc-440">
         <name>.debug_info</name>
         <load_address>0x3414</load_address>
         <run_address>0x3414</run_address>
         <size>0x476</size>
         <input_file_ref idref="fl-7"/>
      </object_component>
      <object_component id="oc-3b3">
         <name>.debug_info</name>
         <load_address>0x388a</load_address>
         <run_address>0x388a</run_address>
         <size>0x138</size>
         <input_file_ref idref="fl-7"/>
      </object_component>
      <object_component id="oc-3ad">
         <name>.debug_info</name>
         <load_address>0x39c2</load_address>
         <run_address>0x39c2</run_address>
         <size>0x161</size>
         <input_file_ref idref="fl-7"/>
      </object_component>
      <object_component id="oc-46f">
         <name>.debug_info</name>
         <load_address>0x3b23</load_address>
         <run_address>0x3b23</run_address>
         <size>0x493</size>
         <input_file_ref idref="fl-7"/>
      </object_component>
      <object_component id="oc-488">
         <name>.debug_info</name>
         <load_address>0x3fb6</load_address>
         <run_address>0x3fb6</run_address>
         <size>0x86</size>
         <input_file_ref idref="fl-7"/>
      </object_component>
      <object_component id="oc-474">
         <name>.debug_info</name>
         <load_address>0x403c</load_address>
         <run_address>0x403c</run_address>
         <size>0xbb</size>
         <input_file_ref idref="fl-7"/>
      </object_component>
      <object_component id="oc-409">
         <name>.debug_info</name>
         <load_address>0x40f7</load_address>
         <run_address>0x40f7</run_address>
         <size>0x527</size>
         <input_file_ref idref="fl-8"/>
      </object_component>
      <object_component id="oc-406">
         <name>.debug_info</name>
         <load_address>0x461e</load_address>
         <run_address>0x461e</run_address>
         <size>0x189</size>
         <input_file_ref idref="fl-8"/>
      </object_component>
      <object_component id="oc-4aa">
         <name>.debug_info</name>
         <load_address>0x47a7</load_address>
         <run_address>0x47a7</run_address>
         <size>0xf3</size>
         <input_file_ref idref="fl-8"/>
      </object_component>
      <object_component id="oc-4af">
         <name>.debug_info</name>
         <load_address>0x489a</load_address>
         <run_address>0x489a</run_address>
         <size>0x112</size>
         <input_file_ref idref="fl-8"/>
      </object_component>
      <object_component id="oc-4b6">
         <name>.debug_info</name>
         <load_address>0x49ac</load_address>
         <run_address>0x49ac</run_address>
         <size>0x112</size>
         <input_file_ref idref="fl-8"/>
      </object_component>
      <object_component id="oc-4bb">
         <name>.debug_info</name>
         <load_address>0x4abe</load_address>
         <run_address>0x4abe</run_address>
         <size>0x122</size>
         <input_file_ref idref="fl-8"/>
      </object_component>
      <object_component id="oc-4a3">
         <name>.debug_info</name>
         <load_address>0x4be0</load_address>
         <run_address>0x4be0</run_address>
         <size>0xf6</size>
         <input_file_ref idref="fl-8"/>
      </object_component>
      <object_component id="oc-42b">
         <name>.debug_info</name>
         <load_address>0x4cd6</load_address>
         <run_address>0x4cd6</run_address>
         <size>0x1b7</size>
         <input_file_ref idref="fl-8"/>
      </object_component>
      <object_component id="oc-425">
         <name>.debug_info</name>
         <load_address>0x4e8d</load_address>
         <run_address>0x4e8d</run_address>
         <size>0x17b</size>
         <input_file_ref idref="fl-8"/>
      </object_component>
      <object_component id="oc-4f0">
         <name>.debug_info</name>
         <load_address>0x5008</load_address>
         <run_address>0x5008</run_address>
         <size>0xf1</size>
         <input_file_ref idref="fl-8"/>
      </object_component>
      <object_component id="oc-4f5">
         <name>.debug_info</name>
         <load_address>0x50f9</load_address>
         <run_address>0x50f9</run_address>
         <size>0xf5</size>
         <input_file_ref idref="fl-8"/>
      </object_component>
      <object_component id="oc-48f">
         <name>.debug_info</name>
         <load_address>0x51ee</load_address>
         <run_address>0x51ee</run_address>
         <size>0x110</size>
         <input_file_ref idref="fl-8"/>
      </object_component>
      <object_component id="oc-508">
         <name>.debug_info</name>
         <load_address>0x52fe</load_address>
         <run_address>0x52fe</run_address>
         <size>0xf3</size>
         <input_file_ref idref="fl-8"/>
      </object_component>
      <object_component id="oc-50e">
         <name>.debug_info</name>
         <load_address>0x53f1</load_address>
         <run_address>0x53f1</run_address>
         <size>0xf9</size>
         <input_file_ref idref="fl-8"/>
      </object_component>
      <object_component id="oc-418">
         <name>.debug_info</name>
         <load_address>0x54ea</load_address>
         <run_address>0x54ea</run_address>
         <size>0x118</size>
         <input_file_ref idref="fl-8"/>
      </object_component>
      <object_component id="oc-4e3">
         <name>.debug_info</name>
         <load_address>0x5602</load_address>
         <run_address>0x5602</run_address>
         <size>0xef</size>
         <input_file_ref idref="fl-8"/>
      </object_component>
      <object_component id="oc-41e">
         <name>.debug_info</name>
         <load_address>0x56f1</load_address>
         <run_address>0x56f1</run_address>
         <size>0xfe</size>
         <input_file_ref idref="fl-8"/>
      </object_component>
      <object_component id="oc-4e9">
         <name>.debug_info</name>
         <load_address>0x57ef</load_address>
         <run_address>0x57ef</run_address>
         <size>0xfc</size>
         <input_file_ref idref="fl-8"/>
      </object_component>
      <object_component id="oc-539">
         <name>.debug_info</name>
         <load_address>0x58eb</load_address>
         <run_address>0x58eb</run_address>
         <size>0x15c</size>
         <input_file_ref idref="fl-8"/>
      </object_component>
      <object_component id="oc-467">
         <name>.debug_info</name>
         <load_address>0x5a47</load_address>
         <run_address>0x5a47</run_address>
         <size>0x93</size>
         <input_file_ref idref="fl-8"/>
      </object_component>
      <object_component id="oc-81c">
         <name>.debug_info</name>
         <load_address>0x5ada</load_address>
         <run_address>0x5ada</run_address>
         <size>0x320</size>
         <input_file_ref idref="fl-a"/>
      </object_component>
      <object_component id="oc-6d8">
         <name>.debug_info</name>
         <load_address>0x5dfa</load_address>
         <run_address>0x5dfa</run_address>
         <size>0x14f</size>
         <input_file_ref idref="fl-a"/>
      </object_component>
      <object_component id="oc-6de">
         <name>.debug_info</name>
         <load_address>0x5f49</load_address>
         <run_address>0x5f49</run_address>
         <size>0x218</size>
         <input_file_ref idref="fl-a"/>
      </object_component>
      <object_component id="oc-6e4">
         <name>.debug_info</name>
         <load_address>0x6161</load_address>
         <run_address>0x6161</run_address>
         <size>0x21a</size>
         <input_file_ref idref="fl-a"/>
      </object_component>
      <object_component id="oc-5eb">
         <name>.debug_info</name>
         <load_address>0x637b</load_address>
         <run_address>0x637b</run_address>
         <size>0x1b9</size>
         <input_file_ref idref="fl-a"/>
      </object_component>
      <object_component id="oc-808">
         <name>.debug_info</name>
         <load_address>0x6534</load_address>
         <run_address>0x6534</run_address>
         <size>0x131</size>
         <input_file_ref idref="fl-a"/>
      </object_component>
      <object_component id="oc-79d">
         <name>.debug_info</name>
         <load_address>0x6665</load_address>
         <run_address>0x6665</run_address>
         <size>0x133</size>
         <input_file_ref idref="fl-a"/>
      </object_component>
      <object_component id="oc-80f">
         <name>.debug_info</name>
         <load_address>0x6798</load_address>
         <run_address>0x6798</run_address>
         <size>0x192</size>
         <input_file_ref idref="fl-a"/>
      </object_component>
      <object_component id="oc-7f7">
         <name>.debug_info</name>
         <load_address>0x692a</load_address>
         <run_address>0x692a</run_address>
         <size>0x192</size>
         <input_file_ref idref="fl-a"/>
      </object_component>
      <object_component id="oc-501">
         <name>.debug_info</name>
         <load_address>0x6abc</load_address>
         <run_address>0x6abc</run_address>
         <size>0x138</size>
         <input_file_ref idref="fl-a"/>
      </object_component>
      <object_component id="oc-7a9">
         <name>.debug_info</name>
         <load_address>0x6bf4</load_address>
         <run_address>0x6bf4</run_address>
         <size>0x131</size>
         <input_file_ref idref="fl-a"/>
      </object_component>
      <object_component id="oc-5f6">
         <name>.debug_info</name>
         <load_address>0x6d25</load_address>
         <run_address>0x6d25</run_address>
         <size>0x322</size>
         <input_file_ref idref="fl-b"/>
      </object_component>
      <object_component id="oc-5f3">
         <name>.debug_info</name>
         <load_address>0x7047</load_address>
         <run_address>0x7047</run_address>
         <size>0xcb</size>
         <input_file_ref idref="fl-b"/>
      </object_component>
      <object_component id="oc-710">
         <name>.debug_info</name>
         <load_address>0x7112</load_address>
         <run_address>0x7112</run_address>
         <size>0xc9</size>
         <input_file_ref idref="fl-b"/>
      </object_component>
      <object_component id="oc-639">
         <name>.debug_info</name>
         <load_address>0x71db</load_address>
         <run_address>0x71db</run_address>
         <size>0x1bc</size>
         <input_file_ref idref="fl-b"/>
      </object_component>
      <object_component id="oc-737">
         <name>.debug_info</name>
         <load_address>0x7397</load_address>
         <run_address>0x7397</run_address>
         <size>0x218</size>
         <input_file_ref idref="fl-b"/>
      </object_component>
      <object_component id="oc-650">
         <name>.debug_info</name>
         <load_address>0x75af</load_address>
         <run_address>0x75af</run_address>
         <size>0x1ef</size>
         <input_file_ref idref="fl-b"/>
      </object_component>
      <object_component id="oc-60f">
         <name>.debug_info</name>
         <load_address>0x779e</load_address>
         <run_address>0x779e</run_address>
         <size>0x157</size>
         <input_file_ref idref="fl-b"/>
      </object_component>
      <object_component id="oc-728">
         <name>.debug_info</name>
         <load_address>0x78f5</load_address>
         <run_address>0x78f5</run_address>
         <size>0x1e0</size>
         <input_file_ref idref="fl-b"/>
      </object_component>
      <object_component id="oc-657">
         <name>.debug_info</name>
         <load_address>0x7ad5</load_address>
         <run_address>0x7ad5</run_address>
         <size>0x170</size>
         <input_file_ref idref="fl-b"/>
      </object_component>
      <object_component id="oc-663">
         <name>.debug_info</name>
         <load_address>0x7c45</load_address>
         <run_address>0x7c45</run_address>
         <size>0x15d</size>
         <input_file_ref idref="fl-b"/>
      </object_component>
      <object_component id="oc-701">
         <name>.debug_info</name>
         <load_address>0x7da2</load_address>
         <run_address>0x7da2</run_address>
         <size>0x167</size>
         <input_file_ref idref="fl-b"/>
      </object_component>
      <object_component id="oc-5f8">
         <name>.debug_info</name>
         <load_address>0x7f09</load_address>
         <run_address>0x7f09</run_address>
         <size>0x3c5</size>
         <input_file_ref idref="fl-b"/>
      </object_component>
      <object_component id="oc-72d">
         <name>.debug_info</name>
         <load_address>0x82ce</load_address>
         <run_address>0x82ce</run_address>
         <size>0x161</size>
         <input_file_ref idref="fl-b"/>
      </object_component>
      <object_component id="oc-7b6">
         <name>.debug_info</name>
         <load_address>0x842f</load_address>
         <run_address>0x842f</run_address>
         <size>0x14b</size>
         <input_file_ref idref="fl-b"/>
      </object_component>
      <object_component id="oc-714">
         <name>.debug_info</name>
         <load_address>0x857a</load_address>
         <run_address>0x857a</run_address>
         <size>0x1cf</size>
         <input_file_ref idref="fl-b"/>
      </object_component>
      <object_component id="oc-604">
         <name>.debug_info</name>
         <load_address>0x8749</load_address>
         <run_address>0x8749</run_address>
         <size>0x189</size>
         <input_file_ref idref="fl-b"/>
      </object_component>
      <object_component id="oc-7bd">
         <name>.debug_info</name>
         <load_address>0x88d2</load_address>
         <run_address>0x88d2</run_address>
         <size>0x17b</size>
         <input_file_ref idref="fl-b"/>
      </object_component>
      <object_component id="oc-620">
         <name>.debug_info</name>
         <load_address>0x8a4d</load_address>
         <run_address>0x8a4d</run_address>
         <size>0x1fa</size>
         <input_file_ref idref="fl-b"/>
      </object_component>
      <object_component id="oc-71a">
         <name>.debug_info</name>
         <load_address>0x8c47</load_address>
[...]
      </symbol>
      <symbol id="sm-5b9">
         <name>TimeGetInit</name>
         <value>0xd28e</value>
         <object_component_ref idref="oc-50c"/>
      </symbol>
      <symbol id="sm-5ba">
         <name>valueCCR2</name>
         <value>0x2ec8</value>
         <object_component_ref idref="oc-405"/>
      </symbol>
      <symbol id="sm-5bb">
         <name>valueCCR4</name>
         <value>0x2eca</value>
         <object_component_ref idref="oc-405"/>
      </symbol>
      <symbol id="sm-5bc">
         <name>ScanKey</name>
         <value>0xcdae</value>
         <object_component_ref idref="oc-417"/>
      </symbol>
      <symbol id="sm-5bd">
         <name>igniteLED</name>
         <value>0xd2b0</value>
         <object_component_ref idref="oc-4f4"/>
      </symbol>
      <symbol id="sm-5be">
         <name>HC_SR04Start</name>
         <value>0xd38a</value>
         <object_component_ref idref="oc-41d"/>
      </symbol>
      <symbol id="sm-5bf">
         <name>signalJudge</name>
         <value>0xc180</value>
         <object_component_ref idref="oc-423"/>
      </symbol>
      <symbol id="sm-5c0">
         <name>times_TACCR4</name>
         <value>0x2ed1</value>
         <object_component_ref idref="oc-405"/>
      </symbol>
      <symbol id="sm-5c1">
         <name>times_TACCR2</name>
         <value>0x2ed0</value>
         <object_component_ref idref="oc-405"/>
      </symbol>
      <symbol id="sm-5c2">
         <name>TimeInit</name>
         <value>0xd48c</value>
         <object_component_ref idref="oc-506"/>
      </symbol>
      <symbol id="sm-5c3">
         <name>signalRes</name>
         <value>0xbb84</value>
         <object_component_ref idref="oc-429"/>
      </symbol>
      <symbol id="sm-5c4">
         <name>Filter</name>
         <value>0xbaa0</value>
         <object_component_ref idref="oc-538"/>
      </symbol>
      <symbol id="sm-5c5">
         <name>delay1</name>
         <value>0xd434</value>
         <object_component_ref idref="oc-48d"/>
      </symbol>
      <symbol id="sm-5c6">
         <name>i4</name>
         <value>0x2ece</value>
         <object_component_ref idref="oc-405"/>
      </symbol>
      <symbol id="sm-5c7">
         <name>i2</name>
         <value>0x2ecc</value>
         <object_component_ref idref="oc-405"/>
      </symbol>
      <symbol id="sm-5c8">
         <name>modeCnt</name>
         <value>0x2ed2</value>
         <object_component_ref idref="oc-405"/>
      </symbol>
      <symbol id="sm-5c9">
         <name>IOInit</name>
         <value>0xc5da</value>
         <object_component_ref idref="oc-4e2"/>
      </symbol>
      <symbol id="sm-5ca">
         <name>resetLED</name>
         <value>0xd2f4</value>
         <object_component_ref idref="oc-4a8"/>
      </symbol>
      <symbol id="sm-5cb">
         <name>resetBuf</name>
         <value>0xd1d2</value>
         <object_component_ref idref="oc-4a1"/>
      </symbol>
      <symbol id="sm-5cc">
         <name>initLED</name>
         <value>0xd2d2</value>
         <object_component_ref idref="oc-4ee"/>
      </symbol>
      <symbol id="sm-5cd">
         <name>runLED1</name>
         <value>0xbd42</value>
         <object_component_ref idref="oc-4ae"/>
      </symbol>
      <symbol id="sm-5ce">
         <name>runLED0</name>
         <value>0xbc64</value>
         <object_component_ref idref="oc-4b4"/>
      </symbol>
      <symbol id="sm-5cf">
         <name>runLED2</name>
         <value>0xbefc</value>
         <object_component_ref idref="oc-4ba"/>
      </symbol>
      <symbol id="sm-5d0">
         <name>HC_SR04Init</name>
         <value>0xd562</value>
         <object_component_ref idref="oc-4e8"/>
      </symbol>
      <symbol id="sm-630">
         <name>SDCard_sendFrame</name>
         <value>0xd14c</value>
         <object_component_ref idref="oc-80e"/>
      </symbol>
      <symbol id="sm-631">
         <name>SDCard_init</name>
         <value>0xcdfc</value>
         <object_component_ref idref="oc-500"/>
      </symbol>
      <symbol id="sm-632">
         <name>SPI_WriteByte</name>
         <value>0xd36e</value>
         <object_component_ref idref="oc-6d7"/>
      </symbol>
      <symbol id="sm-633">
         <name>sd_reset</name>
         <value>0xc9c4</value>
         <object_component_ref idref="oc-5e9"/>
      </symbol>
      <symbol id="sm-634">
         <name>SDCard_readFrame</name>
         <value>0xd010</value>
         <object_component_ref idref="oc-7f6"/>
      </symbol>
      <symbol id="sm-635">
         <name>SDCard_setCSHigh</name>
         <value>0xd56a</value>
         <object_component_ref idref="oc-79c"/>
      </symbol>
      <symbol id="sm-636">
         <name>SDCard_setCSLow</name>
         <value>0xd570</value>
         <object_component_ref idref="oc-807"/>
      </symbol>
      <symbol id="sm-637">
         <name>SD_SendCommand1</name>
         <value>0xcd60</value>
         <object_component_ref idref="oc-6e3"/>
      </symbol>
      <symbol id="sm-638">
         <name>SDCard_fastMode</name>
         <value>0xd4c8</value>
         <object_component_ref idref="oc-7a8"/>
      </symbol>
      <symbol id="sm-639">
         <name>SD_SendCommand</name>
         <value>0xcd10</value>
         <object_component_ref idref="oc-6dd"/>
      </symbol>
      <symbol id="sm-82a">
         <name>f_read</name>
         <value>0xadd2</value>
         <object_component_ref idref="oc-540"/>
      </symbol>
      <symbol id="sm-82b">
         <name>f_sync</name>
         <value>0xc7a6</value>
         <object_component_ref idref="oc-67b"/>
      </symbol>
      <symbol id="sm-82c">
         <name>clust2sect</name>
         <value>0xcf1a</value>
         <object_component_ref idref="oc-655"/>
      </symbol>
      <symbol id="sm-82d">
         <name>put_fat</name>
         <value>0xb2b8</value>
         <object_component_ref idref="oc-735"/>
      </symbol>
      <symbol id="sm-82e">
         <name>f_opendir</name>
         <value>0xc534</value>
         <object_component_ref idref="oc-519"/>
      </symbol>
      <symbol id="sm-82f">
         <name>f_close</name>
         <value>0xd44a</value>
         <object_component_ref idref="oc-54c"/>
      </symbol>
      <symbol id="sm-830">
         <name>f_open</name>
         <value>0xabbe</value>
         <object_component_ref idref="oc-532"/>
      </symbol>
      <symbol id="sm-831">
         <name>f_mount</name>
         <value>0xd0e8</value>
         <object_component_ref idref="oc-513"/>
      </symbol>
      <symbol id="sm-832">
         <name>f_readdir</name>
         <value>0xca38</value>
         <object_component_ref idref="oc-52b"/>
      </symbol>
      <symbol id="sm-833">
         <name>get_fat</name>
         <value>0xb562</value>
         <object_component_ref idref="oc-64f"/>
      </symbol>
      <symbol id="sm-8f4">
         <name>get_fattime</name>
         <value>0xd54e</value>
         <object_component_ref idref="oc-62c"/>
      </symbol>
      <symbol id="sm-8f5">
         <name>disk_status</name>
         <value>0xd316</value>
         <object_component_ref idref="oc-6f3"/>
      </symbol>
      <symbol id="sm-8f6">
         <name>INS</name>
         <value>0x2ed4</value>
         <object_component_ref idref="oc-798"/>
      </symbol>
      <symbol id="sm-8f7">
         <name>disk_read</name>
         <value>0xc712</value>
         <object_component_ref idref="oc-65b"/>
      </symbol>
      <symbol id="sm-8f8">
         <name>disk_initialize</name>
         <value>0xb418</value>
         <object_component_ref idref="oc-6f9"/>
      </symbol>
      <symbol id="sm-8f9">
         <name>disk_ioctl</name>
         <value>0xb9ac</value>
         <object_component_ref idref="oc-7e0"/>
      </symbol>
      <symbol id="sm-8fa">
         <name>disk_write</name>
         <value>0xc310</value>
         <object_component_ref idref="oc-73c"/>
      </symbol>
      <symbol id="sm-907">
         <name>__mspabi_remi</name>
         <value>0xd17a</value>
         <object_component_ref idref="oc-644"/>
      </symbol>
      <symbol id="sm-908">
         <name>__mspabi_divi</name>
         <value>0xd17a</value>
         <object_component_ref idref="oc-644"/>
      </symbol>
      <symbol id="sm-912">
         <name>__mspabi_remu</name>
         <value>0xd476</value>
         <object_component_ref idref="oc-40d"/>
      </symbol>
      <symbol id="sm-913">
         <name>__mspabi_divu</name>
         <value>0xd476</value>
         <object_component_ref idref="oc-40d"/>
      </symbol>
      <symbol id="sm-922">
         <name>__mspabi_remul</name>
         <value>0xcbb8</value>
         <object_component_ref idref="oc-70a"/>
      </symbol>
      <symbol id="sm-923">
         <name>__mspabi_divul</name>
         <value>0xcbb8</value>
         <object_component_ref idref="oc-70a"/>
      </symbol>
      <symbol id="sm-933">
         <name>__mspabi_cmpf</name>
         <value>0xce48</value>
         <object_component_ref idref="oc-49b"/>
      </symbol>
      <symbol id="sm-93e">
         <name>__mspabi_fltuf</name>
         <value>0xd246</value>
         <object_component_ref idref="oc-496"/>
      </symbol>
      <symbol id="sm-941">
         <name>__TI_int41</name>
         <value>0xffd2</value>
         <object_component_ref idref="oc-76"/>
      </symbol>
      <symbol id="sm-944">
         <name>__TI_int42</name>
         <value>0xffd4</value>
         <object_component_ref idref="oc-77"/>
      </symbol>
      <symbol id="sm-947">
         <name>__TI_int43</name>
         <value>0xffd6</value>
         <object_component_ref idref="oc-78"/>
      </symbol>
      <symbol id="sm-94a">
         <name>__TI_int44</name>
         <value>0xffd8</value>
         <object_component_ref idref="oc-79"/>
      </symbol>
      <symbol id="sm-94d">
         <name>__TI_int45</name>
         <value>0xffda</value>
         <object_component_ref idref="oc-7a"/>
      </symbol>
      <symbol id="sm-950">
         <name>__TI_int46</name>
         <value>0xffdc</value>
         <object_component_ref idref="oc-7b"/>
      </symbol>
      <symbol id="sm-953">
         <name>__TI_int47</name>
         <value>0xffde</value>
         <object_component_ref idref="oc-7c"/>
      </symbol>
      <symbol id="sm-956">
         <name>__TI_int48</name>
         <value>0xffe0</value>
         <object_component_ref idref="oc-7d"/>
      </symbol>
      <symbol id="sm-959">
         <name>__TI_int49</name>
         <value>0xffe2</value>
         <object_component_ref idref="oc-7e"/>
      </symbol>
      <symbol id="sm-95c">
         <name>__TI_int50</name>
         <value>0xffe4</value>
         <object_component_ref idref="oc-7f"/>
      </symbol>
      <symbol id="sm-95f">
         <name>__TI_int51</name>
         <value>0xffe6</value>
         <object_component_ref idref="oc-80"/>
      </symbol>
      <symbol id="sm-962">
         <name>__TI_int54</name>
         <value>0xffec</value>
         <object_component_ref idref="oc-83"/>
      </symbol>
      <symbol id="sm-965">
         <name>__TI_int55</name>
         <value>0xffee</value>
         <object_component_ref idref="oc-84"/>
      </symbol>
      <symbol id="sm-968">
         <name>__TI_int56</name>
         <value>0xfff0</value>
         <object_component_ref idref="oc-85"/>
      </symbol>
      <symbol id="sm-96b">
         <name>__TI_int57</name>
         <value>0xfff2</value>
         <object_component_ref idref="oc-86"/>
      </symbol>
      <symbol id="sm-96e">
         <name>__TI_int58</name>
         <value>0xfff4</value>
         <object_component_ref idref="oc-87"/>
      </symbol>
      <symbol id="sm-971">
         <name>__TI_int59</name>
         <value>0xfff6</value>
         <object_component_ref idref="oc-88"/>
      </symbol>
      <symbol id="sm-974">
         <name>__TI_int60</name>
         <value>0xfff8</value>
         <object_component_ref idref="oc-89"/>
      </symbol>
      <symbol id="sm-977">
         <name>__TI_int61</name>
         <value>0xfffa</value>
         <object_component_ref idref="oc-8a"/>
      </symbol>
      <symbol id="sm-97a">
         <name>__TI_int62</name>
         <value>0xfffc</value>
         <object_component_ref idref="oc-8b"/>
      </symbol>
      <symbol id="sm-982">
         <name>__TI_ISR_TRAP</name>
         <value>0x465c</value>
         <object_component_ref idref="oc-3a6"/>
      </symbol>
      <symbol id="sm-993">
         <name>__mspabi_slll_9</name>
         <value>0xcf70</value>
         <object_component_ref idref="oc-63e"/>
      </symbol>
      <symbol id="sm-994">
         <name>__mspabi_slll_8</name>
         <value>0xcf74</value>
         <object_component_ref idref="oc-63e"/>
      </symbol>
      <symbol id="sm-995">
         <name>__mspabi_slll_7</name>
         <value>0xcf78</value>
         <object_component_ref idref="oc-63e"/>
      </symbol>
      <symbol id="sm-996">
         <name>__mspabi_slll_6</name>
         <value>0xcf7c</value>
         <object_component_ref idref="oc-63e"/>
      </symbol>
      <symbol id="sm-997">
         <name>__mspabi_slll_5</name>
         <value>0xcf80</value>
         <object_component_ref idref="oc-63e"/>
      </symbol>
      <symbol id="sm-998">
         <name>__mspabi_slll_4</name>
         <value>0xcf84</value>
         <object_component_ref idref="oc-63e"/>
      </symbol>
      <symbol id="sm-999">
         <name>__mspabi_slll_3</name>
         <value>0xcf88</value>
         <object_component_ref idref="oc-63e"/>
      </symbol>
      <symbol id="sm-99a">
         <name>__mspabi_slll_2</name>
         <value>0xcf8c</value>
         <object_component_ref idref="oc-63e"/>
      </symbol>
      <symbol id="sm-99b">
         <name>__mspabi_slll_1</name>
         <value>0xcf90</value>
         <object_component_ref idref="oc-63e"/>
      </symbol>
      <symbol id="sm-99c">
         <name>__mspabi_slll</name>
         <value>0xd522</value>
         <object_component_ref idref="oc-815"/>
      </symbol>
      <symbol id="sm-99d">
         <name>__mspabi_slll_15</name>
         <value>0xcf58</value>
         <object_component_ref idref="oc-63e"/>
      </symbol>
      <symbol id="sm-99e">
         <name>__mspabi_slll_14</name>
         <value>0xcf5c</value>
         <object_component_ref idref="oc-63e"/>
      </symbol>
      <symbol id="sm-99f">
         <name>__mspabi_slll_13</name>
         <value>0xcf60</value>
         <object_component_ref idref="oc-63e"/>
      </symbol>
      <symbol id="sm-9a0">
         <name>__mspabi_slll_12</name>
         <value>0xcf64</value>
         <object_component_ref idref="oc-63e"/>
      </symbol>
      <symbol id="sm-9a1">
         <name>__mspabi_slll_11</name>
         <value>0xcf68</value>
         <object_component_ref idref="oc-63e"/>
      </symbol>
      <symbol id="sm-9a2">
         <name>__mspabi_slll_10</name>
         <value>0xcf6c</value>
         <object_component_ref idref="oc-63e"/>
      </symbol>
      <symbol id="sm-9aa">
         <name>__mspabi_srll_8</name>
         <value>0xcfb2</value>
         <object_component_ref idref="oc-64a"/>
      </symbol>
      <symbol id="sm-9ab">
         <name>__mspabi_srll_9</name>
         <value>0xcfae</value>
         <object_component_ref idref="oc-64a"/>
      </symbol>
      <symbol id="sm-9ac">
         <name>__mspabi_srll_6</name>
         <value>0xcfba</value>
         <object_component_ref idref="oc-64a"/>
      </symbol>
      <symbol id="sm-9ad">
         <name>__mspabi_srll_7</name>
         <value>0xcfb6</value>
         <object_component_ref idref="oc-64a"/>
      </symbol>
      <symbol id="sm-9ae">
         <name>__mspabi_srll_4</name>
         <value>0xcfc2</value>
         <object_component_ref idref="oc-64a"/>
      </symbol>
      <symbol id="sm-9af">
         <name>__mspabi_srll_5</name>
         <value>0xcfbe</value>
         <object_component_ref idref="oc-64a"/>
      </symbol>
      <symbol id="sm-9b0">
         <name>__mspabi_srll_2</name>
         <value>0xcfca</value>
         <object_component_ref idref="oc-64a"/>
      </symbol>
      <symbol id="sm-9b1">
         <name>__mspabi_srll_3</name>
         <value>0xcfc6</value>
         <object_component_ref idref="oc-64a"/>
      </symbol>
      <symbol id="sm-9b2">
         <name>__mspabi_srll_1</name>
         <value>0xcfce</value>
         <object_component_ref idref="oc-64a"/>
      </symbol>
      <symbol id="sm-9b3">
         <name>__mspabi_srll_15</name>
         <value>0xcf96</value>
         <object_component_ref idref="oc-64a"/>
      </symbol>
      <symbol id="sm-9b4">
         <name>__mspabi_srll_14</name>
         <value>0xcf9a</value>
         <object_component_ref idref="oc-64a"/>
      </symbol>
      <symbol id="sm-9b5">
         <name>__mspabi_srll_13</name>
         <value>0xcf9e</value>
         <object_component_ref idref="oc-64a"/>
      </symbol>
      <symbol id="sm-9b6">
         <name>__mspabi_srll_12</name>
         <value>0xcfa2</value>
         <object_component_ref idref="oc-64a"/>
      </symbol>
      <symbol id="sm-9b7">
         <name>__mspabi_srll_11</name>
         <value>0xcfa6</value>
         <object_component_ref idref="oc-64a"/>
      </symbol>
      <symbol id="sm-9b8">
         <name>__mspabi_srll_10</name>
         <value>0xcfaa</value>
         <object_component_ref idref="oc-64a"/>
      </symbol>
      <symbol id="sm-9c1">
         <name>__mspabi_mpyi_f5hw</name>
         <value>0xd3ee</value>
         <object_component_ref idref="oc-526"/>
      </symbol>
      <symbol id="sm-9cb">
         <name>__mspabi_mpyl_f5hw</name>
         <value>0xd26a</value>
         <object_component_ref idref="oc-705"/>
      </symbol>
      <symbol id="sm-9dd">
         <name>_stack</name>
         <value>0x4360</value>
         <object_component_ref idref="oc-38a"/>
      </symbol>
      <symbol id="sm-9de">
         <name>_c_int00_noargs</name>
         <value>0x4626</value>
         <object_component_ref idref="oc-3c9"/>
      </symbol>
      <symbol id="sm-9df">
         <name>_reset_vector</name>
         <value>0xfffe</value>
         <object_component_ref idref="oc-38d"/>
      </symbol>
      <symbol id="sm-a02">
         <name>__TI_auto_init_nobinit_nopinit_hold_wdt</name>
         <value>0xcc68</value>
         <object_component_ref idref="oc-577"/>
      </symbol>
      <symbol id="sm-a15">
         <name>__TI_zero_init</name>
         <value>0xd222</value>
         <object_component_ref idref="oc-3bd"/>
      </symbol>
      <symbol id="sm-a20">
         <name>_system_pre_init</name>
         <value>0xd588</value>
         <object_component_ref idref="oc-438"/>
      </symbol>
      <symbol id="sm-a29">
         <name>_system_post_cinit</name>
         <value>0xd58c</value>
         <object_component_ref idref="oc-694"/>
      </symbol>
      <symbol id="sm-a3a">
         <name>__TI_decompress_none</name>
         <value>0xd4da</value>
         <object_component_ref idref="oc-70"/>
      </symbol>
      <symbol id="sm-a5d">
         <name>__TI_decompress_lzss</name>
         <value>0xc94e</value>
         <object_component_ref idref="oc-6a"/>
      </symbol>
      <symbol id="sm-a67">
         <name>C$$EXIT</name>
         <value>0xd576</value>
         <object_component_ref idref="oc-553"/>
      </symbol>
      <symbol id="sm-a68">
         <name>abort</name>
         <value>0xd576</value>
         <object_component_ref idref="oc-553"/>
      </symbol>
      <symbol id="sm-a78">
         <name>memcpy</name>
         <value>0xd4b4</value>
         <object_component_ref idref="oc-399"/>
      </symbol>
      <symbol id="sm-a86">
         <name>memset</name>
         <value>0xd460</value>
         <object_component_ref idref="oc-4dc"/>
      </symbol>
      <symbol id="sm-a99">
         <name>strstr</name>
         <value>0xcfd4</value>
         <object_component_ref idref="oc-520"/>
      </symbol>
   </symbol_table>
   <title>Link successful</title>
</link_info>
