<?xml version="1.0"?>
<link_info>
   <banner>MSP430 Linker PC v4.1.9</banner>
   <copyright>Copyright (c) 2003-2014 Texas Instruments Incorporated</copyright>
   <link_time>0x61302592</link_time>
   <output_file>Lab6-5-2 WAV_Play_8b_8k.out</output_file>
   <entry_point>
      <name>_c_int00</name>
      <address>0x7354</address>
   </entry_point>
   <input_file_list>
      <input_file id="fl-2">
         <path>.\</path>
         <kind>object</kind>
         <file>AD.obj</file>
         <name>AD.obj</name>
      </input_file>
      <input_file id="fl-3">
         <path>.\</path>
         <kind>object</kind>
         <file>DAC7571.obj</file>
         <name>DAC7571.obj</name>
      </input_file>
      <input_file id="fl-4">
         <path>.\</path>
         <kind>object</kind>
         <file>IIC.obj</file>
         <name>IIC.obj</name>
      </input_file>
      <input_file id="fl-5">
         <path>.\</path>
         <kind>object</kind>
         <file>Paper_Display.obj</file>
         <name>Paper_Display.obj</name>
      </input_file>
      <input_file id="fl-6">
         <path>.\</path>
         <kind>object</kind>
         <file>dr_TFT.obj</file>
         <name>dr_TFT.obj</name>
      </input_file>
      <input_file id="fl-7">
         <path>.\</path>
         <kind>object</kind>
         <file>main.obj</file>
         <name>main.obj</name>
      </input_file>
      <input_file id="fl-8">
         <path>.\</path>
         <kind>object</kind>
         <file>task.obj</file>
         <name>task.obj</name>
      </input_file>
      <input_file id="fl-9">
         <path>.\</path>
         <kind>object</kind>
         <file>ucs.obj</file>
         <name>ucs.obj</name>
      </input_file>
      <input_file id="fl-a">
         <path>.\dr_sdcard\</path>
         <kind>object</kind>
         <file>HAL_SDCard.obj</file>
         <name>HAL_SDCard.obj</name>
      </input_file>
      <input_file id="fl-b">
         <path>.\dr_sdcard\</path>
         <kind>object</kind>
         <file>ff.obj</file>
         <name>ff.obj</name>
      </input_file>
      <input_file id="fl-c">
         <path>.\dr_sdcard\</path>
         <kind>object</kind>
         <file>mmc.obj</file>
         <name>mmc.obj</name>
      </input_file>
      <input_file id="fl-3b">
         <path>C:\ti\ccs1040\ccs\tools\compiler\msp430_4.1.9\lib\</path>
         <kind>archive</kind>
         <file>rts430_eabi.lib</file>
         <name>asr16.obj</name>
      </input_file>
      <input_file id="fl-3c">
         <path>C:\ti\ccs1040\ccs\tools\compiler\msp430_4.1.9\lib\</path>
         <kind>archive</kind>
         <file>rts430_eabi.lib</file>
         <name>boot.obj</name>
      </input_file>
      <input_file id="fl-3d">
         <path>C:\ti\ccs1040\ccs\tools\compiler\msp430_4.1.9\lib\</path>
         <kind>archive</kind>
         <file>rts430_eabi.lib</file>
         <name>copy_decompress_none.obj</name>
      </input_file>
      <input_file id="fl-3e">
         <path>C:\ti\ccs1040\ccs\tools\compiler\msp430_4.1.9\lib\</path>
         <kind>archive</kind>
         <file>rts430_eabi.lib</file>
         <name>copy_decompress_rle.obj</name>
      </input_file>
      <input_file id="fl-3f">
         <path>C:\ti\ccs1040\ccs\tools\compiler\msp430_4.1.9\lib\</path>
         <kind>archive</kind>
         <file>rts430_eabi.lib</file>
         <name>copy_zero_init.obj</name>
      </input_file>
      <input_file id="fl-40">
         <path>C:\ti\ccs1040\ccs\tools\compiler\msp430_4.1.9\lib\</path>
         <kind>archive</kind>
         <file>rts430_eabi.lib</file>
         <name>div16s.obj</name>
      </input_file>
      <input_file id="fl-41">
         <path>C:\ti\ccs1040\ccs\tools\compiler\msp430_4.1.9\lib\</path>
         <kind>archive</kind>
         <file>rts430_eabi.lib</file>
         <name>div16u.obj</name>
      </input_file>
      <input_file id="fl-42">
         <path>C:\ti\ccs1040\ccs\tools\compiler\msp430_4.1.9\lib\</path>
         <kind>archive</kind>
         <file>rts430_eabi.lib</file>
         <name>div32s.obj</name>
      </input_file>
      <input_file id="fl-43">
         <path>C:\ti\ccs1040\ccs\tools\compiler\msp430_4.1.9\lib\</path>
         <kind>archive</kind>
         <file>rts430_eabi.lib</file>
         <name>div32u.obj</name>
      </input_file>
      <input_file id="fl-44">
         <path>C:\ti\ccs1040\ccs\tools\compiler\msp430_4.1.9\lib\</path>
         <kind>archive</kind>
         <file>rts430_eabi.lib</file>
         <name>epilog.obj</name>
      </input_file>
      <input_file id="fl-45">
         <path>C:\ti\ccs1040\ccs\tools\compiler\msp430_4.1.9\lib\</path>
         <kind>archive</kind>
         <file>rts430_eabi.lib</file>
         <name>exit.obj</name>
      </input_file>
      <input_file id="fl-46">
         <path>C:\ti\ccs1040\ccs\tools\compiler\msp430_4.1.9\lib\</path>
         <kind>archive</kind>
         <file>rts430_eabi.lib</file>
         <name>fs_cmp.obj</name>
      </input_file>
      <input_file id="fl-47">
         <path>C:\ti\ccs1040\ccs\tools\compiler\msp430_4.1.9\lib\</path>
         <kind>archive</kind>
         <file>rts430_eabi.lib</file>
         <name>fs_utof.obj</name>
      </input_file>
      <input_file id="fl-48">
         <path>C:\ti\ccs1040\ccs\tools\compiler\msp430_4.1.9\lib\</path>
         <kind>archive</kind>
         <file>rts430_eabi.lib</file>
         <name>lsl16.obj</name>
      </input_file>
      <input_file id="fl-49">
         <path>C:\ti\ccs1040\ccs\tools\compiler\msp430_4.1.9\lib\</path>
         <kind>archive</kind>
         <file>rts430_eabi.lib</file>
         <name>lsl32.obj</name>
      </input_file>
      <input_file id="fl-4a">
         <path>C:\ti\ccs1040\ccs\tools\compiler\msp430_4.1.9\lib\</path>
         <kind>archive</kind>
         <file>rts430_eabi.lib</file>
         <name>lsr16.obj</name>
      </input_file>
      <input_file id="fl-4b">
         <path>C:\ti\ccs1040\ccs\tools\compiler\msp430_4.1.9\lib\</path>
         <kind>archive</kind>
         <file>rts430_eabi.lib</file>
         <name>lsr32.obj</name>
      </input_file>
      <input_file id="fl-4c">
         <path>C:\ti\ccs1040\ccs\tools\compiler\msp430_4.1.9\lib\</path>
         <kind>archive</kind>
         <file>rts430_eabi.lib</file>
         <name>memcpy.obj</name>
      </input_file>
      <input_file id="fl-4d">
         <path>C:\ti\ccs1040\ccs\tools\compiler\msp430_4.1.9\lib\</path>
         <kind>archive</kind>
         <file>rts430_eabi.lib</file>
         <name>memset.obj</name>
      </input_file>
      <input_file id="fl-4e">
         <path>C:\ti\ccs1040\ccs\tools\compiler\msp430_4.1.9\lib\</path>
         <kind>archive</kind>
         <file>rts430_eabi.lib</file>
         <name>mult16_f5hw.obj</name>
      </input_file>
      <input_file id="fl-4f">
         <path>C:\ti\ccs1040\ccs\tools\compiler\msp430_4.1.9\lib\</path>
         <kind>archive</kind>
         <file>rts430_eabi.lib</file>
         <name>mult32_f5hw.obj</name>
      </input_file>
      <input_file id="fl-50">
         <path>C:\ti\ccs1040\ccs\tools\compiler\msp430_4.1.9\lib\</path>
         <kind>archive</kind>
         <file>rts430_eabi.lib</file>
         <name>pre_init.obj</name>
      </input_file>
      <input_file id="fl-51">
         <path>C:\ti\ccs1040\ccs\tools\compiler\msp430_4.1.9\lib\</path>
         <kind>archive</kind>
         <file>rts430_eabi.lib</file>
         <name>strstr.obj</name>
      </input_file>
      <input_file id="fl-52">
         <path>C:\ti\ccs1040\ccs\tools\compiler\msp430_4.1.9\lib\</path>
         <kind>archive</kind>
         <file>rts430_eabi.lib</file>
         <name>_lock.obj</name>
      </input_file>
      <input_file id="fl-53">
         <path>C:\ti\ccs1040\ccs\tools\compiler\msp430_4.1.9\lib\</path>
         <kind>archive</kind>
         <file>rts430_eabi.lib</file>
         <name>args_main.obj</name>
      </input_file>
      <input_file id="fl-54">
         <path>C:\ti\ccs1040\ccs\tools\compiler\msp430_4.1.9\lib\</path>
         <kind>archive</kind>
         <file>rts430_eabi.lib</file>
         <name>autoinit.obj</name>
      </input_file>
   </input_file_list>
   <object_component_list>
      <object_component id="oc-8c">
         <name>.stack</name>
         <uninitialized>true</uninitialized>
         <run_address>0x4360</run_address>
         <size>0x2</size>
         <input_file_ref idref="fl-3c"/>
      </object_component>
      <object_component id="oc-446">
         <name>.stack</name>
         <uninitialized>true</uninitialized>
         <run_address>0x4360</run_address>
         <size>0x0</size>
      </object_component>
      <object_component id="oc-205">
         <name>.text:chk_mounted</name>
         <load_address>0x4400</load_address>
         <run_address>0x4400</run_address>
         <size>0x4ac</size>
         <input_file_ref idref="fl-b"/>
      </object_component>
      <object_component id="oc-99">
         <name>.text:main</name>
         <load_address>0x48ac</load_address>
         <run_address>0x48ac</run_address>
         <size>0x23e</size>
         <input_file_ref idref="fl-7"/>
      </object_component>
      <object_component id="oc-163">
         <name>.text:f_open</name>
         <load_address>0x4aea</load_address>
         <run_address>0x4aea</run_address>
         <size>0x220</size>
         <input_file_ref idref="fl-b"/>
      </object_component>
      <object_component id="oc-85">
         <name>.text:TIMER0_A1_ISR</name>
         <load_address>0x4d0a</load_address>
         <run_address>0x4d0a</run_address>
         <size>0x21e</size>
         <input_file_ref idref="fl-7"/>
      </object_component>
      <object_component id="oc-16f">
         <name>.text:f_read</name>
         <load_address>0x4f28</load_address>
         <run_address>0x4f28</run_address>
         <size>0x1f2</size>
         <input_file_ref idref="fl-b"/>
      </object_component>
      <object_component id="oc-31f">
         <name>.text:put_fat</name>
         <load_address>0x511a</load_address>
         <run_address>0x511a</run_address>
         <size>0x18e</size>
         <input_file_ref idref="fl-b"/>
      </object_component>
      <object_component id="oc-22d">
         <name>.text:dir_next</name>
         <load_address>0x52a8</load_address>
         <run_address>0x52a8</run_address>
         <size>0x182</size>
         <input_file_ref idref="fl-b"/>
      </object_component>
      <object_component id="oc-2f8">
         <name>.text:create_name</name>
         <load_address>0x542a</load_address>
         <run_address>0x542a</run_address>
         <size>0x176</size>
         <input_file_ref idref="fl-b"/>
      </object_component>
      <object_component id="oc-2e1">
         <name>.text:disk_initialize</name>
         <load_address>0x55a0</load_address>
         <run_address>0x55a0</run_address>
         <size>0x14a</size>
         <input_file_ref idref="fl-c"/>
      </object_component>
      <object_component id="oc-25e">
         <name>.text:get_fat</name>
         <load_address>0x56ea</load_address>
         <run_address>0x56ea</run_address>
         <size>0x140</size>
         <input_file_ref idref="fl-b"/>
      </object_component>
      <object_component id="oc-310">
         <name>.text:create_chain</name>
         <load_address>0x582a</load_address>
         <run_address>0x582a</run_address>
         <size>0x12c</size>
         <input_file_ref idref="fl-b"/>
      </object_component>
      <object_component id="oc-211">
         <name>.text:dir_sdi</name>
         <load_address>0x5956</load_address>
         <run_address>0x5956</run_address>
         <size>0x10a</size>
         <input_file_ref idref="fl-b"/>
      </object_component>
      <object_component id="oc-39d">
         <name>.text:disk_ioctl</name>
         <load_address>0x5a60</load_address>
         <run_address>0x5a60</run_address>
         <size>0xfa</size>
         <input_file_ref idref="fl-c"/>
      </object_component>
      <object_component id="oc-34d">
         <name>.text:sync</name>
         <load_address>0x5b5a</load_address>
         <run_address>0x5b5a</run_address>
         <size>0xf4</size>
         <input_file_ref idref="fl-b"/>
      </object_component>
      <object_component id="oc-d4">
         <name>.text:signalRes</name>
         <load_address>0x5c4e</load_address>
         <run_address>0x5c4e</run_address>
         <size>0xea</size>
         <input_file_ref idref="fl-8"/>
      </object_component>
      <object_component id="oc-1c3">
         <name>.text:runLED0</name>
         <load_address>0x5d38</load_address>
         <run_address>0x5d38</run_address>
         <size>0xd2</size>
         <input_file_ref idref="fl-8"/>
      </object_component>
      <object_component id="oc-1bd">
         <name>.text:runLED1</name>
         <load_address>0x5e0a</load_address>
         <run_address>0x5e0a</run_address>
         <size>0xd2</size>
         <input_file_ref idref="fl-8"/>
      </object_component>
      <object_component id="oc-227">
         <name>.text:get_fileinfo</name>
         <load_address>0x5edc</load_address>
         <run_address>0x5edc</run_address>
         <size>0xcc</size>
         <input_file_ref idref="fl-b"/>
      </object_component>
      <object_component id="oc-1c9">
         <name>.text:runLED2</name>
         <load_address>0x5fa8</load_address>
         <run_address>0x5fa8</run_address>
         <size>0xca</size>
         <input_file_ref idref="fl-8"/>
      </object_component>
      <object_component id="oc-247">
         <name>.text:move_window</name>
         <load_address>0x6072</load_address>
         <run_address>0x6072</run_address>
         <size>0xc8</size>
         <input_file_ref idref="fl-b"/>
      </object_component>
      <object_component id="oc-326">
         <name>.text:disk_write</name>
         <load_address>0x613a</load_address>
         <run_address>0x613a</run_address>
         <size>0xc2</size>
         <input_file_ref idref="fl-c"/>
      </object_component>
      <object_component id="oc-ce">
         <name>.text:signalJudge</name>
         <load_address>0x61fc</load_address>
         <run_address>0x61fc</run_address>
         <size>0xc2</size>
         <input_file_ref idref="fl-8"/>
      </object_component>
      <object_component id="oc-169">
         <name>.text:Filter</name>
         <load_address>0x62be</load_address>
         <run_address>0x62be</run_address>
         <size>0xbc</size>
         <input_file_ref idref="fl-8"/>
      </object_component>
      <object_component id="oc-335">
         <name>.text:send_cmd</name>
         <load_address>0x637a</load_address>
         <run_address>0x637a</run_address>
         <size>0xb4</size>
         <input_file_ref idref="fl-c"/>
      </object_component>
      <object_component id="oc-297">
         <name>.text:f_sync</name>
         <load_address>0x642e</load_address>
         <run_address>0x642e</run_address>
         <size>0xaa</size>
         <input_file_ref idref="fl-b"/>
      </object_component>
      <object_component id="oc-20b">
         <name>.text:follow_path</name>
         <load_address>0x64d8</load_address>
         <run_address>0x64d8</run_address>
         <size>0xa8</size>
         <input_file_ref idref="fl-b"/>
      </object_component>
      <object_component id="oc-241">
         <name>.text:remove_chain</name>
         <load_address>0x6580</load_address>
         <run_address>0x6580</run_address>
         <size>0xa6</size>
         <input_file_ref idref="fl-b"/>
      </object_component>
      <object_component id="oc-146">
         <name>.text:f_opendir</name>
         <load_address>0x6626</load_address>
         <run_address>0x6626</run_address>
         <size>0xa0</size>
         <input_file_ref idref="fl-b"/>
      </object_component>
      <object_component id="oc-26a">
         <name>.text:disk_read</name>
         <load_address>0x66c6</load_address>
         <run_address>0x66c6</run_address>
         <size>0x96</size>
         <input_file_ref idref="fl-c"/>
      </object_component>
      <object_component id="oc-2e7">
         <name>.text:check_fs</name>
         <load_address>0x675c</load_address>
         <run_address>0x675c</run_address>
         <size>0x90</size>
         <input_file_ref idref="fl-b"/>
      </object_component>
      <object_component id="oc-10d">
         <name>.text:IOInit</name>
         <load_address>0x67ec</load_address>
         <run_address>0x67ec</run_address>
         <size>0x8c</size>
         <input_file_ref idref="fl-8"/>
      </object_component>
      <object_component id="oc-235">
         <name>.text:dir_register</name>
         <load_address>0x6878</load_address>
         <run_address>0x6878</run_address>
         <size>0x84</size>
         <input_file_ref idref="fl-b"/>
      </object_component>
      <object_component id="oc-1eb">
         <name>.text:sd_reset</name>
         <load_address>0x68fc</load_address>
         <run_address>0x68fc</run_address>
         <size>0x76</size>
         <input_file_ref idref="fl-a"/>
      </object_component>
      <object_component id="oc-157">
         <name>.text:f_readdir</name>
         <load_address>0x6972</load_address>
         <run_address>0x6972</run_address>
         <size>0x6a</size>
         <input_file_ref idref="fl-b"/>
      </object_component>
      <object_component id="oc-c2">
         <name>.text:ScanKey</name>
         <load_address>0x69dc</load_address>
         <run_address>0x69dc</run_address>
         <size>0x66</size>
         <input_file_ref idref="fl-8"/>
      </object_component>
      <object_component id="oc-102">
         <name>.text:initClock</name>
         <load_address>0x6a42</load_address>
         <run_address>0x6a42</run_address>
         <size>0x64</size>
         <input_file_ref idref="fl-7"/>
      </object_component>
      <object_component id="oc-221">
         <name>.text:dir_read</name>
         <load_address>0x6aa6</load_address>
         <run_address>0x6aa6</run_address>
         <size>0x60</size>
         <input_file_ref idref="fl-b"/>
      </object_component>
      <object_component id="oc-b6">
         <name>.text:__TI_decompress_rle_core</name>
         <load_address>0x6b06</load_address>
         <run_address>0x6b06</run_address>
         <size>0x5e</size>
         <input_file_ref idref="fl-3e"/>
      </object_component>
      <object_component id="oc-94">
         <name>.text:_auto_init</name>
         <load_address>0x6b64</load_address>
         <run_address>0x6b64</run_address>
         <size>0x5e</size>
         <input_file_ref idref="fl-54"/>
      </object_component>
      <object_component id="oc-2fe">
         <name>.text:dir_find</name>
         <load_address>0x6bc2</load_address>
         <run_address>0x6bc2</run_address>
         <size>0x5e</size>
         <input_file_ref idref="fl-b"/>
      </object_component>
      <object_component id="oc-2c5">
         <name>.text:SD_SendCommand</name>
         <load_address>0x6c20</load_address>
         <run_address>0x6c20</run_address>
         <size>0x5c</size>
         <input_file_ref idref="fl-a"/>
      </object_component>
      <object_component id="oc-259">
         <name>.text:l_lsr_const</name>
         <load_address>0x6c7c</load_address>
         <run_address>0x6c7c</run_address>
         <size>0x5c</size>
         <input_file_ref idref="fl-4b"/>
      </object_component>
      <object_component id="oc-2cb">
         <name>.text:SD_SendCommand1</name>
         <load_address>0x6cd8</load_address>
         <run_address>0x6cd8</run_address>
         <size>0x5a</size>
         <input_file_ref idref="fl-a"/>
      </object_component>
      <object_component id="oc-383">
         <name>.text:xmit_datablock</name>
         <load_address>0x6d32</load_address>
         <run_address>0x6d32</run_address>
         <size>0x5a</size>
         <input_file_ref idref="fl-c"/>
      </object_component>
      <object_component id="oc-33b">
         <name>.text:rcvr_datablock</name>
         <load_address>0x6d8c</load_address>
         <run_address>0x6d8c</run_address>
         <size>0x58</size>
         <input_file_ref idref="fl-c"/>
      </object_component>
      <object_component id="oc-2f2">
         <name>.text</name>
         <load_address>0x6de4</load_address>
         <run_address>0x6de4</run_address>
         <size>0x58</size>
         <input_file_ref idref="fl-43"/>
      </object_component>
      <object_component id="oc-12b">
         <name>.text:SDCard_init</name>
         <load_address>0x6e3c</load_address>
         <run_address>0x6e3c</run_address>
         <size>0x4c</size>
         <input_file_ref idref="fl-a"/>
      </object_component>
      <object_component id="oc-186">
         <name>.text</name>
         <load_address>0x6e88</load_address>
         <run_address>0x6e88</run_address>
         <size>0x4c</size>
         <input_file_ref idref="fl-4a"/>
      </object_component>
      <object_component id="oc-1b1">
         <name>.text</name>
         <load_address>0x6ed4</load_address>
         <run_address>0x6ed4</run_address>
         <size>0x4a</size>
         <input_file_ref idref="fl-46"/>
      </object_component>
      <object_component id="oc-264">
         <name>.text:clust2sect</name>
         <load_address>0x6f1e</load_address>
         <run_address>0x6f1e</run_address>
         <size>0x3e</size>
         <input_file_ref idref="fl-b"/>
      </object_component>
      <object_component id="oc-24d">
         <name>.text:l_lsl_const</name>
         <load_address>0x6f5c</load_address>
         <run_address>0x6f5c</run_address>
         <size>0x3e</size>
         <input_file_ref idref="fl-49"/>
      </object_component>
      <object_component id="oc-3b1">
         <name>.text:wait_ready</name>
         <load_address>0x6f9a</load_address>
         <run_address>0x6f9a</run_address>
         <size>0x38</size>
         <input_file_ref idref="fl-c"/>
      </object_component>
      <object_component id="oc-180">
         <name>.text:DACValue</name>
         <load_address>0x6fd2</load_address>
         <run_address>0x6fd2</run_address>
         <size>0x36</size>
         <input_file_ref idref="fl-3"/>
      </object_component>
      <object_component id="oc-14d">
         <name>.text:strstr</name>
         <load_address>0x7008</load_address>
         <run_address>0x7008</run_address>
         <size>0x36</size>
         <input_file_ref idref="fl-51"/>
      </object_component>
      <object_component id="oc-125">
         <name>.text:AD_Init</name>
         <load_address>0x703e</load_address>
         <run_address>0x703e</run_address>
         <size>0x34</size>
         <input_file_ref idref="fl-2"/>
      </object_component>
      <object_component id="oc-3a7">
         <name>.text:SDCard_readFrame</name>
         <load_address>0x7072</load_address>
         <run_address>0x7072</run_address>
         <size>0x32</size>
         <input_file_ref idref="fl-a"/>
      </object_component>
      <object_component id="oc-284">
         <name>.text:senddata</name>
         <load_address>0x70a4</load_address>
         <run_address>0x70a4</run_address>
         <size>0x32</size>
         <input_file_ref idref="fl-4"/>
      </object_component>
      <object_component id="oc-140">
         <name>.text:f_mount</name>
         <load_address>0x70d6</load_address>
         <run_address>0x70d6</run_address>
         <size>0x2e</size>
         <input_file_ref idref="fl-b"/>
      </object_component>
      <object_component id="oc-3c6">
         <name>.text</name>
         <load_address>0x7104</load_address>
         <run_address>0x7104</run_address>
         <size>0x2c</size>
         <input_file_ref idref="fl-3b"/>
      </object_component>
      <object_component id="oc-253">
         <name>.text</name>
         <load_address>0x7130</load_address>
         <run_address>0x7130</run_address>
         <size>0x2c</size>
         <input_file_ref idref="fl-40"/>
      </object_component>
      <object_component id="oc-175">
         <name>.text</name>
         <load_address>0x715c</load_address>
         <run_address>0x715c</run_address>
         <size>0x2c</size>
         <input_file_ref idref="fl-48"/>
      </object_component>
      <object_component id="oc-21b">
         <name>.text:validate</name>
         <load_address>0x7188</load_address>
         <run_address>0x7188</run_address>
         <size>0x2c</size>
         <input_file_ref idref="fl-b"/>
      </object_component>
      <object_component id="oc-3bf">
         <name>.text:SDCard_sendFrame</name>
         <load_address>0x71b4</load_address>
         <run_address>0x71b4</run_address>
         <size>0x2a</size>
         <input_file_ref idref="fl-a"/>
      </object_component>
      <object_component id="oc-7e">
         <name>.text:Timer_A</name>
         <load_address>0x71de</load_address>
         <run_address>0x71de</run_address>
         <size>0x2a</size>
         <input_file_ref idref="fl-7"/>
      </object_component>
      <object_component id="oc-137">
         <name>.text:TimeGetInit</name>
         <load_address>0x7208</load_address>
         <run_address>0x7208</run_address>
         <size>0x26</size>
         <input_file_ref idref="fl-8"/>
      </object_component>
      <object_component id="oc-1b6">
         <name>.text:resetBuf</name>
         <load_address>0x722e</load_address>
         <run_address>0x722e</run_address>
         <size>0x26</size>
         <input_file_ref idref="fl-8"/>
      </object_component>
      <object_component id="oc-1ac">
         <name>.text</name>
         <load_address>0x7254</load_address>
         <run_address>0x7254</run_address>
         <size>0x24</size>
         <input_file_ref idref="fl-47"/>
      </object_component>
      <object_component id="oc-11f">
         <name>.text:igniteLED</name>
         <load_address>0x7278</load_address>
         <run_address>0x7278</run_address>
         <size>0x22</size>
         <input_file_ref idref="fl-8"/>
      </object_component>
      <object_component id="oc-119">
         <name>.text:initLED</name>
         <load_address>0x729a</load_address>
         <run_address>0x729a</run_address>
         <size>0x22</size>
         <input_file_ref idref="fl-8"/>
      </object_component>
      <object_component id="oc-15d">
         <name>.text:resetLED</name>
         <load_address>0x72bc</load_address>
         <run_address>0x72bc</run_address>
         <size>0x22</size>
         <input_file_ref idref="fl-8"/>
      </object_component>
      <object_component id="oc-2db">
         <name>.text:disk_status</name>
         <load_address>0x72de</load_address>
         <run_address>0x72de</run_address>
         <size>0x20</size>
         <input_file_ref idref="fl-c"/>
      </object_component>
      <object_component id="oc-2ed">
         <name>.text</name>
         <load_address>0x72fe</load_address>
         <run_address>0x72fe</run_address>
         <size>0x20</size>
         <input_file_ref idref="fl-4f"/>
      </object_component>
      <object_component id="oc-2bf">
         <name>.text:SPI_WriteByte</name>
         <load_address>0x731e</load_address>
         <run_address>0x731e</run_address>
         <size>0x1c</size>
         <input_file_ref idref="fl-a"/>
      </object_component>
      <object_component id="oc-c8">
         <name>.text:HC_SR04Start</name>
         <load_address>0x733a</load_address>
         <run_address>0x733a</run_address>
         <size>0x1a</size>
         <input_file_ref idref="fl-8"/>
      </object_component>
      <object_component id="oc-69">
         <name>.text:_c_int00_noexit</name>
         <load_address>0x7354</load_address>
         <run_address>0x7354</run_address>
         <size>0x1a</size>
         <input_file_ref idref="fl-3c"/>
      </object_component>
      <object_component id="oc-38c">
         <name>.text:select</name>
         <load_address>0x736e</load_address>
         <run_address>0x736e</run_address>
         <size>0x18</size>
         <input_file_ref idref="fl-c"/>
      </object_component>
      <object_component id="oc-17a">
         <name>.text:delay1</name>
         <load_address>0x7386</load_address>
         <run_address>0x7386</run_address>
         <size>0x16</size>
         <input_file_ref idref="fl-8"/>
      </object_component>
      <object_component id="oc-e4">
         <name>.text</name>
         <load_address>0x739c</load_address>
         <run_address>0x739c</run_address>
         <size>0x16</size>
         <input_file_ref idref="fl-41"/>
      </object_component>
      <object_component id="oc-131">
         <name>.text:TimeInit</name>
         <load_address>0x73b2</load_address>
         <run_address>0x73b2</run_address>
         <size>0x14</size>
         <input_file_ref idref="fl-8"/>
      </object_component>
      <object_component id="oc-372">
         <name>.text:chk_chr</name>
         <load_address>0x73c6</load_address>
         <run_address>0x73c6</run_address>
         <size>0x14</size>
         <input_file_ref idref="fl-b"/>
      </object_component>
      <object_component id="oc-74">
         <name>.text:decompress:ZI:__TI_zero_init</name>
         <load_address>0x73da</load_address>
         <run_address>0x73da</run_address>
         <size>0x14</size>
         <input_file_ref idref="fl-3f"/>
      </object_component>
      <object_component id="oc-18b">
         <name>.text:f_close</name>
         <load_address>0x73ee</load_address>
         <run_address>0x73ee</run_address>
         <size>0x14</size>
         <input_file_ref idref="fl-b"/>
      </object_component>
      <object_component id="oc-379">
         <name>.text:mem_cmp</name>
         <load_address>0x7402</load_address>
         <run_address>0x7402</run_address>
         <size>0x14</size>
         <input_file_ref idref="fl-b"/>
      </object_component>
      <object_component id="oc-108">
         <name>.text:memset</name>
         <load_address>0x7416</load_address>
         <run_address>0x7416</run_address>
         <size>0x14</size>
         <input_file_ref idref="fl-4d"/>
      </object_component>
      <object_component id="oc-152">
         <name>.text</name>
         <load_address>0x742a</load_address>
         <run_address>0x742a</run_address>
         <size>0x14</size>
         <input_file_ref idref="fl-4e"/>
      </object_component>
      <object_component id="oc-367">
         <name>.text:SDCard_fastMode</name>
         <load_address>0x743e</load_address>
         <run_address>0x743e</run_address>
         <size>0x12</size>
         <input_file_ref idref="fl-a"/>
      </object_component>
      <object_component id="oc-6f">
         <name>.text:decompress:none:__TI_decompress_none</name>
         <load_address>0x7450</load_address>
         <run_address>0x7450</run_address>
         <size>0x12</size>
         <input_file_ref idref="fl-3d"/>
      </object_component>
      <object_component id="oc-341">
         <name>.text:deselect</name>
         <load_address>0x7462</load_address>
         <run_address>0x7462</run_address>
         <size>0x12</size>
         <input_file_ref idref="fl-c"/>
      </object_component>
      <object_component id="oc-a5">
         <name>.text:memcpy</name>
         <load_address>0x7474</load_address>
         <run_address>0x7474</run_address>
         <size>0x12</size>
         <input_file_ref idref="fl-4c"/>
      </object_component>
      <object_component id="oc-3cb">
         <name>.text:l_lsl</name>
         <load_address>0x7486</load_address>
         <run_address>0x7486</run_address>
         <size>0x10</size>
         <input_file_ref idref="fl-49"/>
      </object_component>
      <object_component id="oc-270">
         <name>.text:mem_cpy</name>
         <load_address>0x7496</load_address>
         <run_address>0x7496</run_address>
         <size>0x10</size>
         <input_file_ref idref="fl-b"/>
      </object_component>
      <object_component id="oc-316">
         <name>.text:mem_set</name>
         <load_address>0x74a6</load_address>
         <run_address>0x74a6</run_address>
         <size>0x10</size>
         <input_file_ref idref="fl-b"/>
      </object_component>
      <object_component id="oc-fc">
         <name>.text</name>
         <load_address>0x74b6</load_address>
         <run_address>0x74b6</run_address>
         <size>0x10</size>
         <input_file_ref idref="fl-44"/>
      </object_component>
      <object_component id="oc-27e">
         <name>.text:start</name>
         <load_address>0x74c6</load_address>
         <run_address>0x74c6</run_address>
         <size>0xe</size>
         <input_file_ref idref="fl-4"/>
      </object_component>
      <object_component id="oc-23b">
         <name>.text:get_fattime</name>
         <load_address>0x74d4</load_address>
         <run_address>0x74d4</run_address>
         <size>0xa</size>
         <input_file_ref idref="fl-c"/>
      </object_component>
      <object_component id="oc-28a">
         <name>.text:waitack</name>
         <load_address>0x74de</load_address>
         <run_address>0x74de</run_address>
         <size>0xa</size>
         <input_file_ref idref="fl-4"/>
      </object_component>
      <object_component id="oc-113">
         <name>.text:HC_SR04Init</name>
         <load_address>0x74e8</load_address>
         <run_address>0x74e8</run_address>
         <size>0x8</size>
         <input_file_ref idref="fl-8"/>
      </object_component>
      <object_component id="oc-35b">
         <name>.text:SDCard_setCSHigh</name>
         <load_address>0x74f0</load_address>
         <run_address>0x74f0</run_address>
         <size>0x6</size>
         <input_file_ref idref="fl-a"/>
      </object_component>
      <object_component id="oc-3b8">
         <name>.text:SDCard_setCSLow</name>
         <load_address>0x74f6</load_address>
         <run_address>0x74f6</run_address>
         <size>0x6</size>
         <input_file_ref idref="fl-a"/>
      </object_component>
      <object_component id="oc-79">
         <name>.text:decompress:rle24:__TI_decompress_rle24</name>
         <load_address>0x74fc</load_address>
         <run_address>0x74fc</run_address>
         <size>0x6</size>
         <input_file_ref idref="fl-3e"/>
      </object_component>
      <object_component id="oc-361">
         <name>.text:rcvr_mmc</name>
         <load_address>0x7502</load_address>
         <run_address>0x7502</run_address>
         <size>0x6</size>
         <input_file_ref idref="fl-c"/>
      </object_component>
      <object_component id="oc-392">
         <name>.text:xmit_mmc</name>
         <load_address>0x7508</load_address>
         <run_address>0x7508</run_address>
         <size>0x6</size>
         <input_file_ref idref="fl-c"/>
      </object_component>
      <object_component id="oc-8f">
         <name>.text:_system_pre_init</name>
         <load_address>0x750e</load_address>
         <run_address>0x750e</run_address>
         <size>0x4</size>
         <input_file_ref idref="fl-50"/>
      </object_component>
      <object_component id="oc-9f">
         <name>.text:abort</name>
         <load_address>0x7512</load_address>
         <run_address>0x7512</run_address>
         <size>0x4</size>
         <input_file_ref idref="fl-45"/>
      </object_component>
      <object_component id="oc-445">
         <name>.cinit..data.load</name>
         <load_address>0x752c</load_address>
         <run_address>0x752c</run_address>
         <size>0x14</size>
      </object_component>
      <object_component id="oc-442">
         <name>__TI_handler_table</name>
         <load_address>0x7540</load_address>
         <run_address>0x7540</run_address>
         <size>0x6</size>
      </object_component>
      <object_component id="oc-444">
         <name>.cinit..bss.load</name>
         <load_address>0x7546</load_address>
         <run_address>0x7546</run_address>
         <size>0x4</size>
      </object_component>
      <object_component id="oc-443">
         <name>__TI_cinit_table</name>
         <load_address>0x754a</load_address>
         <run_address>0x754a</run_address>
         <size>0x8</size>
      </object_component>
      <object_component id="oc-371">
         <name>.const:.string</name>
         <load_address>0x7516</load_address>
         <run_address>0x7516</run_address>
         <size>0x10</size>
         <input_file_ref idref="fl-b"/>
      </object_component>
      <object_component id="oc-14c">
         <name>.const:.string</name>
         <load_address>0x7526</load_address>
         <run_address>0x7526</run_address>
         <size>0x6</size>
         <input_file_ref idref="fl-7"/>
      </object_component>
      <object_component id="oc-86">
         <name>.int52</name>
         <load_address>0xffe8</load_address>
         <run_address>0xffe8</run_address>
         <size>0x2</size>
         <input_file_ref idref="fl-7"/>
      </object_component>
      <object_component id="oc-7f">
         <name>.int53</name>
         <load_address>0xffea</load_address>
         <run_address>0xffea</run_address>
         <size>0x2</size>
         <input_file_ref idref="fl-7"/>
      </object_component>
      <object_component id="oc-6a">
         <name>.reset</name>
         <load_address>0xfffe</load_address>
         <run_address>0xfffe</run_address>
         <size>0x2</size>
         <input_file_ref idref="fl-3c"/>
      </object_component>
      <object_component id="oc-de">
         <name>.bss</name>
         <uninitialized>true</uninitialized>
         <run_address>0x3f1e</run_address>
         <size>0x6c</size>
         <input_file_ref idref="fl-8"/>
      </object_component>
      <object_component id="oc-13d">
         <name>.bss</name>
         <uninitialized>true</uninitialized>
         <run_address>0x2400</run_address>
         <size>0x1b1e</size>
         <input_file_ref idref="fl-7"/>
      </object_component>
      <object_component id="oc-1fb">
         <name>.bss</name>
         <uninitialized>true</uninitialized>
         <run_address>0x3f8a</run_address>
         <size>0x4</size>
         <input_file_ref idref="fl-b"/>
      </object_component>
      <object_component id="oc-332">
         <name>.bss</name>
         <uninitialized>true</uninitialized>
         <run_address>0x3f8e</run_address>
         <size>0x1</size>
         <input_file_ref idref="fl-c"/>
      </object_component>
      <object_component id="oc-db">
         <name>.data</name>
         <load_address>0x3f90</load_address>
         <run_address>0x3f90</run_address>
         <size>0xc</size>
         <input_file_ref idref="fl-8"/>
      </object_component>
      <object_component id="oc-e1">
         <name>.data</name>
         <load_address>0x3f9c</load_address>
         <run_address>0x3f9c</run_address>
         <size>0x6</size>
         <input_file_ref idref="fl-7"/>
      </object_component>
      <object_component id="oc-357">
         <name>.data</name>
         <load_address>0x3fa2</load_address>
         <run_address>0x3fa2</run_address>
         <size>0x2</size>
         <input_file_ref idref="fl-c"/>
      </object_component>
      <object_component id="oc-6b">
         <name>.debug_info</name>
         <load_address>0x0</load_address>
         <run_address>0x0</run_address>
         <size>0x129</size>
         <input_file_ref idref="fl-3c"/>
      </object_component>
      <object_component id="oc-70">
         <name>.debug_info</name>
         <load_address>0x129</load_address>
         <run_address>0x129</run_address>
         <size>0x159</size>
         <input_file_ref idref="fl-3d"/>
      </object_component>
      <object_component id="oc-75">
         <name>.debug_info</name>
         <load_address>0x282</load_address>
         <run_address>0x282</run_address>
         <size>0x193</size>
         <input_file_ref idref="fl-3f"/>
      </object_component>
      <object_component id="oc-7a">
         <name>.debug_info</name>
         <load_address>0x415</load_address>
         <run_address>0x415</run_address>
         <size>0x16a</size>
         <input_file_ref idref="fl-3e"/>
      </object_component>
      <object_component id="oc-80">
         <name>.debug_info</name>
         <load_address>0x57f</load_address>
         <run_address>0x57f</run_address>
         <size>0x13e</size>
         <input_file_ref idref="fl-7"/>
      </object_component>
      <object_component id="oc-87">
         <name>.debug_info</name>
         <load_address>0x6bd</load_address>
         <run_address>0x6bd</run_address>
         <size>0x3e4</size>
         <input_file_ref idref="fl-7"/>
      </object_component>
      <object_component id="oc-8d">
         <name>.debug_info</name>
         <load_address>0xaa1</load_address>
         <run_address>0xaa1</run_address>
         <size>0xaa</size>
         <input_file_ref idref="fl-3c"/>
      </object_component>
      <object_component id="oc-90">
         <name>.debug_info</name>
         <load_address>0xb4b</load_address>
         <run_address>0xb4b</run_address>
         <size>0x101</size>
         <input_file_ref idref="fl-50"/>
      </object_component>
      <object_component id="oc-95">
         <name>.debug_info</name>
         <load_address>0xc4c</load_address>
         <run_address>0xc4c</run_address>
         <size>0x1aa</size>
         <input_file_ref idref="fl-54"/>
      </object_component>
      <object_component id="oc-9a">
         <name>.debug_info</name>
         <load_address>0xdf6</load_address>
         <run_address>0xdf6</run_address>
         <size>0x71a</size>
         <input_file_ref idref="fl-7"/>
      </object_component>
      <object_component id="oc-a0">
         <name>.debug_info</name>
         <load_address>0x1510</load_address>
         <run_address>0x1510</run_address>
         <size>0x121</size>
         <input_file_ref idref="fl-45"/>
      </object_component>
      <object_component id="oc-a6">
         <name>.debug_info</name>
         <load_address>0x1631</load_address>
         <run_address>0x1631</run_address>
         <size>0x160</size>
         <input_file_ref idref="fl-4c"/>
      </object_component>
      <object_component id="oc-ab">
         <name>.debug_info</name>
         <load_address>0x1791</load_address>
         <run_address>0x1791</run_address>
         <size>0x46</size>
         <input_file_ref idref="fl-3d"/>
      </object_component>
      <object_component id="oc-b1">
         <name>.debug_info</name>
         <load_address>0x17d7</load_address>
         <run_address>0x17d7</run_address>
         <size>0x46</size>
         <input_file_ref idref="fl-3f"/>
      </object_component>
      <object_component id="oc-b7">
         <name>.debug_info</name>
         <load_address>0x181d</load_address>
         <run_address>0x181d</run_address>
         <size>0x312</size>
         <input_file_ref idref="fl-3e"/>
      </object_component>
      <object_component id="oc-bc">
         <name>.debug_info</name>
         <load_address>0x1b2f</load_address>
         <run_address>0x1b2f</run_address>
         <size>0x124</size>
         <input_file_ref idref="fl-3e"/>
      </object_component>
      <object_component id="oc-bd">
         <name>.debug_info</name>
         <load_address>0x1c53</load_address>
         <run_address>0x1c53</run_address>
         <size>0x39</size>
         <input_file_ref idref="fl-3e"/>
      </object_component>
      <object_component id="oc-c3">
         <name>.debug_info</name>
         <load_address>0x1c8c</load_address>
         <run_address>0x1c8c</run_address>
         <size>0x12e</size>
         <input_file_ref idref="fl-8"/>
      </object_component>
      <object_component id="oc-c9">
         <name>.debug_info</name>
         <load_address>0x1dba</load_address>
         <run_address>0x1dba</run_address>
         <size>0x107</size>
         <input_file_ref idref="fl-8"/>
      </object_component>
      <object_component id="oc-cf">
         <name>.debug_info</name>
         <load_address>0x1ec1</load_address>
         <run_address>0x1ec1</run_address>
         <size>0x196</size>
         <input_file_ref idref="fl-8"/>
      </object_component>
      <object_component id="oc-d5">
         <name>.debug_info</name>
         <load_address>0x2057</load_address>
         <run_address>0x2057</run_address>
         <size>0x257</size>
         <input_file_ref idref="fl-8"/>
      </object_component>
      <object_component id="oc-dc">
         <name>.debug_info</name>
         <load_address>0x22ae</load_address>
         <run_address>0x22ae</run_address>
         <size>0x192</size>
         <input_file_ref idref="fl-8"/>
      </object_component>
      <object_component id="oc-df">
         <name>.debug_info</name>
         <load_address>0x2440</load_address>
         <run_address>0x2440</run_address>
         <size>0x163</size>
         <input_file_ref idref="fl-8"/>
      </object_component>
      <object_component id="oc-e2">
         <name>.debug_info</name>
         <load_address>0x25a3</load_address>
         <run_address>0x25a3</run_address>
         <size>0xd2</size>
         <input_file_ref idref="fl-7"/>
      </object_component>
      <object_component id="oc-e5">
         <name>.debug_info</name>
         <load_address>0x2675</load_address>
         <run_address>0x2675</run_address>
         <size>0xd5</size>
         <input_file_ref idref="fl-41"/>
      </object_component>
      <object_component id="oc-ea">
         <name>.debug_info</name>
         <load_address>0x274a</load_address>
         <run_address>0x274a</run_address>
         <size>0x90</size>
         <input_file_ref idref="fl-6"/>
      </object_component>
      <object_component id="oc-f1">
         <name>.debug_info</name>
         <load_address>0x27da</load_address>
         <run_address>0x27da</run_address>
         <size>0x89</size>
         <input_file_ref idref="fl-3c"/>
      </object_component>
      <object_component id="oc-f7">
         <name>.debug_info</name>
         <load_address>0x2863</load_address>
         <run_address>0x2863</run_address>
         <size>0x84</size>
         <input_file_ref idref="fl-3e"/>
      </object_component>
      <object_component id="oc-fd">
         <name>.debug_info</name>
         <load_address>0x28e7</load_address>
         <run_address>0x28e7</run_address>
         <size>0xe2</size>
         <input_file_ref idref="fl-44"/>
      </object_component>
      <object_component id="oc-103">
         <name>.debug_info</name>
         <load_address>0x29c9</load_address>
         <run_address>0x29c9</run_address>
         <size>0x1cc</size>
         <input_file_ref idref="fl-7"/>
      </object_component>
      <object_component id="oc-109">
         <name>.debug_info</name>
         <load_address>0x2b95</load_address>
         <run_address>0x2b95</run_address>
         <size>0x1b5</size>
         <input_file_ref idref="fl-4d"/>
      </object_component>
      <object_component id="oc-10e">
         <name>.debug_info</name>
         <load_address>0x2d4a</load_address>
         <run_address>0x2d4a</run_address>
         <size>0xf8</size>
         <input_file_ref idref="fl-8"/>
      </object_component>
      <object_component id="oc-114">
         <name>.debug_info</name>
         <load_address>0x2e42</load_address>
         <run_address>0x2e42</run_address>
         <size>0x105</size>
         <input_file_ref idref="fl-8"/>
      </object_component>
      <object_component id="oc-11a">
         <name>.debug_info</name>
         <load_address>0x2f47</load_address>
         <run_address>0x2f47</run_address>
         <size>0xfa</size>
         <input_file_ref idref="fl-8"/>
      </object_component>
      <object_component id="oc-120">
         <name>.debug_info</name>
         <load_address>0x3041</load_address>
         <run_address>0x3041</run_address>
         <size>0xfe</size>
         <input_file_ref idref="fl-8"/>
      </object_component>
      <object_component id="oc-126">
         <name>.debug_info</name>
         <load_address>0x313f</load_address>
         <run_address>0x313f</run_address>
         <size>0xf4</size>
         <input_file_ref idref="fl-2"/>
      </object_component>
      <object_component id="oc-12c">
         <name>.debug_info</name>
         <load_address>0x3233</load_address>
         <run_address>0x3233</run_address>
         <size>0x141</size>
         <input_file_ref idref="fl-a"/>
      </object_component>
      <object_component id="oc-132">
         <name>.debug_info</name>
         <load_address>0x3374</load_address>
         <run_address>0x3374</run_address>
         <size>0xfc</size>
         <input_file_ref idref="fl-8"/>
      </object_component>
      <object_component id="oc-138">
         <name>.debug_info</name>
         <load_address>0x3470</load_address>
         <run_address>0x3470</run_address>
         <size>0x102</size>
         <input_file_ref idref="fl-8"/>
      </object_component>
      <object_component id="oc-13e">
         <name>.debug_info</name>
         <load_address>0x3572</load_address>
         <run_address>0x3572</run_address>
         <size>0x194</size>
         <input_file_ref idref="fl-7"/>
      </object_component>
      <object_component id="oc-141">
         <name>.debug_info</name>
         <load_address>0x3706</load_address>
         <run_address>0x3706</run_address>
         <size>0x166</size>
         <input_file_ref idref="fl-b"/>
      </object_component>
      <object_component id="oc-147">
         <name>.debug_info</name>
         <load_address>0x386c</load_address>
         <run_address>0x386c</run_address>
         <size>0x1ab</size>
         <input_file_ref idref="fl-b"/>
      </object_component>
      <object_component id="oc-14e">
         <name>.debug_info</name>
         <load_address>0x3a17</load_address>
         <run_address>0x3a17</run_address>
         <size>0x1d9</size>
         <input_file_ref idref="fl-51"/>
      </object_component>
      <object_component id="oc-153">
         <name>.debug_info</name>
         <load_address>0x3bf0</load_address>
         <run_address>0x3bf0</run_address>
         <size>0xd9</size>
         <input_file_ref idref="fl-4e"/>
      </object_component>
      <object_component id="oc-158">
         <name>.debug_info</name>
         <load_address>0x3cc9</load_address>
         <run_address>0x3cc9</run_address>
         <size>0x1bc</size>
         <input_file_ref idref="fl-b"/>
      </object_component>
      <object_component id="oc-15e">
         <name>.debug_info</name>
         <load_address>0x3e85</load_address>
         <run_address>0x3e85</run_address>
         <size>0xfc</size>
         <input_file_ref idref="fl-8"/>
      </object_component>
      <object_component id="oc-164">
         <name>.debug_info</name>
         <load_address>0x3f81</load_address>
         <run_address>0x3f81</run_address>
         <size>0x250</size>
         <input_file_ref idref="fl-b"/>
      </object_component>
      <object_component id="oc-16a">
         <name>.debug_info</name>
         <load_address>0x41d1</load_address>
         <run_address>0x41d1</run_address>
         <size>0x307</size>
         <input_file_ref idref="fl-8"/>
      </object_component>
      <object_component id="oc-170">
         <name>.debug_info</name>
         <load_address>0x44d8</load_address>
         <run_address>0x44d8</run_address>
         <size>0x440</size>
         <input_file_ref idref="fl-b"/>
      </object_component>
      <object_component id="oc-176">
         <name>.debug_info</name>
         <load_address>0x4918</load_address>
         <run_address>0x4918</run_address>
         <size>0xd4</size>
         <input_file_ref idref="fl-48"/>
      </object_component>
      <object_component id="oc-17b">
         <name>.debug_info</name>
         <load_address>0x49ec</load_address>
         <run_address>0x49ec</run_address>
         <size>0x1de</size>
         <input_file_ref idref="fl-8"/>
      </object_component>
      <object_component id="oc-181">
         <name>.debug_info</name>
         <load_address>0x4bca</load_address>
         <run_address>0x4bca</run_address>
         <size>0x19e</size>
         <input_file_ref idref="fl-3"/>
      </object_component>
      <object_component id="oc-187">
         <name>.debug_info</name>
         <load_address>0x4d68</load_address>
         <run_address>0x4d68</run_address>
         <size>0xd4</size>
         <input_file_ref idref="fl-4a"/>
      </object_component>
      <object_component id="oc-18c">
         <name>.debug_info</name>
         <load_address>0x4e3c</load_address>
         <run_address>0x4e3c</run_address>
         <size>0x14f</size>
         <input_file_ref idref="fl-b"/>
      </object_component>
      <object_component id="oc-192">
         <name>.debug_info</name>
         <load_address>0x4f8b</load_address>
         <run_address>0x4f8b</run_address>
         <size>0x493</size>
         <input_file_ref idref="fl-7"/>
      </object_component>
      <object_component id="oc-197">
         <name>.debug_info</name>
         <load_address>0x541e</load_address>
         <run_address>0x541e</run_address>
         <size>0x8c3</size>
         <input_file_ref idref="fl-7"/>
      </object_component>
      <object_component id="oc-19a">
         <name>.debug_info</name>
         <load_address>0x5ce1</load_address>
         <run_address>0x5ce1</run_address>
         <size>0x112</size>
         <input_file_ref idref="fl-4c"/>
      </object_component>
      <object_component id="oc-19b">
         <name>.debug_info</name>
         <load_address>0x5df3</load_address>
         <run_address>0x5df3</run_address>
         <size>0x2c</size>
         <input_file_ref idref="fl-3e"/>
      </object_component>
      <object_component id="oc-1a0">
         <name>.debug_info</name>
         <load_address>0x5e1f</load_address>
         <run_address>0x5e1f</run_address>
         <size>0x46</size>
         <input_file_ref idref="fl-3d"/>
      </object_component>
      <object_component id="oc-1a5">
         <name>.debug_info</name>
         <load_address>0x5e65</load_address>
         <run_address>0x5e65</run_address>
         <size>0x15a</size>
         <input_file_ref idref="fl-3d"/>
      </object_component>
      <object_component id="oc-1a6">
         <name>.debug_info</name>
         <load_address>0x5fbf</load_address>
         <run_address>0x5fbf</run_address>
         <size>0x11a</size>
         <input_file_ref idref="fl-3f"/>
      </object_component>
      <object_component id="oc-1ad">
         <name>.debug_info</name>
         <load_address>0x60d9</load_address>
         <run_address>0x60d9</run_address>
         <size>0xd8</size>
         <input_file_ref idref="fl-47"/>
      </object_component>
      <object_component id="oc-1b2">
         <name>.debug_info</name>
         <load_address>0x61b1</load_address>
         <run_address>0x61b1</run_address>
         <size>0xe1</size>
         <input_file_ref idref="fl-46"/>
      </object_component>
      <object_component id="oc-1b7">
         <name>.debug_info</name>
         <load_address>0x6292</load_address>
         <run_address>0x6292</run_address>
         <size>0xff</size>
         <input_file_ref idref="fl-8"/>
      </object_component>
      <object_component id="oc-1be">
         <name>.debug_info</name>
         <load_address>0x6391</load_address>
         <run_address>0x6391</run_address>
         <size>0x355</size>
         <input_file_ref idref="fl-8"/>
      </object_component>
      <object_component id="oc-1c4">
         <name>.debug_info</name>
         <load_address>0x66e6</load_address>
         <run_address>0x66e6</run_address>
         <size>0x355</size>
         <input_file_ref idref="fl-8"/>
      </object_component>
      <object_component id="oc-1ca">
         <name>.debug_info</name>
         <load_address>0x6a3b</load_address>
         <run_address>0x6a3b</run_address>
         <size>0x305</size>
         <input_file_ref idref="fl-8"/>
      </object_component>
      <object_component id="oc-1d4">
         <name>.debug_info</name>
         <load_address>0x6d40</load_address>
         <run_address>0x6d40</run_address>
         <size>0x93</size>
         <input_file_ref idref="fl-8"/>
      </object_component>
      <object_component id="oc-1d9">
         <name>.debug_info</name>
         <load_address>0x6dd3</load_address>
         <run_address>0x6dd3</run_address>
         <size>0x49f</size>
         <input_file_ref idref="fl-8"/>
      </object_component>
      <object_component id="oc-1e0">
         <name>.debug_info</name>
         <load_address>0x7272</load_address>
         <run_address>0x7272</run_address>
         <size>0x107</size>
         <input_file_ref idref="fl-4d"/>
      </object_component>
      <object_component id="oc-1e1">
         <name>.debug_info</name>
         <load_address>0x7379</load_address>
         <run_address>0x7379</run_address>
         <size>0x90</size>
         <input_file_ref idref="fl-4c"/>
      </object_component>
      <object_component id="oc-1ec">
         <name>.debug_info</name>
         <load_address>0x7409</load_address>
         <run_address>0x7409</run_address>
         <size>0x328</size>
         <input_file_ref idref="fl-a"/>
      </object_component>
      <object_component id="oc-1f6">
         <name>.debug_info</name>
         <load_address>0x7731</load_address>
         <run_address>0x7731</run_address>
         <size>0xbb</size>
         <input_file_ref idref="fl-7"/>
      </object_component>
      <object_component id="oc-1fc">
         <name>.debug_info</name>
         <load_address>0x77ec</load_address>
         <run_address>0x77ec</run_address>
         <size>0xed</size>
         <input_file_ref idref="fl-b"/>
      </object_component>
      <object_component id="oc-1ff">
         <name>.debug_info</name>
         <load_address>0x78d9</load_address>
         <run_address>0x78d9</run_address>
         <size>0x493</size>
         <input_file_ref idref="fl-b"/>
      </object_component>
      <object_component id="oc-204">
         <name>.debug_info</name>
         <load_address>0x7d6c</load_address>
         <run_address>0x7d6c</run_address>
         <size>0x312</size>
         <input_file_ref idref="fl-b"/>
      </object_component>
      <object_component id="oc-206">
         <name>.debug_info</name>
         <load_address>0x807e</load_address>
         <run_address>0x807e</run_address>
         <size>0x3dd</size>
         <input_file_ref idref="fl-b"/>
      </object_component>
      <object_component id="oc-20c">
         <name>.debug_info</name>
         <load_address>0x845b</load_address>
         <run_address>0x845b</run_address>
         <size>0x245</size>
         <input_file_ref idref="fl-b"/>
      </object_component>
      <object_component id="oc-212">
         <name>.debug_info</name>
         <load_address>0x86a0</load_address>
         <run_address>0x86a0</run_address>
         <size>0x28c</size>
         <input_file_ref idref="fl-b"/>
      </object_component>
      <object_component id="oc-219">
         <name>.debug_info</name>
         <load_address>0x892c</load_address>
         <run_address>0x892c</run_address>
         <size>0x112</size>
         <input_file_ref idref="fl-51"/>
      </object_component>
      <object_component id="oc-21c">
         <name>.debug_info</name>
         <load_address>0x8a3e</load_address>
         <run_address>0x8a3e</run_address>
         <size>0x16c</size>
         <input_file_ref idref="fl-b"/>
      </object_component>
      <object_component id="oc-222">
         <name>.debug_info</name>
         <load_address>0x8baa</load_address>
         <run_address>0x8baa</run_address>
         <size>0x227</size>
         <input_file_ref idref="fl-b"/>
      </object_component>
      <object_component id="oc-228">
         <name>.debug_info</name>
         <load_address>0x8dd1</load_address>
         <run_address>0x8dd1</run_address>
         <size>0x294</size>
         <input_file_ref idref="fl-b"/>
      </object_component>
      <object_component id="oc-22e">
         <name>.debug_info</name>
         <load_address>0x9065</load_address>
         <run_address>0x9065</run_address>
         <size>0x2a5</size>
         <input_file_ref idref="fl-b"/>
      </object_component>
      <object_component id="oc-236">
         <name>.debug_info</name>
         <load_address>0x930a</load_address>
         <run_address>0x930a</run_address>
         <size>0x247</size>
         <input_file_ref idref="fl-b"/>
      </object_component>
      <object_component id="oc-23c">
         <name>.debug_info</name>
         <load_address>0x9551</load_address>
         <run_address>0x9551</run_address>
         <size>0x135</size>
         <input_file_ref idref="fl-c"/>
      </object_component>
      <object_component id="oc-242">
         <name>.debug_info</name>
         <load_address>0x9686</load_address>
         <run_address>0x9686</run_address>
         <size>0x27f</size>
         <input_file_ref idref="fl-b"/>
      </object_component>
      <object_component id="oc-248">
         <name>.debug_info</name>
         <load_address>0x9905</load_address>
         <run_address>0x9905</run_address>
         <size>0x228</size>
         <input_file_ref idref="fl-b"/>
      </object_component>
      <object_component id="oc-24e">
         <name>.debug_info</name>
         <load_address>0x9b2d</load_address>
         <run_address>0x9b2d</run_address>
         <size>0xda</size>
         <input_file_ref idref="fl-49"/>
      </object_component>
      <object_component id="oc-254">
         <name>.debug_info</name>
         <load_address>0x9c07</load_address>
         <run_address>0x9c07</run_address>
         <size>0xe9</size>
         <input_file_ref idref="fl-40"/>
      </object_component>
      <object_component id="oc-25a">
         <name>.debug_info</name>
         <load_address>0x9cf0</load_address>
         <run_address>0x9cf0</run_address>
         <size>0xda</size>
         <input_file_ref idref="fl-4b"/>
      </object_component>
      <object_component id="oc-25f">
         <name>.debug_info</name>
         <load_address>0x9dca</load_address>
         <run_address>0x9dca</run_address>
         <size>0x234</size>
         <input_file_ref idref="fl-b"/>
      </object_component>
      <object_component id="oc-265">
         <name>.debug_info</name>
         <load_address>0x9ffe</load_address>
         <run_address>0x9ffe</run_address>
         <size>0x179</size>
         <input_file_ref idref="fl-b"/>
      </object_component>
      <object_component id="oc-26b">
         <name>.debug_info</name>
         <load_address>0xa177</load_address>
         <run_address>0xa177</run_address>
         <size>0x2b2</size>
         <input_file_ref idref="fl-c"/>
      </object_component>
      <object_component id="oc-271">
         <name>.debug_info</name>
         <load_address>0xa429</load_address>
         <run_address>0xa429</run_address>
         <size>0x1ce</size>
         <input_file_ref idref="fl-b"/>
      </object_component>
      <object_component id="oc-279">
         <name>.debug_info</name>
         <load_address>0xa5f7</load_address>
         <run_address>0xa5f7</run_address>
         <size>0xbb</size>
         <input_file_ref idref="fl-8"/>
      </object_component>
      <object_component id="oc-27f">
         <name>.debug_info</name>
         <load_address>0xa6b2</load_address>
         <run_address>0xa6b2</run_address>
         <size>0xf3</size>
         <input_file_ref idref="fl-4"/>
      </object_component>
      <object_component id="oc-285">
         <name>.debug_info</name>
         <load_address>0xa7a5</load_address>
         <run_address>0xa7a5</run_address>
         <size>0x19e</size>
         <input_file_ref idref="fl-4"/>
      </object_component>
      <object_component id="oc-28b">
         <name>.debug_info</name>
         <load_address>0xa943</load_address>
         <run_address>0xa943</run_address>
         <size>0xf7</size>
         <input_file_ref idref="fl-4"/>
      </object_component>
      <object_component id="oc-291">
         <name>.debug_info</name>
         <load_address>0xaa3a</load_address>
         <run_address>0xaa3a</run_address>
         <size>0x89</size>
         <input_file_ref idref="fl-2"/>
      </object_component>
      <object_component id="oc-298">
         <name>.debug_info</name>
         <load_address>0xaac3</load_address>
         <run_address>0xaac3</run_address>
         <size>0x19b</size>
         <input_file_ref idref="fl-b"/>
      </object_component>
      <object_component id="oc-2a0">
         <name>.debug_info</name>
         <load_address>0xac5e</load_address>
         <run_address>0xac5e</run_address>
         <size>0x18b</size>
         <input_file_ref idref="fl-6"/>
      </object_component>
      <object_component id="oc-2a5">
         <name>.debug_info</name>
         <load_address>0xade9</load_address>
         <run_address>0xade9</run_address>
         <size>0x86</size>
         <input_file_ref idref="fl-7"/>
      </object_component>
      <object_component id="oc-2aa">
         <name>.debug_info</name>
         <load_address>0xae6f</load_address>
         <run_address>0xae6f</run_address>
         <size>0x2c</size>
         <input_file_ref idref="fl-5"/>
      </object_component>
      <object_component id="oc-2c0">
         <name>.debug_info</name>
         <load_address>0xae9b</load_address>
         <run_address>0xae9b</run_address>
         <size>0x234</size>
         <input_file_ref idref="fl-a"/>
      </object_component>
      <object_component id="oc-2c6">
         <name>.debug_info</name>
         <load_address>0xb0cf</load_address>
         <run_address>0xb0cf</run_address>
         <size>0x2ae</size>
         <input_file_ref idref="fl-a"/>
      </object_component>
      <object_component id="oc-2cc">
         <name>.debug_info</name>
         <load_address>0xb37d</load_address>
         <run_address>0xb37d</run_address>
         <size>0x2b0</size>
         <input_file_ref idref="fl-a"/>
      </object_component>
      <object_component id="oc-2d6">
         <name>.debug_info</name>
         <load_address>0xb62d</load_address>
         <run_address>0xb62d</run_address>
         <size>0x70</size>
         <input_file_ref idref="fl-b"/>
      </object_component>
      <object_component id="oc-2dc">
         <name>.debug_info</name>
         <load_address>0xb69d</load_address>
         <run_address>0xb69d</run_address>
         <size>0x14d</size>
         <input_file_ref idref="fl-c"/>
      </object_component>
      <object_component id="oc-2e2">
         <name>.debug_info</name>
         <load_address>0xb7ea</load_address>
         <run_address>0xb7ea</run_address>
         <size>0x3cc</size>
         <input_file_ref idref="fl-c"/>
      </object_component>
      <object_component id="oc-2e8">
         <name>.debug_info</name>
         <load_address>0xbbb6</load_address>
         <run_address>0xbbb6</run_address>
         <size>0x16a</size>
         <input_file_ref idref="fl-b"/>
      </object_component>
      <object_component id="oc-2ee">
         <name>.debug_info</name>
         <load_address>0xbd20</load_address>
         <run_address>0xbd20</run_address>
         <size>0xd9</size>
         <input_file_ref idref="fl-4f"/>
      </object_component>
      <object_component id="oc-2f3">
         <name>.debug_info</name>
         <load_address>0xbdf9</load_address>
         <run_address>0xbdf9</run_address>
         <size>0xd7</size>
         <input_file_ref idref="fl-43"/>
      </object_component>
      <object_component id="oc-2f9">
         <name>.debug_info</name>
         <load_address>0xbed0</load_address>
         <run_address>0xbed0</run_address>
         <size>0x399</size>
         <input_file_ref idref="fl-b"/>
      </object_component>
      <object_component id="oc-2ff">
         <name>.debug_info</name>
         <load_address>0xc269</load_address>
         <run_address>0xc269</run_address>
         <size>0x217</size>
         <input_file_ref idref="fl-b"/>
      </object_component>
      <object_component id="oc-308">
         <name>.debug_info</name>
         <load_address>0xc480</load_address>
         <run_address>0xc480</run_address>
         <size>0x8b</size>
         <input_file_ref idref="fl-51"/>
      </object_component>
      <object_component id="oc-311">
         <name>.debug_info</name>
         <load_address>0xc50b</load_address>
         <run_address>0xc50b</run_address>
         <size>0x2ca</size>
         <input_file_ref idref="fl-b"/>
      </object_component>
      <object_component id="oc-317">
         <name>.debug_info</name>
         <load_address>0xc7d5</load_address>
         <run_address>0xc7d5</run_address>
         <size>0x1d2</size>
         <input_file_ref idref="fl-b"/>
      </object_component>
      <object_component id="oc-320">
         <name>.debug_info</name>
         <load_address>0xc9a7</load_address>
         <run_address>0xc9a7</run_address>
         <size>0x28a</size>
         <input_file_ref idref="fl-b"/>
      </object_component>
      <object_component id="oc-327">
         <name>.debug_info</name>
         <load_address>0xcc31</load_address>
         <run_address>0xcc31</run_address>
         <size>0x2c9</size>
         <input_file_ref idref="fl-c"/>
      </object_component>
      <object_component id="oc-333">
         <name>.debug_info</name>
         <load_address>0xcefa</load_address>
         <run_address>0xcefa</run_address>
         <size>0xda</size>
         <input_file_ref idref="fl-c"/>
      </object_component>
      <object_component id="oc-336">
         <name>.debug_info</name>
         <load_address>0xcfd4</load_address>
         <run_address>0xcfd4</run_address>
         <size>0x263</size>
         <input_file_ref idref="fl-c"/>
      </object_component>
      <object_component id="oc-33c">
         <name>.debug_info</name>
         <load_address>0xd237</load_address>
         <run_address>0xd237</run_address>
         <size>0x218</size>
         <input_file_ref idref="fl-c"/>
      </object_component>
      <object_component id="oc-342">
         <name>.debug_info</name>
         <load_address>0xd44f</load_address>
         <run_address>0xd44f</run_address>
         <size>0x148</size>
         <input_file_ref idref="fl-c"/>
      </object_component>
      <object_component id="oc-348">
         <name>.debug_info</name>
         <load_address>0xd597</load_address>
         <run_address>0xd597</run_address>
         <size>0x2ac</size>
         <input_file_ref idref="fl-c"/>
      </object_component>
      <object_component id="oc-34e">
         <name>.debug_info</name>
         <load_address>0xd843</load_address>
         <run_address>0xd843</run_address>
         <size>0x177</size>
         <input_file_ref idref="fl-b"/>
      </object_component>
      <object_component id="oc-358">
         <name>.debug_info</name>
         <load_address>0xd9ba</load_address>
         <run_address>0xd9ba</run_address>
         <size>0xe9</size>
         <input_file_ref idref="fl-c"/>
      </object_component>
      <object_component id="oc-35c">
         <name>.debug_info</name>
         <load_address>0xdaa3</load_address>
         <run_address>0xdaa3</run_address>
         <size>0x13c</size>
         <input_file_ref idref="fl-a"/>
      </object_component>
      <object_component id="oc-362">
         <name>.debug_info</name>
         <load_address>0xdbdf</load_address>
         <run_address>0xdbdf</run_address>
         <size>0x14b</size>
         <input_file_ref idref="fl-c"/>
      </object_component>
      <object_component id="oc-368">
         <name>.debug_info</name>
         <load_address>0xdd2a</load_address>
         <run_address>0xdd2a</run_address>
         <size>0x13a</size>
         <input_file_ref idref="fl-a"/>
      </object_component>
      <object_component id="oc-373">
         <name>.debug_info</name>
         <load_address>0xde64</load_address>
         <run_address>0xde64</run_address>
         <size>0x1ce</size>
         <input_file_ref idref="fl-b"/>
      </object_component>
      <object_component id="oc-37a">
         <name>.debug_info</name>
         <load_address>0xe032</load_address>
         <run_address>0xe032</run_address>
         <size>0x1f5</size>
         <input_file_ref idref="fl-b"/>
      </object_component>
      <object_component id="oc-384">
         <name>.debug_info</name>
         <load_address>0xe227</load_address>
         <run_address>0xe227</run_address>
         <size>0x1c1</size>
         <input_file_ref idref="fl-c"/>
      </object_component>
      <object_component id="oc-38d">
         <name>.debug_info</name>
         <load_address>0xe3e8</load_address>
         <run_address>0xe3e8</run_address>
         <size>0x152</size>
         <input_file_ref idref="fl-c"/>
      </object_component>
      <object_component id="oc-393">
         <name>.debug_info</name>
         <load_address>0xe53a</load_address>
         <run_address>0xe53a</run_address>
         <size>0x14b</size>
         <input_file_ref idref="fl-c"/>
      </object_component>
      <object_component id="oc-39e">
         <name>.debug_info</name>
         <load_address>0xe685</load_address>
         <run_address>0xe685</run_address>
         <size>0x27e</size>
         <input_file_ref idref="fl-c"/>
      </object_component>
      <object_component id="oc-3a8">
         <name>.debug_info</name>
         <load_address>0xe903</load_address>
         <run_address>0xe903</run_address>
         <size>0x2fa</size>
         <input_file_ref idref="fl-a"/>
      </object_component>
      <object_component id="oc-3b2">
         <name>.debug_info</name>
         <load_address>0xebfd</load_address>
         <run_address>0xebfd</run_address>
         <size>0x1b8</size>
         <input_file_ref idref="fl-c"/>
      </object_component>
      <object_component id="oc-3b9">
         <name>.debug_info</name>
         <load_address>0xedb5</load_address>
         <run_address>0xedb5</run_address>
         <size>0x13a</size>
         <input_file_ref idref="fl-a"/>
      </object_component>
      <object_component id="oc-3c0">
         <name>.debug_info</name>
         <load_address>0xeeef</load_address>
         <run_address>0xeeef</run_address>
         <size>0x2f1</size>
         <input_file_ref idref="fl-a"/>
      </object_component>
      <object_component id="oc-3c7">
         <name>.debug_info</name>
         <load_address>0xf1e0</load_address>
         <run_address>0xf1e0</run_address>
         <size>0xd4</size>
         <input_file_ref idref="fl-3b"/>
      </object_component>
      <object_component id="oc-3cc">
         <name>.debug_info</name>
         <load_address>0xf2b4</load_address>
         <run_address>0xf2b4</run_address>
         <size>0xd4</size>
         <input_file_ref idref="fl-49"/>
      </object_component>
      <object_component id="oc-3d2">
         <name>.debug_info</name>
         <load_address>0xf388</load_address>
         <run_address>0xf388</run_address>
         <size>0x33d</size>
         <input_file_ref idref="fl-a"/>
      </object_component>
      <object_component id="oc-448">
         <name>.debug_info</name>
         <load_address>0xf6c5</load_address>
         <run_address>0xf6c5</run_address>
         <size>0xa8</size>
      </object_component>
      <object_component id="oc-6c">
         <name>.debug_aranges</name>
         <load_address>0x0</load_address>
         <run_address>0x0</run_address>
         <size>0x20</size>
         <input_file_ref idref="fl-3c"/>
      </object_component>
      <object_component id="oc-71">
         <name>.debug_aranges</name>
         <load_address>0x20</load_address>
         <run_address>0x20</run_address>
         <size>0x20</size>
         <input_file_ref idref="fl-3d"/>
      </object_component>
      <object_component id="oc-76">
         <name>.debug_aranges</name>
         <load_address>0x40</load_address>
         <run_address>0x40</run_address>
         <size>0x20</size>
         <input_file_ref idref="fl-3f"/>
      </object_component>
      <object_component id="oc-7b">
         <name>.debug_aranges</name>
         <load_address>0x60</load_address>
         <run_address>0x60</run_address>
         <size>0x20</size>
         <input_file_ref idref="fl-3e"/>
      </object_component>
      <object_component id="oc-81">
         <name>.debug_aranges</name>
         <load_address>0x80</load_address>
         <run_address>0x80</run_address>
         <size>0x20</size>
         <input_file_ref idref="fl-7"/>
      </object_component>
      <object_component id="oc-88">
         <name>.debug_aranges</name>
         <load_address>0xa0</load_address>
         <run_address>0xa0</run_address>
         <size>0x20</size>
         <input_file_ref idref="fl-7"/>
      </object_component>
      <object_component id="oc-91">
         <name>.debug_aranges</name>
         <load_address>0xc0</load_address>
         <run_address>0xc0</run_address>
         <size>0x20</size>
         <input_file_ref idref="fl-50"/>
      </object_component>
      <object_component id="oc-96">
         <name>.debug_aranges</name>
         <load_address>0xe0</load_address>
         <run_address>0xe0</run_address>
         <size>0x20</size>
         <input_file_ref idref="fl-54"/>
      </object_component>
      <object_component id="oc-9b">
         <name>.debug_aranges</name>
         <load_address>0x100</load_address>
         <run_address>0x100</run_address>
         <size>0x20</size>
         <input_file_ref idref="fl-7"/>
      </object_component>
      <object_component id="oc-a1">
         <name>.debug_aranges</name>
         <load_address>0x120</load_address>
         <run_address>0x120</run_address>
         <size>0x20</size>
         <input_file_ref idref="fl-45"/>
      </object_component>
      <object_component id="oc-a7">
         <name>.debug_aranges</name>
         <load_address>0x140</load_address>
         <run_address>0x140</run_address>
         <size>0x20</size>
         <input_file_ref idref="fl-4c"/>
      </object_component>
      <object_component id="oc-b8">
         <name>.debug_aranges</name>
         <load_address>0x160</load_address>
         <run_address>0x160</run_address>
         <size>0x20</size>
         <input_file_ref idref="fl-3e"/>
      </object_component>
      <object_component id="oc-c4">
         <name>.debug_aranges</name>
         <load_address>0x180</load_address>
         <run_address>0x180</run_address>
         <size>0x20</size>
         <input_file_ref idref="fl-8"/>
      </object_component>
      <object_component id="oc-ca">
         <name>.debug_aranges</name>
         <load_address>0x1a0</load_address>
         <run_address>0x1a0</run_address>
         <size>0x20</size>
         <input_file_ref idref="fl-8"/>
      </object_component>
      <object_component id="oc-d0">
         <name>.debug_aranges</name>
         <load_address>0x1c0</load_address>
         <run_address>0x1c0</run_address>
         <size>0x20</size>
         <input_file_ref idref="fl-8"/>
      </object_component>
      <object_component id="oc-d6">
         <name>.debug_aranges</name>
         <load_address>0x1e0</load_address>
         <run_address>0x1e0</run_address>
         <size>0x20</size>
         <input_file_ref idref="fl-8"/>
      </object_component>
      <object_component id="oc-e6">
         <name>.debug_aranges</name>
         <load_address>0x200</load_address>
         <run_address>0x200</run_address>
         <size>0x20</size>
         <input_file_ref idref="fl-41"/>
      </object_component>
      <object_component id="oc-fe">
         <name>.debug_aranges</name>
         <load_address>0x220</load_address>
         <run_address>0x220</run_address>
         <size>0x20</size>
         <input_file_ref idref="fl-44"/>
      </object_component>
      <object_component id="oc-104">
[...]
         <value>0x6626</value>
         <object_component_ref idref="oc-146"/>
      </symbol>
      <symbol id="sm-976">
         <name>f_close</name>
         <value>0x73ee</value>
         <object_component_ref idref="oc-18b"/>
      </symbol>
      <symbol id="sm-977">
         <name>f_open</name>
         <value>0x4aea</value>
         <object_component_ref idref="oc-163"/>
      </symbol>
      <symbol id="sm-978">
         <name>f_mount</name>
         <value>0x70d6</value>
         <object_component_ref idref="oc-140"/>
      </symbol>
      <symbol id="sm-979">
         <name>f_readdir</name>
         <value>0x6972</value>
         <object_component_ref idref="oc-157"/>
      </symbol>
      <symbol id="sm-97a">
         <name>get_fat</name>
         <value>0x56ea</value>
         <object_component_ref idref="oc-25e"/>
      </symbol>
      <symbol id="sm-a58">
         <name>get_fattime</name>
         <value>0x74d4</value>
         <object_component_ref idref="oc-23b"/>
      </symbol>
      <symbol id="sm-a59">
         <name>disk_status</name>
         <value>0x72de</value>
         <object_component_ref idref="oc-2db"/>
      </symbol>
      <symbol id="sm-a5a">
         <name>INS</name>
         <value>0x3fa2</value>
         <object_component_ref idref="oc-357"/>
      </symbol>
      <symbol id="sm-a5b">
         <name>disk_read</name>
         <value>0x66c6</value>
         <object_component_ref idref="oc-26a"/>
      </symbol>
      <symbol id="sm-a5c">
         <name>disk_initialize</name>
         <value>0x55a0</value>
         <object_component_ref idref="oc-2e1"/>
      </symbol>
      <symbol id="sm-a5d">
         <name>disk_ioctl</name>
         <value>0x5a60</value>
         <object_component_ref idref="oc-39d"/>
      </symbol>
      <symbol id="sm-a5e">
         <name>disk_write</name>
         <value>0x613a</value>
         <object_component_ref idref="oc-326"/>
      </symbol>
      <symbol id="sm-a66">
         <name>__mspabi_srai</name>
         <value>0x7104</value>
         <object_component_ref idref="oc-3c6"/>
      </symbol>
      <symbol id="sm-a67">
         <name>__mspabi_srai_8</name>
         <value>0x711e</value>
         <object_component_ref idref="oc-3c6"/>
      </symbol>
      <symbol id="sm-a68">
         <name>__mspabi_srai_9</name>
         <value>0x711c</value>
         <object_component_ref idref="oc-3c6"/>
      </symbol>
      <symbol id="sm-a69">
         <name>__mspabi_srai_6</name>
         <value>0x7122</value>
         <object_component_ref idref="oc-3c6"/>
      </symbol>
      <symbol id="sm-a6a">
         <name>__mspabi_srai_7</name>
         <value>0x7120</value>
         <object_component_ref idref="oc-3c6"/>
      </symbol>
      <symbol id="sm-a6b">
         <name>__mspabi_srai_4</name>
         <value>0x7126</value>
         <object_component_ref idref="oc-3c6"/>
      </symbol>
      <symbol id="sm-a6c">
         <name>__mspabi_srai_5</name>
         <value>0x7124</value>
         <object_component_ref idref="oc-3c6"/>
      </symbol>
      <symbol id="sm-a6d">
         <name>__mspabi_srai_2</name>
         <value>0x712a</value>
         <object_component_ref idref="oc-3c6"/>
      </symbol>
      <symbol id="sm-a6e">
         <name>__mspabi_srai_3</name>
         <value>0x7128</value>
         <object_component_ref idref="oc-3c6"/>
      </symbol>
      <symbol id="sm-a6f">
         <name>__mspabi_srai_1</name>
         <value>0x712c</value>
         <object_component_ref idref="oc-3c6"/>
      </symbol>
      <symbol id="sm-a70">
         <name>__mspabi_srai_15</name>
         <value>0x7110</value>
         <object_component_ref idref="oc-3c6"/>
      </symbol>
      <symbol id="sm-a71">
         <name>__mspabi_srai_14</name>
         <value>0x7112</value>
         <object_component_ref idref="oc-3c6"/>
      </symbol>
      <symbol id="sm-a72">
         <name>__mspabi_srai_13</name>
         <value>0x7114</value>
         <object_component_ref idref="oc-3c6"/>
      </symbol>
      <symbol id="sm-a73">
         <name>__mspabi_srai_12</name>
         <value>0x7116</value>
         <object_component_ref idref="oc-3c6"/>
      </symbol>
      <symbol id="sm-a74">
         <name>__mspabi_srai_11</name>
         <value>0x7118</value>
         <object_component_ref idref="oc-3c6"/>
      </symbol>
      <symbol id="sm-a75">
         <name>__mspabi_srai_10</name>
         <value>0x711a</value>
         <object_component_ref idref="oc-3c6"/>
      </symbol>
      <symbol id="sm-a89">
         <name>_c_int00_noexit</name>
         <value>0x7354</value>
         <object_component_ref idref="oc-69"/>
      </symbol>
      <symbol id="sm-a8a">
         <name>_c_int00</name>
         <value>0x7354</value>
         <object_component_ref idref="oc-69"/>
      </symbol>
      <symbol id="sm-a8b">
         <name>_stack</name>
         <value>0x4360</value>
         <object_component_ref idref="oc-8c"/>
      </symbol>
      <symbol id="sm-a8c">
         <name>_reset_vector</name>
         <value>0xfffe</value>
         <object_component_ref idref="oc-6a"/>
      </symbol>
      <symbol id="sm-aa1">
         <name>__TI_decompress_none</name>
         <value>0x7450</value>
         <object_component_ref idref="oc-6f"/>
      </symbol>
      <symbol id="sm-acb">
         <name>__TI_decompress_rle24</name>
         <value>0x74fc</value>
         <object_component_ref idref="oc-79"/>
      </symbol>
      <symbol id="sm-add">
         <name>__TI_zero_init</name>
         <value>0x73da</value>
         <object_component_ref idref="oc-74"/>
      </symbol>
      <symbol id="sm-ae9">
         <name>__mspabi_remi</name>
         <value>0x7130</value>
         <object_component_ref idref="oc-253"/>
      </symbol>
      <symbol id="sm-aea">
         <name>__mspabi_divi</name>
         <value>0x7130</value>
         <object_component_ref idref="oc-253"/>
      </symbol>
      <symbol id="sm-af4">
         <name>__mspabi_remu</name>
         <value>0x739c</value>
         <object_component_ref idref="oc-e4"/>
      </symbol>
      <symbol id="sm-af5">
         <name>__mspabi_divu</name>
         <value>0x739c</value>
         <object_component_ref idref="oc-e4"/>
      </symbol>
      <symbol id="sm-b04">
         <name>__mspabi_remul</name>
         <value>0x6de4</value>
         <object_component_ref idref="oc-2f2"/>
      </symbol>
      <symbol id="sm-b05">
         <name>__mspabi_divul</name>
         <value>0x6de4</value>
         <object_component_ref idref="oc-2f2"/>
      </symbol>
      <symbol id="sm-b0d">
         <name>__mspabi_func_epilog_2</name>
         <value>0x74c0</value>
         <object_component_ref idref="oc-fc"/>
      </symbol>
      <symbol id="sm-b0e">
         <name>__mspabi_func_epilog_3</name>
         <value>0x74be</value>
         <object_component_ref idref="oc-fc"/>
      </symbol>
      <symbol id="sm-b0f">
         <name>__mspabi_func_epilog_1</name>
         <value>0x74c2</value>
         <object_component_ref idref="oc-fc"/>
      </symbol>
      <symbol id="sm-b10">
         <name>__mspabi_func_epilog_6</name>
         <value>0x74b8</value>
         <object_component_ref idref="oc-fc"/>
      </symbol>
      <symbol id="sm-b11">
         <name>__mspabi_func_epilog_7</name>
         <value>0x74b6</value>
         <object_component_ref idref="oc-fc"/>
      </symbol>
      <symbol id="sm-b12">
         <name>__mspabi_func_epilog_4</name>
         <value>0x74bc</value>
         <object_component_ref idref="oc-fc"/>
      </symbol>
      <symbol id="sm-b13">
         <name>__mspabi_func_epilog_5</name>
         <value>0x74ba</value>
         <object_component_ref idref="oc-fc"/>
      </symbol>
      <symbol id="sm-b1c">
         <name>C$$EXIT</name>
         <value>0x7512</value>
         <object_component_ref idref="oc-9f"/>
      </symbol>
      <symbol id="sm-b1d">
         <name>abort</name>
         <value>0x7512</value>
         <object_component_ref idref="oc-9f"/>
      </symbol>
      <symbol id="sm-b2d">
         <name>__mspabi_cmpf</name>
         <value>0x6ed4</value>
         <object_component_ref idref="oc-1b1"/>
      </symbol>
      <symbol id="sm-b37">
         <name>__mspabi_fltuf</name>
         <value>0x7254</value>
         <object_component_ref idref="oc-1ac"/>
      </symbol>
      <symbol id="sm-b3f">
         <name>__mspabi_slli</name>
         <value>0x715c</value>
         <object_component_ref idref="oc-175"/>
      </symbol>
      <symbol id="sm-b40">
         <name>__mspabi_slli_9</name>
         <value>0x7174</value>
         <object_component_ref idref="oc-175"/>
      </symbol>
      <symbol id="sm-b41">
         <name>__mspabi_slli_8</name>
         <value>0x7176</value>
         <object_component_ref idref="oc-175"/>
      </symbol>
      <symbol id="sm-b42">
         <name>__mspabi_slli_7</name>
         <value>0x7178</value>
         <object_component_ref idref="oc-175"/>
      </symbol>
      <symbol id="sm-b43">
         <name>__mspabi_slli_6</name>
         <value>0x717a</value>
         <object_component_ref idref="oc-175"/>
      </symbol>
      <symbol id="sm-b44">
         <name>__mspabi_slli_5</name>
         <value>0x717c</value>
         <object_component_ref idref="oc-175"/>
      </symbol>
      <symbol id="sm-b45">
         <name>__mspabi_slli_4</name>
         <value>0x717e</value>
         <object_component_ref idref="oc-175"/>
      </symbol>
      <symbol id="sm-b46">
         <name>__mspabi_slli_3</name>
         <value>0x7180</value>
         <object_component_ref idref="oc-175"/>
      </symbol>
      <symbol id="sm-b47">
         <name>__mspabi_slli_2</name>
         <value>0x7182</value>
         <object_component_ref idref="oc-175"/>
      </symbol>
      <symbol id="sm-b48">
         <name>__mspabi_slli_1</name>
         <value>0x7184</value>
         <object_component_ref idref="oc-175"/>
      </symbol>
      <symbol id="sm-b49">
         <name>__mspabi_slli_15</name>
         <value>0x7168</value>
         <object_component_ref idref="oc-175"/>
      </symbol>
      <symbol id="sm-b4a">
         <name>__mspabi_slli_14</name>
         <value>0x716a</value>
         <object_component_ref idref="oc-175"/>
      </symbol>
      <symbol id="sm-b4b">
         <name>__mspabi_slli_13</name>
         <value>0x716c</value>
         <object_component_ref idref="oc-175"/>
      </symbol>
      <symbol id="sm-b4c">
         <name>__mspabi_slli_12</name>
         <value>0x716e</value>
         <object_component_ref idref="oc-175"/>
      </symbol>
      <symbol id="sm-b4d">
         <name>__mspabi_slli_11</name>
         <value>0x7170</value>
         <object_component_ref idref="oc-175"/>
      </symbol>
      <symbol id="sm-b4e">
         <name>__mspabi_slli_10</name>
         <value>0x7172</value>
         <object_component_ref idref="oc-175"/>
      </symbol>
      <symbol id="sm-b5e">
         <name>__mspabi_slll_9</name>
         <value>0x6f74</value>
         <object_component_ref idref="oc-24d"/>
      </symbol>
      <symbol id="sm-b5f">
         <name>__mspabi_slll_8</name>
         <value>0x6f78</value>
         <object_component_ref idref="oc-24d"/>
      </symbol>
      <symbol id="sm-b60">
         <name>__mspabi_slll_7</name>
         <value>0x6f7c</value>
         <object_component_ref idref="oc-24d"/>
      </symbol>
      <symbol id="sm-b61">
         <name>__mspabi_slll_6</name>
         <value>0x6f80</value>
         <object_component_ref idref="oc-24d"/>
      </symbol>
      <symbol id="sm-b62">
         <name>__mspabi_slll_5</name>
         <value>0x6f84</value>
         <object_component_ref idref="oc-24d"/>
      </symbol>
      <symbol id="sm-b63">
         <name>__mspabi_slll_4</name>
         <value>0x6f88</value>
         <object_component_ref idref="oc-24d"/>
      </symbol>
      <symbol id="sm-b64">
         <name>__mspabi_slll_3</name>
         <value>0x6f8c</value>
         <object_component_ref idref="oc-24d"/>
      </symbol>
      <symbol id="sm-b65">
         <name>__mspabi_slll_2</name>
         <value>0x6f90</value>
         <object_component_ref idref="oc-24d"/>
      </symbol>
      <symbol id="sm-b66">
         <name>__mspabi_slll_1</name>
         <value>0x6f94</value>
         <object_component_ref idref="oc-24d"/>
      </symbol>
      <symbol id="sm-b67">
         <name>__mspabi_slll</name>
         <value>0x7486</value>
         <object_component_ref idref="oc-3cb"/>
      </symbol>
      <symbol id="sm-b68">
         <name>__mspabi_slll_15</name>
         <value>0x6f5c</value>
         <object_component_ref idref="oc-24d"/>
      </symbol>
      <symbol id="sm-b69">
         <name>__mspabi_slll_14</name>
         <value>0x6f60</value>
         <object_component_ref idref="oc-24d"/>
      </symbol>
      <symbol id="sm-b6a">
         <name>__mspabi_slll_13</name>
         <value>0x6f64</value>
         <object_component_ref idref="oc-24d"/>
      </symbol>
      <symbol id="sm-b6b">
         <name>__mspabi_slll_12</name>
         <value>0x6f68</value>
         <object_component_ref idref="oc-24d"/>
      </symbol>
      <symbol id="sm-b6c">
         <name>__mspabi_slll_11</name>
         <value>0x6f6c</value>
         <object_component_ref idref="oc-24d"/>
      </symbol>
      <symbol id="sm-b6d">
         <name>__mspabi_slll_10</name>
         <value>0x6f70</value>
         <object_component_ref idref="oc-24d"/>
      </symbol>
      <symbol id="sm-b75">
         <name>__mspabi_srli_8</name>
         <value>0x6eb2</value>
         <object_component_ref idref="oc-186"/>
      </symbol>
      <symbol id="sm-b76">
         <name>__mspabi_srli_9</name>
         <value>0x6eae</value>
         <object_component_ref idref="oc-186"/>
      </symbol>
      <symbol id="sm-b77">
         <name>__mspabi_srli_6</name>
         <value>0x6eba</value>
         <object_component_ref idref="oc-186"/>
      </symbol>
      <symbol id="sm-b78">
         <name>__mspabi_srli_7</name>
         <value>0x6eb6</value>
         <object_component_ref idref="oc-186"/>
      </symbol>
      <symbol id="sm-b79">
         <name>__mspabi_srli_4</name>
         <value>0x6ec2</value>
         <object_component_ref idref="oc-186"/>
      </symbol>
      <symbol id="sm-b7a">
         <name>__mspabi_srli_5</name>
         <value>0x6ebe</value>
         <object_component_ref idref="oc-186"/>
      </symbol>
      <symbol id="sm-b7b">
         <name>__mspabi_srli_2</name>
         <value>0x6eca</value>
         <object_component_ref idref="oc-186"/>
      </symbol>
      <symbol id="sm-b7c">
         <name>__mspabi_srli_3</name>
         <value>0x6ec6</value>
         <object_component_ref idref="oc-186"/>
      </symbol>
      <symbol id="sm-b7d">
         <name>__mspabi_srli_1</name>
         <value>0x6ece</value>
         <object_component_ref idref="oc-186"/>
      </symbol>
      <symbol id="sm-b7e">
         <name>__mspabi_srli</name>
         <value>0x6e88</value>
         <object_component_ref idref="oc-186"/>
      </symbol>
      <symbol id="sm-b7f">
         <name>__mspabi_srli_15</name>
         <value>0x6e96</value>
         <object_component_ref idref="oc-186"/>
      </symbol>
      <symbol id="sm-b80">
         <name>__mspabi_srli_14</name>
         <value>0x6e9a</value>
         <object_component_ref idref="oc-186"/>
      </symbol>
      <symbol id="sm-b81">
         <name>__mspabi_srli_13</name>
         <value>0x6e9e</value>
         <object_component_ref idref="oc-186"/>
      </symbol>
      <symbol id="sm-b82">
         <name>__mspabi_srli_12</name>
         <value>0x6ea2</value>
         <object_component_ref idref="oc-186"/>
      </symbol>
      <symbol id="sm-b83">
         <name>__mspabi_srli_11</name>
         <value>0x6ea6</value>
         <object_component_ref idref="oc-186"/>
      </symbol>
      <symbol id="sm-b84">
         <name>__mspabi_srli_10</name>
         <value>0x6eaa</value>
         <object_component_ref idref="oc-186"/>
      </symbol>
      <symbol id="sm-b8c">
         <name>__mspabi_srll_8</name>
         <value>0x6ca6</value>
         <object_component_ref idref="oc-259"/>
      </symbol>
      <symbol id="sm-b8d">
         <name>__mspabi_srll_9</name>
         <value>0x6ca0</value>
         <object_component_ref idref="oc-259"/>
      </symbol>
      <symbol id="sm-b8e">
         <name>__mspabi_srll_6</name>
         <value>0x6cb2</value>
         <object_component_ref idref="oc-259"/>
      </symbol>
      <symbol id="sm-b8f">
         <name>__mspabi_srll_7</name>
         <value>0x6cac</value>
         <object_component_ref idref="oc-259"/>
      </symbol>
      <symbol id="sm-b90">
         <name>__mspabi_srll_4</name>
         <value>0x6cbe</value>
         <object_component_ref idref="oc-259"/>
      </symbol>
      <symbol id="sm-b91">
         <name>__mspabi_srll_5</name>
         <value>0x6cb8</value>
         <object_component_ref idref="oc-259"/>
      </symbol>
      <symbol id="sm-b92">
         <name>__mspabi_srll_2</name>
         <value>0x6cca</value>
         <object_component_ref idref="oc-259"/>
      </symbol>
      <symbol id="sm-b93">
         <name>__mspabi_srll_3</name>
         <value>0x6cc4</value>
         <object_component_ref idref="oc-259"/>
      </symbol>
      <symbol id="sm-b94">
         <name>__mspabi_srll_1</name>
         <value>0x6cd0</value>
         <object_component_ref idref="oc-259"/>
      </symbol>
      <symbol id="sm-b95">
         <name>__mspabi_srll_15</name>
         <value>0x6c7c</value>
         <object_component_ref idref="oc-259"/>
      </symbol>
      <symbol id="sm-b96">
         <name>__mspabi_srll_14</name>
         <value>0x6c82</value>
         <object_component_ref idref="oc-259"/>
      </symbol>
      <symbol id="sm-b97">
         <name>__mspabi_srll_13</name>
         <value>0x6c88</value>
         <object_component_ref idref="oc-259"/>
      </symbol>
      <symbol id="sm-b98">
         <name>__mspabi_srll_12</name>
         <value>0x6c8e</value>
         <object_component_ref idref="oc-259"/>
      </symbol>
      <symbol id="sm-b99">
         <name>__mspabi_srll_11</name>
         <value>0x6c94</value>
         <object_component_ref idref="oc-259"/>
      </symbol>
      <symbol id="sm-b9a">
         <name>__mspabi_srll_10</name>
         <value>0x6c9a</value>
         <object_component_ref idref="oc-259"/>
      </symbol>
      <symbol id="sm-bac">
         <name>memcpy</name>
         <value>0x7474</value>
         <object_component_ref idref="oc-a5"/>
      </symbol>
      <symbol id="sm-bb9">
         <name>memset</name>
         <value>0x7416</value>
         <object_component_ref idref="oc-108"/>
      </symbol>
      <symbol id="sm-bc1">
         <name>__mspabi_mpyi_f5hw</name>
         <value>0x742a</value>
         <object_component_ref idref="oc-152"/>
      </symbol>
      <symbol id="sm-bc9">
         <name>__mspabi_mpyl_f5hw</name>
         <value>0x72fe</value>
         <object_component_ref idref="oc-2ed"/>
      </symbol>
      <symbol id="sm-bd1">
         <name>_system_pre_init</name>
         <value>0x750e</value>
         <object_component_ref idref="oc-8f"/>
      </symbol>
      <symbol id="sm-be8">
         <name>strstr</name>
         <value>0x7008</value>
         <object_component_ref idref="oc-14d"/>
      </symbol>
      <symbol id="sm-bf7">
         <name>_auto_init</name>
         <value>0x6b64</value>
         <object_component_ref idref="oc-94"/>
      </symbol>
      <symbol id="sm-bf8">
         <name>__TI_exit</name>
         <value>0x1</value>
      </symbol>
      <symbol id="sm-bf9">
         <name>__TI_args_main</name>
         <value>0x1</value>
      </symbol>
      <symbol id="sm-bfa">
         <name>__TI_INITARRAY_Base</name>
         <value>0x0</value>
      </symbol>
      <symbol id="sm-bfb">
         <name>__TI_INITARRAY_Limit</name>
         <value>0x0</value>
      </symbol>
   </symbol_table>
</link_info>
